[    0.000000] Linux version 6.6.73 (builder@buildhost) (mipsel-openwrt-linux-musl-gcc (OpenWrt GCC 13.3.0 r28427-6df0e3d02a) 13.3.0, GNU ld (GNU Binutils) 2.42) #0 SMP Mon Feb  3 23:09:37 2025
[    0.000000] SoC Type: MediaTek MT7621 ver:1 eco:3
[    0.000000] printk: bootconsole [early0] enabled
[    0.000000] CPU0 revision is: 0001992f (MIPS 1004Kc)
[    0.000000] MIPS: machine is Linksys EA7500 v2
[    0.000000] Initrd not found or empty - disabling initrd
[    0.000000] VPE topology {2,2} total 4
[    0.000000] Primary instruction cache 32kB, VIPT, 4-way, linesize 32 bytes.
[    0.000000] Primary data cache 32kB, 4-way, PIPT, no aliases, linesize 32 bytes
[    0.000000] MIPS secondary cache 256kB, 8-way, linesize 32 bytes.
[    0.000000] Zone ranges:
[    0.000000]   Normal   [mem 0x0000000000000000-0x000000000fffffff]
[    0.000000] Movable zone start for each node
[    0.000000] Early memory node ranges
[    0.000000]   node   0: [mem 0x0000000000000000-0x000000000fffffff]
[    0.000000] Initmem setup node 0 [mem 0x0000000000000000-0x000000000fffffff]
[    0.000000] percpu: Embedded 12 pages/cpu s19136 r8192 d21824 u49152
[    0.000000] pcpu-alloc: s19136 r8192 d21824 u49152 alloc=12*4096
[    0.000000] pcpu-alloc: [0] 0 [0] 1 [0] 2 [0] 3 
[    0.000000] Kernel command line: console=ttyS0,115200 rootfstype=squashfs,jffs2
[    0.000000] Dentry cache hash table entries: 32768 (order: 5, 131072 bytes, linear)
[    0.000000] Inode-cache hash table entries: 16384 (order: 4, 65536 bytes, linear)
[    0.000000] Writing ErrCtl register=00010c80
[    0.000000] Readback ErrCtl register=00010c80
[    0.000000] Built 1 zonelists, mobility grouping on.  Total pages: 64960
[    0.000000] mem auto-init: stack:off, heap alloc:off, heap free:off
[    0.000000] Memory: 247816K/262144K available (8363K kernel code, 653K rwdata, 1016K rodata, 1284K init, 229K bss, 14328K reserved, 0K cma-reserved)
[    0.000000] SLUB: HWalign=32, Order=0-3, MinObjects=0, CPUs=4, Nodes=1
[    0.000000] rcu: Hierarchical RCU implementation.
[    0.000000] 	Tracing variant of Tasks RCU enabled.
[    0.000000] rcu: RCU calculated value of scheduler-enlistment delay is 10 jiffies.
[    0.000000] NR_IRQS: 256
[    0.000000] rcu: srcu_init: Setting srcu_struct sizes based on contention.
[    0.000000] clocksource: GIC: mask: 0xffffffffffffffff max_cycles: 0xcaf478abb4, max_idle_ns: 440795247997 ns
[    0.000004] sched_clock: 64 bits at 880MHz, resolution 1ns, wraps every 4398046511103ns
[    0.008079] Calibrating delay loop... 586.13 BogoMIPS (lpj=2930688)
[    0.066231] pid_max: default: 32768 minimum: 301
[    0.079700] Mount-cache hash table entries: 1024 (order: 0, 4096 bytes, linear)
[    0.086939] Mountpoint-cache hash table entries: 1024 (order: 0, 4096 bytes, linear)
[    0.103575] RCU Tasks Trace: Setting shift to 2 and lim to 1 rcu_task_cb_adjust=1 rcu_task_cpu_ids=4.
[    0.113406] rcu: Hierarchical SRCU implementation.
[    0.118107] rcu: 	Max phase no-delay instances is 1000.
[    0.124160] smp: Bringing up secondary CPUs ...
[    0.129558] Primary instruction cache 32kB, VIPT, 4-way, linesize 32 bytes.
[    0.129586] Primary data cache 32kB, 4-way, PIPT, no aliases, linesize 32 bytes
[    0.129601] MIPS secondary cache 256kB, 8-way, linesize 32 bytes.
[    0.129650] CPU1 revision is: 0001992f (MIPS 1004Kc)
[    0.183620] Synchronize counters for CPU 1: done.
[    0.216214] Primary instruction cache 32kB, VIPT, 4-way, linesize 32 bytes.
[    0.216237] Primary data cache 32kB, 4-way, PIPT, no aliases, linesize 32 bytes
[    0.216250] MIPS secondary cache 256kB, 8-way, linesize 32 bytes.
[    0.216280] CPU2 revision is: 0001992f (MIPS 1004Kc)
[    0.275185] Synchronize counters for CPU 2: done.
[    0.305879] Primary instruction cache 32kB, VIPT, 4-way, linesize 32 bytes.
[    0.305901] Primary data cache 32kB, 4-way, PIPT, no aliases, linesize 32 bytes
[    0.305914] MIPS secondary cache 256kB, 8-way, linesize 32 bytes.
[    0.305948] CPU3 revision is: 0001992f (MIPS 1004Kc)
[    0.360382] Synchronize counters for CPU 3: done.
[    0.390241] smp: Brought up 1 node, 4 CPUs
[    0.401407] clocksource: jiffies: mask: 0xffffffff max_cycles: 0xffffffff, max_idle_ns: 19112604462750000 ns
[    0.411222] futex hash table entries: 1024 (order: 3, 32768 bytes, linear)
[    0.422026] pinctrl core: initialized pinctrl subsystem
[    0.430446] NET: Registered PF_NETLINK/PF_ROUTE protocol family
[    0.437127] thermal_sys: Registered thermal governor 'step_wise'
[    0.438890] /pinctrl: Fixed dependency cycle(s) with /pinctrl/pinctrl0
[    0.455335] FPU Affinity set after 11720 emulations
[    0.466994] clocksource: Switched to clocksource GIC
[    0.481966] NET: Registered PF_INET protocol family
[    0.487088] IP idents hash table entries: 4096 (order: 3, 32768 bytes, linear)
[    0.495943] tcp_listen_portaddr_hash hash table entries: 512 (order: 0, 4096 bytes, linear)
[    0.504274] Table-perturb hash table entries: 65536 (order: 6, 262144 bytes, linear)
[    0.511951] TCP established hash table entries: 2048 (order: 1, 8192 bytes, linear)
[    0.519567] TCP bind hash table entries: 2048 (order: 3, 32768 bytes, linear)
[    0.526753] TCP: Hash tables configured (established 2048 bind 2048)
[    0.534081] MPTCP token hash table entries: 256 (order: 0, 4096 bytes, linear)
[    0.541596] UDP hash table entries: 256 (order: 1, 8192 bytes, linear)
[    0.548084] UDP-Lite hash table entries: 256 (order: 1, 8192 bytes, linear)
[    0.555932] NET: Registered PF_UNIX/PF_LOCAL protocol family
[    0.561612] PCI: CLS 0 bytes, default 32
[    0.569246] workingset: timestamp_bits=14 max_order=16 bucket_order=2
[    0.576792] squashfs: version 4.0 (2009/01/31) Phillip Lougher
[    0.582578] jffs2: version 2.2 (NAND) (SUMMARY) (LZMA) (RTIME) (CMODE_PRIORITY) (c) 2001-2006 Red Hat, Inc.
[    0.598421] Block layer SCSI generic (bsg) driver version 0.4 loaded (major 251)
[    0.609433] mt7621_gpio 1e000600.gpio: registering 32 gpios
[    0.615456] mt7621_gpio 1e000600.gpio: registering 32 gpios
[    0.621507] mt7621_gpio 1e000600.gpio: registering 32 gpios
[    0.627708] mt7621-pci 1e140000.pcie: host bridge /pcie@1e140000 ranges:
[    0.634355] mt7621-pci 1e140000.pcie:   No bus range found for /pcie@1e140000, using [bus 00-ff]
[    0.643132] mt7621-pci 1e140000.pcie:      MEM 0x0060000000..0x006fffffff -> 0x0060000000
[    0.651240] mt7621-pci 1e140000.pcie:       IO 0x001e160000..0x001e16ffff -> 0x0000000000
[    1.017011] mt7621-pci 1e140000.pcie: pcie2 no card, disable it (RST & CLK)
[    1.023917] mt7621-pci 1e140000.pcie: PCIE0 enabled
[    1.028797] mt7621-pci 1e140000.pcie: PCIE1 enabled
[    1.033771] PCI coherence region base: 0x60000000, mask/settings: 0xf0000002
[    1.040986] mt7621-pci 1e140000.pcie: PCI host bridge to bus 0000:00
[    1.047313] pci_bus 0000:00: root bus resource [bus 00-ff]
[    1.052721] pci_bus 0000:00: root bus resource [mem 0x60000000-0x6fffffff]
[    1.059572] pci_bus 0000:00: root bus resource [io  0x0000-0xffff]
[    1.065735] pci 0000:00:00.0: [0e8d:0801] type 01 class 0x060400
[    1.071689] pci 0000:00:00.0: reg 0x10: [mem 0x00000000-0x7fffffff]
[    1.077923] pci 0000:00:00.0: reg 0x14: [mem 0x00000000-0x0000ffff]
[    1.084166] pci 0000:00:00.0: supports D1
[    1.088109] pci 0000:00:00.0: PME# supported from D0 D1 D3hot
[    1.094496] pci 0000:00:01.0: [0e8d:0801] type 01 class 0x060400
[    1.100518] pci 0000:00:01.0: reg 0x10: [mem 0x00000000-0x7fffffff]
[    1.106708] pci 0000:00:01.0: reg 0x14: [mem 0x00000000-0x0000ffff]
[    1.113027] pci 0000:00:01.0: supports D1
[    1.116944] pci 0000:00:01.0: PME# supported from D0 D1 D3hot
[    1.124719] pci 0000:00:00.0: bridge configuration invalid ([bus 00-00]), reconfiguring
[    1.132710] pci 0000:00:01.0: bridge configuration invalid ([bus 00-00]), reconfiguring
[    1.140926] pci 0000:01:00.0: [14c3:7615] type 00 class 0x000280
[    1.146884] pci 0000:01:00.0: reg 0x10: [mem 0x00000000-0x000fffff 64bit]
[    1.153794] pci 0000:01:00.0: 2.000 Gb/s available PCIe bandwidth, limited by 2.5 GT/s PCIe x1 link at 0000:00:00.0 (capable of 4.000 Gb/s with 5.0 GT/s PCIe x1 link)
[    1.168895] pci 0000:00:00.0: PCI bridge to [bus 01-ff]
[    1.174055] pci 0000:00:00.0:   bridge window [io  0x0000-0x0fff]
[    1.180159] pci 0000:00:00.0:   bridge window [mem 0x00000000-0x000fffff]
[    1.186863] pci 0000:00:00.0:   bridge window [mem 0x00000000-0x000fffff pref]
[    1.194068] pci_bus 0000:01: busn_res: [bus 01-ff] end is updated to 01
[    1.200928] pci 0000:02:00.0: [14c3:7615] type 00 class 0x000280
[    1.206891] pci 0000:02:00.0: reg 0x10: [mem 0x00000000-0x000fffff 64bit]
[    1.213813] pci 0000:02:00.0: 2.000 Gb/s available PCIe bandwidth, limited by 2.5 GT/s PCIe x1 link at 0000:00:01.0 (capable of 4.000 Gb/s with 5.0 GT/s PCIe x1 link)
[    1.228907] pci 0000:00:01.0: PCI bridge to [bus 02-ff]
[    1.234068] pci 0000:00:01.0:   bridge window [io  0x0000-0x0fff]
[    1.240154] pci 0000:00:01.0:   bridge window [mem 0x00000000-0x000fffff]
[    1.246852] pci 0000:00:01.0:   bridge window [mem 0x00000000-0x000fffff pref]
[    1.254056] pci_bus 0000:02: busn_res: [bus 02-ff] end is updated to 02
[    1.260685] pci 0000:00:00.0: BAR 0: no space for [mem size 0x80000000]
[    1.267230] pci 0000:00:00.0: BAR 0: failed to assign [mem size 0x80000000]
[    1.274117] pci 0000:00:01.0: BAR 0: no space for [mem size 0x80000000]
[    1.280708] pci 0000:00:01.0: BAR 0: failed to assign [mem size 0x80000000]
[    1.287681] pci 0000:00:00.0: BAR 8: assigned [mem 0x60000000-0x600fffff]
[    1.294372] pci 0000:00:00.0: BAR 9: assigned [mem 0x60100000-0x601fffff pref]
[    1.301576] pci 0000:00:01.0: BAR 8: assigned [mem 0x60200000-0x602fffff]
[    1.308316] pci 0000:00:01.0: BAR 9: assigned [mem 0x60300000-0x603fffff pref]
[    1.315455] pci 0000:00:00.0: BAR 1: assigned [mem 0x60400000-0x6040ffff]
[    1.322244] pci 0000:00:01.0: BAR 1: assigned [mem 0x60410000-0x6041ffff]
[    1.328974] pci 0000:00:00.0: BAR 7: assigned [io  0x0000-0x0fff]
[    1.334987] pci 0000:00:01.0: BAR 7: assigned [io  0x1000-0x1fff]
[    1.341081] pci 0000:01:00.0: BAR 0: assigned [mem 0x60000000-0x600fffff 64bit]
[    1.348342] pci 0000:00:00.0: PCI bridge to [bus 01]
[    1.353222] pci 0000:00:00.0:   bridge window [io  0x0000-0x0fff]
[    1.359301] pci 0000:00:00.0:   bridge window [mem 0x60000000-0x600fffff]
[    1.366009] pci 0000:00:00.0:   bridge window [mem 0x60100000-0x601fffff pref]
[    1.373219] pci 0000:02:00.0: BAR 0: assigned [mem 0x60200000-0x602fffff 64bit]
[    1.380493] pci 0000:00:01.0: PCI bridge to [bus 02]
[    1.385367] pci 0000:00:01.0:   bridge window [io  0x1000-0x1fff]
[    1.391446] pci 0000:00:01.0:   bridge window [mem 0x60200000-0x602fffff]
[    1.398184] pci 0000:00:01.0:   bridge window [mem 0x60300000-0x603fffff pref]
[    1.405328] pci_bus 0000:00: Some PCI device resources are unassigned, try booting with pci=realloc
[    1.414342] pci_bus 0000:00: resource 4 [mem 0x60000000-0x6fffffff]
[    1.420560] pci_bus 0000:00: resource 5 [io  0x0000-0xffff]
[    1.426061] pci_bus 0000:01: resource 0 [io  0x0000-0x0fff]
[    1.431619] pci_bus 0000:01: resource 1 [mem 0x60000000-0x600fffff]
[    1.437851] pci_bus 0000:01: resource 2 [mem 0x60100000-0x601fffff pref]
[    1.444464] pci_bus 0000:02: resource 0 [io  0x1000-0x1fff]
[    1.450022] pci_bus 0000:02: resource 1 [mem 0x60200000-0x602fffff]
[    1.456214] pci_bus 0000:02: resource 2 [mem 0x60300000-0x603fffff pref]
[    1.464492] Serial: 8250/16550 driver, 16 ports, IRQ sharing enabled
[    1.480376] printk: console [ttyS0] disabled
[    1.485373] 1e000c00.uartlite: ttyS0 at MMIO 0x1e000c00 (irq = 18, base_baud = 3125000) is a 16550A
[    1.494468] printk: console [ttyS0] enabled
[    1.502781] printk: bootconsole [early0] disabled
[    1.516919] nand: device found, Manufacturer ID: 0xc2, Chip ID: 0xf1
[    1.523380] nand: Macronix MX30LF1G18AC
[    1.527228] nand: 128 MiB, SLC, erase size: 128 KiB, page size: 2048, OOB size: 64
[    1.534781] mt7621-nand 1e003000.nand: ECC strength adjusted to 4 bits
[    1.542028] read_bbt: found bbt at block 1023
[    1.546851] 11 fixed-partitions partitions found on MTD device mt7621-nand
[    1.553779] Creating 11 MTD partitions on "mt7621-nand":
[    1.559123] 0x000000000000-0x000000080000 : "boot"
[    1.569194] 0x000000080000-0x0000000c0000 : "u_env"
[    1.577073] 0x0000000c0000-0x000000100000 : "factory"
[    1.585558] 0x000000100000-0x000000140000 : "s_env"
[    1.593532] 0x000000140000-0x000000180000 : "devinfo"
[    1.601999] 0x000000180000-0x000000580000 : "kernel"
[    1.636582] 0x000000580000-0x000002980000 : "ubi"
[    1.895776] 0x000002980000-0x000002d80000 : "alt_kernel"
[    1.930498] 0x000002d80000-0x000005180000 : "alt_rootfs"
[    2.190521] 0x000005180000-0x000005280000 : "sysdiag"
[    2.203854] 0x000005280000-0x000007f80000 : "syscfg"
[    2.668507] mtk_soc_eth 1e100000.ethernet: generated random MAC address 65:74:68:25:64:00
[    2.676725] mtk_soc_eth 1e100000.ethernet: generated random MAC address 65:74:68:25:64:00
[    2.686678] mt7530-mdio mdio-bus:1f: MT7530 adapts as multi-chip module
[    2.701450] mtk_soc_eth 1e100000.ethernet eth0: mediatek frame engine at 0xbe100000, irq 19
[    2.713052] mtk_soc_eth 1e100000.ethernet eth1: mediatek frame engine at 0xbe100000, irq 19
[    2.723054] i2c_dev: i2c /dev entries driver
[    2.731589] NET: Registered PF_INET6 protocol family
[    2.739732] Segment Routing with IPv6
[    2.743487] In-situ OAM (IOAM) with IPv6
[    2.747627] NET: Registered PF_PACKET protocol family
[    2.752730] bridge: filtering via arp/ip/ip6tables is no longer available by default. Update your scripts to load br_netfilter if you need this.
[    2.766208] 8021q: 802.1Q VLAN Support v1.8
[    2.800586] mt7530-mdio mdio-bus:1f: MT7530 adapts as multi-chip module
[    2.834421] mt7530-mdio mdio-bus:1f: configuring for fixed/rgmii link mode
[    2.842956] mt7530-mdio mdio-bus:1f lan1 (uninitialized): PHY [mt7530-0:01] driver [MediaTek MT7530 PHY] (irq=21)
[    2.855869] mt7530-mdio mdio-bus:1f: Link is Up - 1Gbps/Full - flow control rx/tx
[    2.857913] mt7530-mdio mdio-bus:1f lan2 (uninitialized): PHY [mt7530-0:02] driver [MediaTek MT7530 PHY] (irq=22)
[    2.877135] mt7530-mdio mdio-bus:1f lan3 (uninitialized): PHY [mt7530-0:03] driver [MediaTek MT7530 PHY] (irq=23)
[    2.890250] mt7530-mdio mdio-bus:1f lan4 (uninitialized): PHY [mt7530-0:04] driver [MediaTek MT7530 PHY] (irq=24)
[    2.902848] mtk_soc_eth 1e100000.ethernet eth0: entered promiscuous mode
[    2.909785] DSA: tree 0 setup
[    2.914841] UBI: auto-attach mtd6
[    2.918269] ubi0: attaching mtd6
[    3.430642] ubi0: scanning is finished
[    3.446711] ubi0: attached mtd6 (name "ubi", size 36 MiB)
[    3.452242] ubi0: PEB size: 131072 bytes (128 KiB), LEB size: 126976 bytes
[    3.459134] ubi0: min./max. I/O unit sizes: 2048/2048, sub-page size 2048
[    3.465899] ubi0: VID header offset: 2048 (aligned 2048), data offset: 4096
[    3.472856] ubi0: good PEBs: 288, bad PEBs: 0, corrupted PEBs: 0
[    3.478868] ubi0: user volume: 2, internal volumes: 1, max. volumes count: 128
[    3.486064] ubi0: max/mean erase counter: 2/1, WL threshold: 4096, image sequence number: 1738624177
[    3.495184] ubi0: available PEBs: 0, total reserved PEBs: 288, PEBs reserved for bad PEB handling: 20
[    3.504433] ubi0: background thread "ubi_bgt0d" started, PID 472
[    3.506925] block ubiblock0_0: created from ubi0:0(rootfs)
[    3.515943] ubiblock: device ubiblock0_0 (rootfs) set to be root filesystem
[    3.523214] clk: Disabling unused clocks
[    3.534310] VFS: Mounted root (squashfs filesystem) readonly on device 254:0.
[    3.545494] Freeing unused kernel image (initmem) memory: 1284K
[    3.551519] This architecture does not have kernel memory protection.
[    3.557982] Run /sbin/init as init process
[    3.562061]   with arguments:
[    3.562067]     /sbin/init
[    3.562073]   with environment:
[    3.562078]     HOME=/
[    3.562084]     TERM=linux
[    3.987862] init: Console is alive
[    3.991595] init: - watchdog -
[    4.812522] kmodloader: loading kernel modules from /etc/modules-boot.d/*
[    4.871571] usbcore: registered new interface driver usbfs
[    4.877319] usbcore: registered new interface driver hub
[    4.882765] usbcore: registered new device driver usb
[    4.889497] gpio_button_hotplug: loading out-of-tree module taints kernel.
[    4.907513] xhci-mtk 1e1c0000.xhci: supply vbus not found, using dummy regulator
[    4.915210] xhci-mtk 1e1c0000.xhci: supply vusb33 not found, using dummy regulator
[    4.923323] xhci-mtk 1e1c0000.xhci: xHCI Host Controller
[    4.928718] xhci-mtk 1e1c0000.xhci: new USB bus registered, assigned bus number 1
[    4.941300] xhci-mtk 1e1c0000.xhci: hcc params 0x01401198 hci version 0x96 quirks 0x0000000000280010
[    4.950551] xhci-mtk 1e1c0000.xhci: irq 27, io mem 0x1e1c0000
[    4.956549] xhci-mtk 1e1c0000.xhci: xHCI Host Controller
[    4.961894] xhci-mtk 1e1c0000.xhci: new USB bus registered, assigned bus number 2
[    4.969392] xhci-mtk 1e1c0000.xhci: Host supports USB 3.0 SuperSpeed
[    4.976935] hub 1-0:1.0: USB hub found
[    4.980917] hub 1-0:1.0: 2 ports detected
[    4.986045] usb usb2: We don't know the algorithms for LPM for this host, disabling LPM.
[    4.995365] hub 2-0:1.0: USB hub found
[    4.999370] hub 2-0:1.0: 1 port detected
[    5.013893] kmodloader: done loading kernel modules from /etc/modules-boot.d/*
[    5.028372] init: - preinit -
[    5.732790] mtk_soc_eth 1e100000.ethernet wan: renamed from eth1
[    6.337183] usb 2-1: new SuperSpeed USB device number 2 using xhci-mtk
[    7.267031] random: crng init done
[    7.465431] mtdblock: MTD device 'devinfo' is NAND, please consider using UBI block devices instead.
[    8.278441] mtk_soc_eth 1e100000.ethernet eth0: configuring for fixed/rgmii link mode
[    8.291195] mt7530-mdio mdio-bus:1f lan1: configuring for phy/gmii link mode
[    8.298390] mtk_soc_eth 1e100000.ethernet eth0: Link is Up - 1Gbps/Full - flow control rx/tx
[   11.827849] mt7530-mdio mdio-bus:1f lan1: Link is Up - 1Gbps/Full - flow control rx/tx
[   12.689928] UBIFS (ubi0:1): Mounting in unauthenticated mode
[   12.695929] UBIFS (ubi0:1): background thread "ubifs_bgt0_1" started, PID 670
[   12.752289] UBIFS (ubi0:1): recovery needed
[   12.908592] UBIFS (ubi0:1): recovery completed
[   12.913224] UBIFS (ubi0:1): UBIFS: mounted UBI device 0, volume 1, name "rootfs_data"
[   12.921068] UBIFS (ubi0:1): LEB size: 126976 bytes (124 KiB), min./max. I/O unit sizes: 2048 bytes/2048 bytes
[   12.930981] UBIFS (ubi0:1): FS size: 27553792 bytes (26 MiB, 217 LEBs), max 227 LEBs, journal size 1396736 bytes (1 MiB, 11 LEBs)
[   12.942642] UBIFS (ubi0:1): reserved for root: 1301433 bytes (1270 KiB)
[   12.949251] UBIFS (ubi0:1): media format: w5/r0 (latest is w5/r0), UUID 873D2DA8-253A-4C5E-A798-27C847B69569, small LPT model
[   12.965614] mount_root: switching to ubifs overlay
[   12.986412] urandom-seed: Seeding with /etc/urandom.seed
[   13.081811] mt7530-mdio mdio-bus:1f lan1: Link is Down
[   13.097540] procd: - early -
[   13.100654] procd: - watchdog -
[   13.718922] procd: - watchdog -
[   13.725135] procd: - ubus -
[   13.888563] procd: - init -
[   14.614682] kmodloader: loading kernel modules from /etc/modules.d/*
[   14.679430] mtk-eip93 1e004000.crypto: EIP93 Crypto Engine Initialized.
[   15.056412] jitterentropy: Initialization failed with host not compliant with requirements: 9
[   15.168077] Loading modules backported from Linux version v6.12.6-0-ge9d65b48ce1a
[   15.175571] Backport generated by backports.git v6.1.110-1-35-g410656ef04d2
[   15.378789] pci 0000:00:00.0: enabling device (0000 -> 0003)
[   15.384480] mt7615e 0000:01:00.0: enabling device (0000 -> 0002)
[   15.400904] mt7615e 0000:01:00.0: registering led 'mt76-phy0'
[   15.438285] ieee80211 phy0: Selected rate control algorithm 'minstrel_ht'
[   15.442469] pci 0000:00:01.0: enabling device (0000 -> 0003)
[   15.448305] mt7615e 0000:02:00.0: enabling device (0000 -> 0002)
[   15.468298] mt7615e 0000:02:00.0: registering led 'mt76-phy1'
[   15.478395] mt7615e 0000:01:00.0: HW/SW Version: 0x8a108a10, Build Time: 20180518100604a
[   15.478395] 
[   15.578450] ieee80211 phy1: Selected rate control algorithm 'minstrel_ht'
[   15.578523] ieee80211 phy1: copying sband (band 1) due to VHT EXT NSS BW flag
[   15.598069] mt7615e 0000:02:00.0: HW/SW Version: 0x8a108a10, Build Time: 20180518100604a
[   15.598069] 
[   15.691162] PPP generic driver version 2.4.2
[   15.707923] NET: Registered PF_PPPOX protocol family
[   15.720941] mt7615e 0000:01:00.0: N9 Firmware Version: _reserved_, Build Time: 20200814163649
[   15.720947] mt7615e 0000:02:00.0: N9 Firmware Version: _reserved_, Build Time: 20200814163649
[   15.736842] mt7615e 0000:01:00.0: CR4 Firmware Version: _reserved_, Build Time: 20190415154149
[   15.746265] mt7615e 0000:02:00.0: CR4 Firmware Version: _reserved_, Build Time: 20190415154149
[   15.879017] urngd: v1.0.2 started.
[   15.964102] mtdblock: MTD device 'devinfo' is NAND, please consider using UBI block devices instead.
[   16.250602] kmodloader: done loading kernel modules from /etc/modules.d/*
[   16.945820] mtdblock: MTD device 'devinfo' is NAND, please consider using UBI block devices instead.
[   25.073390] mtk_soc_eth 1e100000.ethernet eth0: Link is Down
[   25.106404] mtk_soc_eth 1e100000.ethernet eth0: configuring for fixed/rgmii link mode
[   25.117207] mtk_soc_eth 1e100000.ethernet eth0: Link is Up - 1Gbps/Full - flow control rx/tx
[   25.134654] mt7530-mdio mdio-bus:1f lan1: configuring for phy/gmii link mode
[   25.143828] br-lan: port 1(lan1) entered blocking state
[   25.149320] br-lan: port 1(lan1) entered disabled state
[   25.154736] mt7530-mdio mdio-bus:1f lan1: entered allmulticast mode
[   25.161204] mtk_soc_eth 1e100000.ethernet eth0: entered allmulticast mode
[   25.171503] mt7530-mdio mdio-bus:1f lan1: entered promiscuous mode
[   25.208236] mt7530-mdio mdio-bus:1f lan2: configuring for phy/gmii link mode
[   25.218594] br-lan: port 2(lan2) entered blocking state
[   25.223907] br-lan: port 2(lan2) entered disabled state
[   25.229331] mt7530-mdio mdio-bus:1f lan2: entered allmulticast mode
[   25.238394] mt7530-mdio mdio-bus:1f lan2: entered promiscuous mode
[   25.254457] mt7530-mdio mdio-bus:1f lan3: configuring for phy/gmii link mode
[   25.263531] br-lan: port 3(lan3) entered blocking state
[   25.269111] br-lan: port 3(lan3) entered disabled state
[   25.274528] mt7530-mdio mdio-bus:1f lan3: entered allmulticast mode
[   25.284042] mt7530-mdio mdio-bus:1f lan3: entered promiscuous mode
[   25.299212] mt7530-mdio mdio-bus:1f lan4: configuring for phy/gmii link mode
[   25.308027] br-lan: port 4(lan4) entered blocking state
[   25.313312] br-lan: port 4(lan4) entered disabled state
[   25.318841] mt7530-mdio mdio-bus:1f lan4: entered allmulticast mode
[   25.327492] mt7530-mdio mdio-bus:1f lan4: entered promiscuous mode
[   25.357526] mtk_soc_eth 1e100000.ethernet wan: PHY [mt7530-0:00] driver [MediaTek MT7530 PHY] (irq=POLL)
[   25.367242] mtk_soc_eth 1e100000.ethernet wan: configuring for phy/rgmii link mode
[   28.164784] br-lan: port 5(phy1-ap0) entered blocking state
[   28.170562] br-lan: port 5(phy1-ap0) entered disabled state
[   28.176311] mt7615e 0000:02:00.0 phy1-ap0: entered allmulticast mode
[   28.183504] mt7615e 0000:02:00.0 phy1-ap0: entered promiscuous mode
[   28.193236] mt7530-mdio mdio-bus:1f lan1: Link is Up - 1Gbps/Full - flow control rx/tx
[   28.193338] br-lan: port 1(lan1) entered blocking state
[   28.206525] br-lan: port 1(lan1) entered forwarding state
[   29.567377] mtk_soc_eth 1e100000.ethernet wan: Link is Up - 1Gbps/Full - flow control rx/tx
[   29.691911] br-lan: port 5(phy1-ap0) entered blocking state
[   29.697589] br-lan: port 5(phy1-ap0) entered forwarding state
[  442.970540] mt7530-mdio mdio-bus:1f lan1: Link is Down
[  442.975975] br-lan: port 1(lan1) entered disabled state
[  950.634292] mt7530-mdio mdio-bus:1f lan1: Link is Up - 1Gbps/Full - flow control rx/tx
[  950.642422] br-lan: port 1(lan1) entered blocking state
[  950.647645] br-lan: port 1(lan1) entered forwarding state
[95205.508860] mt7530-mdio mdio-bus:1f lan4: Link is Up - 1Gbps/Full - flow control rx/tx
[95205.510151] br-lan: port 4(lan4) entered blocking state
[95205.522028] br-lan: port 4(lan4) entered forwarding state
[97149.757748] mt7530-mdio mdio-bus:1f lan4: Link is Down
[97149.763607] br-lan: port 4(lan4) entered disabled state
[97542.402138] mt7530-mdio mdio-bus:1f lan4: Link is Up - 1Gbps/Full - flow control rx/tx
[97542.410278] br-lan: port 4(lan4) entered blocking state
[97542.415500] br-lan: port 4(lan4) entered forwarding state
[97739.607533] mt7530-mdio mdio-bus:1f lan4: Link is Down
[97739.613039] br-lan: port 4(lan4) entered disabled state
[97789.365564] mt7530-mdio mdio-bus:1f lan4: Link is Up - 1Gbps/Full - flow control rx/tx
[97789.373678] br-lan: port 4(lan4) entered blocking state
[97789.378933] br-lan: port 4(lan4) entered forwarding state
[97953.741846] mt7530-mdio mdio-bus:1f lan4: Link is Down
[97953.747234] br-lan: port 4(lan4) entered disabled state
[97957.625411] mt7530-mdio mdio-bus:1f lan4: Link is Up - 1Gbps/Full - flow control rx/tx
[97957.625528] br-lan: port 4(lan4) entered blocking state
[97957.638635] br-lan: port 4(lan4) entered forwarding state
[98882.635130] mt7530-mdio mdio-bus:1f lan4: Link is Down
[98882.640442] br-lan: port 4(lan4) entered disabled state
[100041.944660] mt7530-mdio mdio-bus:1f lan4: Link is Up - 1Gbps/Full - flow control off
[100041.952726] br-lan: port 4(lan4) entered blocking state
[100041.958079] br-lan: port 4(lan4) entered forwarding state
[100071.538408] mt7530-mdio mdio-bus:1f lan4: Link is Down
[100071.543788] br-lan: port 4(lan4) entered disabled state
[100074.551007] mt7530-mdio mdio-bus:1f lan4: Link is Up - 1Gbps/Full - flow control rx/tx
[100074.551106] br-lan: port 4(lan4) entered blocking state
[100074.564370] br-lan: port 4(lan4) entered forwarding state
[100130.410871] mt7530-mdio mdio-bus:1f lan4: Link is Down
[100130.416566] br-lan: port 4(lan4) entered disabled state
[100269.884876] mt7530-mdio mdio-bus:1f lan4: Link is Up - 1Gbps/Full - flow control rx/tx
[100269.884992] br-lan: port 4(lan4) entered blocking state
[100269.898276] br-lan: port 4(lan4) entered forwarding state
[100604.371740] mt7530-mdio mdio-bus:1f lan4: Link is Down
[100604.377214] br-lan: port 4(lan4) entered disabled state
[100780.691960] mt7530-mdio mdio-bus:1f lan4: Link is Up - 1Gbps/Full - flow control rx/tx
[100780.692080] br-lan: port 4(lan4) entered blocking state
[100780.705354] br-lan: port 4(lan4) entered forwarding state
[101011.703557] mt7530-mdio mdio-bus:1f lan4: Link is Down
[101011.703675] br-lan: port 4(lan4) entered disabled state
[101053.614988] mt7530-mdio mdio-bus:1f lan4: Link is Up - 1Gbps/Full - flow control rx/tx
[101053.615098] br-lan: port 4(lan4) entered blocking state
[101053.628344] br-lan: port 4(lan4) entered forwarding state
[126766.383487] mt7530-mdio mdio-bus:1f lan4: Link is Down
[126766.388886] br-lan: port 4(lan4) entered disabled state
[141038.087219] mt7530-mdio mdio-bus:1f lan4: Link is Up - 1Gbps/Full - flow control off
[141038.095253] br-lan: port 4(lan4) entered blocking state
[141038.100602] br-lan: port 4(lan4) entered forwarding state
[141072.097129] mt7530-mdio mdio-bus:1f lan4: Link is Down
[141072.102572] br-lan: port 4(lan4) entered disabled state
[141075.139460] mt7530-mdio mdio-bus:1f lan4: Link is Up - 1Gbps/Full - flow control rx/tx
[141075.139580] br-lan: port 4(lan4) entered blocking state
[141075.152818] br-lan: port 4(lan4) entered forwarding state
[146393.429420] mt7530-mdio mdio-bus:1f lan4: Link is Down
[146393.434817] br-lan: port 4(lan4) entered disabled state
[146397.140472] mt7530-mdio mdio-bus:1f lan4: Link is Up - 1Gbps/Full - flow control rx/tx
[146397.145141] br-lan: port 4(lan4) entered blocking state
[146397.153793] br-lan: port 4(lan4) entered forwarding state
[152152.971168] mt7530-mdio mdio-bus:1f lan4: Link is Down
[152152.976549] br-lan: port 4(lan4) entered disabled state
[152156.095783] mt7530-mdio mdio-bus:1f lan4: Link is Up - 1Gbps/Full - flow control rx/tx
[152156.095900] br-lan: port 4(lan4) entered blocking state
[152156.109181] br-lan: port 4(lan4) entered forwarding state
[154728.951671] mt7530-mdio mdio-bus:1f lan4: Link is Down
[154728.957146] br-lan: port 4(lan4) entered disabled state
[154733.382750] mt7530-mdio mdio-bus:1f lan4: Link is Up - 1Gbps/Full - flow control off
[154733.383969] br-lan: port 4(lan4) entered blocking state
[154733.395927] br-lan: port 4(lan4) entered forwarding state
[154769.832218] mt7530-mdio mdio-bus:1f lan4: Link is Down
[154769.837654] br-lan: port 4(lan4) entered disabled state
[154772.916425] mt7530-mdio mdio-bus:1f lan4: Link is Up - 1Gbps/Full - flow control rx/tx
[154772.916529] br-lan: port 4(lan4) entered blocking state
[154772.929791] br-lan: port 4(lan4) entered forwarding state
[157895.187596] mt7530-mdio mdio-bus:1f lan4: Link is Down
[157895.192999] br-lan: port 4(lan4) entered disabled state
[157899.670081] mt7530-mdio mdio-bus:1f lan4: Link is Up - 1Gbps/Full - flow control off
[157899.678131] br-lan: port 4(lan4) entered blocking state
[157899.683439] br-lan: port 4(lan4) entered forwarding state
[157935.832921] mt7530-mdio mdio-bus:1f lan4: Link is Down
[157935.838428] br-lan: port 4(lan4) entered disabled state
[157938.901204] mt7530-mdio mdio-bus:1f lan4: Link is Up - 1Gbps/Full - flow control rx/tx
[157938.901312] br-lan: port 4(lan4) entered blocking state
[157938.914571] br-lan: port 4(lan4) entered forwarding state
[174379.342221] mt7530-mdio mdio-bus:1f lan4: Link is Down
[174379.347622] br-lan: port 4(lan4) entered disabled state
[182580.176022] mt7615e 0000:01:00.0 phy0-mon0: entered promiscuous mode
[182587.379195] mt7615e 0000:01:00.0 phy0-mon0: left promiscuous mode
[182609.761913] mt7615e 0000:01:00.0 phy0-mon0: entered promiscuous mode
[182615.668560] mt7615e 0000:01:00.0 phy0-mon0: left promiscuous mode
[182653.293773] mt7615e 0000:01:00.0 phy0-mon0: entered promiscuous mode
[182734.706775] mt7615e 0000:01:00.0 phy0-mon0: left promiscuous mode
[182817.541385] mt7615e 0000:01:00.0 phy0-mon0: entered promiscuous mode
[182820.497024] mt7615e 0000:01:00.0 phy0-mon0: left promiscuous mode
[182838.321634] mt7615e 0000:01:00.0 phy0-mon0: entered promiscuous mode
[182876.984357] mt7615e 0000:01:00.0 phy0-mon0: left promiscuous mode
[182887.061911] mt7615e 0000:01:00.0 phy0-mon0: entered promiscuous mode
[182891.438650] mt7615e 0000:01:00.0 phy0-mon0: left promiscuous mode
[182901.191902] mt7615e 0000:01:00.0 phy0-mon0: entered promiscuous mode
[182948.771483] mt7615e 0000:01:00.0 phy0-mon0: left promiscuous mode
[182965.663324] mt7615e 0000:01:00.0 phy0-mon0: entered promiscuous mode
[183236.771640] mt7615e 0000:01:00.0 phy0-mon0: left promiscuous mode
[254887.143344] mt7530-mdio mdio-bus:1f lan2: Link is Up - 1Gbps/Full - flow control off
[254887.145883] br-lan: port 2(lan2) entered blocking state
[254887.156546] br-lan: port 2(lan2) entered forwarding state
[254930.547399] mt7530-mdio mdio-bus:1f lan2: Link is Down
[254930.552799] br-lan: port 2(lan2) entered disabled state
[254933.695050] mt7530-mdio mdio-bus:1f lan2: Link is Up - 1Gbps/Full - flow control rx/tx
[254933.695161] br-lan: port 2(lan2) entered blocking state
[254933.708456] br-lan: port 2(lan2) entered forwarding state
[256276.335432] mt7530-mdio mdio-bus:1f lan2: Link is Down
[256276.340834] br-lan: port 2(lan2) entered disabled state
[256344.661932] mt7530-mdio mdio-bus:1f lan2: Link is Up - 1Gbps/Full - flow control off
[256344.669865] br-lan: port 2(lan2) entered blocking state
[256344.675249] br-lan: port 2(lan2) entered forwarding state
[256380.327068] mt7530-mdio mdio-bus:1f lan2: Link is Down
[256380.332501] br-lan: port 2(lan2) entered disabled state
[256383.518230] mt7530-mdio mdio-bus:1f lan2: Link is Up - 1Gbps/Full - flow control rx/tx
[256383.526426] br-lan: port 2(lan2) entered blocking state
[256383.531791] br-lan: port 2(lan2) entered forwarding state
[260584.224959] mt7530-mdio mdio-bus:1f lan2: Link is Down
[260584.230441] br-lan: port 2(lan2) entered disabled state
[261034.151767] mt7530-mdio mdio-bus:1f lan2: Link is Up - 1Gbps/Full - flow control off
[261034.159816] br-lan: port 2(lan2) entered blocking state
[261034.165150] br-lan: port 2(lan2) entered forwarding state
[261070.455347] mt7530-mdio mdio-bus:1f lan2: Link is Down
[261070.460791] br-lan: port 2(lan2) entered disabled state
[261073.650460] mt7530-mdio mdio-bus:1f lan2: Link is Up - 1Gbps/Full - flow control rx/tx
[261073.650573] br-lan: port 2(lan2) entered blocking state
[261073.663828] br-lan: port 2(lan2) entered forwarding state
[268537.601789] mt7530-mdio mdio-bus:1f lan2: Link is Down
[268537.607182] br-lan: port 2(lan2) entered disabled state
[268544.306331] mt7530-mdio mdio-bus:1f lan2: Link is Up - 1Gbps/Full - flow control off
[268544.306443] br-lan: port 2(lan2) entered blocking state
[268544.319528] br-lan: port 2(lan2) entered forwarding state
[268580.464772] mt7530-mdio mdio-bus:1f lan2: Link is Down
[268580.470174] br-lan: port 2(lan2) entered disabled state
[268583.418834] mt7530-mdio mdio-bus:1f lan2: Link is Up - 1Gbps/Full - flow control rx/tx
[268583.418932] br-lan: port 2(lan2) entered blocking state
[268583.432291] br-lan: port 2(lan2) entered forwarding state
[268905.470985] mt7530-mdio mdio-bus:1f lan2: Link is Down
[268905.476363] br-lan: port 2(lan2) entered disabled state
[268909.257175] mt7530-mdio mdio-bus:1f lan2: Link is Up - 1Gbps/Full - flow control rx/tx
[268909.257293] br-lan: port 2(lan2) entered blocking state
[268909.270576] br-lan: port 2(lan2) entered forwarding state
[269652.015321] mt7530-mdio mdio-bus:1f lan2: Link is Down
[269652.021064] br-lan: port 2(lan2) entered disabled state
[269656.984493] mt7530-mdio mdio-bus:1f lan2: Link is Up - 1Gbps/Full - flow control off
[269656.992561] br-lan: port 2(lan2) entered blocking state
[269656.997914] br-lan: port 2(lan2) entered forwarding state
[269693.206534] mt7530-mdio mdio-bus:1f lan2: Link is Down
[269693.211914] br-lan: port 2(lan2) entered disabled state
[269696.195837] mt7530-mdio mdio-bus:1f lan2: Link is Up - 1Gbps/Full - flow control rx/tx
[269696.195947] br-lan: port 2(lan2) entered blocking state
[269696.209197] br-lan: port 2(lan2) entered forwarding state
[269923.247437] mt7530-mdio mdio-bus:1f lan2: Link is Down
[269923.252827] br-lan: port 2(lan2) entered disabled state
[269928.190277] mt7530-mdio mdio-bus:1f lan2: Link is Up - 1Gbps/Full - flow control off
[269928.190387] br-lan: port 2(lan2) entered blocking state
[269928.203477] br-lan: port 2(lan2) entered forwarding state
[269964.383188] mt7530-mdio mdio-bus:1f lan2: Link is Down
[269964.388632] br-lan: port 2(lan2) entered disabled state
[269967.374326] mt7530-mdio mdio-bus:1f lan2: Link is Up - 1Gbps/Full - flow control rx/tx
[269967.374445] br-lan: port 2(lan2) entered blocking state
[269967.387683] br-lan: port 2(lan2) entered forwarding state
[270257.334644] mt7530-mdio mdio-bus:1f lan2: Link is Down
[270257.340028] br-lan: port 2(lan2) entered disabled state
[308324.397247] mt7530-mdio mdio-bus:1f lan2: Link is Up - 1Gbps/Full - flow control off
[308324.403569] br-lan: port 2(lan2) entered blocking state
[308324.410384] br-lan: port 2(lan2) entered forwarding state
[308325.193564] mt7530-mdio mdio-bus:1f lan2: Link is Down
[308325.198957] br-lan: port 2(lan2) entered disabled state
[344781.108123] mt7530-mdio mdio-bus:1f lan2: Link is Up - 1Gbps/Full - flow control rx/tx
[344781.108244] br-lan: port 2(lan2) entered blocking state
[344781.121497] br-lan: port 2(lan2) entered forwarding state
[344782.152093] mt7530-mdio mdio-bus:1f lan2: Link is Down
[344782.157537] br-lan: port 2(lan2) entered disabled state
[344787.311725] mt7530-mdio mdio-bus:1f lan2: Link is Up - 1Gbps/Full - flow control off
[344787.311844] br-lan: port 2(lan2) entered blocking state
[344787.324946] br-lan: port 2(lan2) entered forwarding state
[344823.569061] mt7530-mdio mdio-bus:1f lan2: Link is Down
[344823.574523] br-lan: port 2(lan2) entered disabled state
[344826.547917] mt7530-mdio mdio-bus:1f lan2: Link is Up - 1Gbps/Full - flow control rx/tx
[344826.548027] br-lan: port 2(lan2) entered blocking state
[344826.561283] br-lan: port 2(lan2) entered forwarding state
[403750.408942] mt7530-mdio mdio-bus:1f lan2: Link is Down
[403750.414399] br-lan: port 2(lan2) entered disabled state
[403755.906347] mt7530-mdio mdio-bus:1f lan2: Link is Up - 1Gbps/Full - flow control off
[403755.906455] br-lan: port 2(lan2) entered blocking state
[403755.919533] br-lan: port 2(lan2) entered forwarding state
[403792.203752] mt7530-mdio mdio-bus:1f lan2: Link is Down
[403792.209148] br-lan: port 2(lan2) entered disabled state
[403795.294383] mt7530-mdio mdio-bus:1f lan2: Link is Up - 1Gbps/Full - flow control rx/tx
[403795.294492] br-lan: port 2(lan2) entered blocking state
[403795.307758] br-lan: port 2(lan2) entered forwarding state
[406983.340124] mt7530-mdio mdio-bus:1f lan2: Link is Down
[406983.340205] br-lan: port 2(lan2) entered disabled state
[602690.395320] mt7530-mdio mdio-bus:1f lan3: Link is Up - 1Gbps/Full - flow control rx/tx
[602690.403536] br-lan: port 3(lan3) entered blocking state
[602690.408843] br-lan: port 3(lan3) entered forwarding state
[603091.321579] mt7530-mdio mdio-bus:1f lan3: Link is Down
[603091.326984] br-lan: port 3(lan3) entered disabled state
[707942.146526] mt7530-mdio mdio-bus:1f lan1: Link is Down
[707942.151946] br-lan: port 1(lan1) entered disabled state
[707945.059828] mt7530-mdio mdio-bus:1f lan1: Link is Up - 1Gbps/Full - flow control rx/tx
[707945.059931] br-lan: port 1(lan1) entered blocking state
[707945.073181] br-lan: port 1(lan1) entered forwarding state
