[    0.000000] Linux version 6.6.73 (builder@buildhost) (mipsel-openwrt-linux-musl-gcc (OpenWrt GCC 13.3.0 r28427-6df0e3d02a) 13.3.0, GNU ld (GNU Binutils) 2.42) #0 SMP Mon Feb  3 23:09:37 2025
[    0.000000] SoC Type: MediaTek MT7621 ver:1 eco:3
[    0.000000] printk: bootconsole [early0] enabled
[    0.000000] CPU0 revision is: 0001992f (MIPS 1004Kc)
[    0.000000] MIPS: machine is Linksys EA7500 v2
[    0.000000] Initrd not found or empty - disabling initrd
[    0.000000] VPE topology {2,2} total 4
[    0.000000] Primary instruction cache 32kB, VIPT, 4-way, linesize 32 bytes.
[    0.000000] Primary data cache 32kB, 4-way, PIPT, no aliases, linesize 32 bytes
[    0.000000] MIPS secondary cache 256kB, 8-way, linesize 32 bytes.
[    0.000000] Zone ranges:
[    0.000000]   Normal   [mem 0x0000000000000000-0x000000000fffffff]
[    0.000000] Movable zone start for each node
[    0.000000] Early memory node ranges
[    0.000000]   node   0: [mem 0x0000000000000000-0x000000000fffffff]
[    0.000000] Initmem setup node 0 [mem 0x0000000000000000-0x000000000fffffff]
[    0.000000] percpu: Embedded 12 pages/cpu s19136 r8192 d21824 u49152
[    0.000000] pcpu-alloc: s19136 r8192 d21824 u49152 alloc=12*4096
[    0.000000] pcpu-alloc: [0] 0 [0] 1 [0] 2 [0] 3 
[    0.000000] Kernel command line: console=ttyS0,115200 rootfstype=squashfs,jffs2
[    0.000000] Dentry cache hash table entries: 32768 (order: 5, 131072 bytes, linear)
[    0.000000] Inode-cache hash table entries: 16384 (order: 4, 65536 bytes, linear)
[    0.000000] Writing ErrCtl register=00018c90
[    0.000000] Readback ErrCtl register=00018c90
[    0.000000] Built 1 zonelists, mobility grouping on.  Total pages: 64960
[    0.000000] mem auto-init: stack:off, heap alloc:off, heap free:off
[    0.000000] Memory: 247816K/262144K available (8363K kernel code, 653K rwdata, 1016K rodata, 1284K init, 229K bss, 14328K reserved, 0K cma-reserved)
[    0.000000] SLUB: HWalign=32, Order=0-3, MinObjects=0, CPUs=4, Nodes=1
[    0.000000] rcu: Hierarchical RCU implementation.
[    0.000000] 	Tracing variant of Tasks RCU enabled.
[    0.000000] rcu: RCU calculated value of scheduler-enlistment delay is 10 jiffies.
[    0.000000] NR_IRQS: 256
[    0.000000] rcu: srcu_init: Setting srcu_struct sizes based on contention.
[    0.000000] clocksource: GIC: mask: 0xffffffffffffffff max_cycles: 0xcaf478abb4, max_idle_ns: 440795247997 ns
[    0.000004] sched_clock: 64 bits at 880MHz, resolution 1ns, wraps every 4398046511103ns
[    0.008075] Calibrating delay loop... 586.13 BogoMIPS (lpj=2930688)
[    0.066231] pid_max: default: 32768 minimum: 301
[    0.079700] Mount-cache hash table entries: 1024 (order: 0, 4096 bytes, linear)
[    0.086940] Mountpoint-cache hash table entries: 1024 (order: 0, 4096 bytes, linear)
[    0.103572] RCU Tasks Trace: Setting shift to 2 and lim to 1 rcu_task_cb_adjust=1 rcu_task_cpu_ids=4.
[    0.113407] rcu: Hierarchical SRCU implementation.
[    0.118109] rcu: 	Max phase no-delay instances is 1000.
[    0.124154] smp: Bringing up secondary CPUs ...
[    0.129545] Primary instruction cache 32kB, VIPT, 4-way, linesize 32 bytes.
[    0.129573] Primary data cache 32kB, 4-way, PIPT, no aliases, linesize 32 bytes
[    0.129588] MIPS secondary cache 256kB, 8-way, linesize 32 bytes.
[    0.129637] CPU1 revision is: 0001992f (MIPS 1004Kc)
[    0.183621] Synchronize counters for CPU 1: done.
[    0.216212] Primary instruction cache 32kB, VIPT, 4-way, linesize 32 bytes.
[    0.216237] Primary data cache 32kB, 4-way, PIPT, no aliases, linesize 32 bytes
[    0.216249] MIPS secondary cache 256kB, 8-way, linesize 32 bytes.
[    0.216281] CPU2 revision is: 0001992f (MIPS 1004Kc)
[    0.275185] Synchronize counters for CPU 2: done.
[    0.305874] Primary instruction cache 32kB, VIPT, 4-way, linesize 32 bytes.
[    0.305898] Primary data cache 32kB, 4-way, PIPT, no aliases, linesize 32 bytes
[    0.305910] MIPS secondary cache 256kB, 8-way, linesize 32 bytes.
[    0.305945] CPU3 revision is: 0001992f (MIPS 1004Kc)
[    0.360381] Synchronize counters for CPU 3: done.
[    0.390243] smp: Brought up 1 node, 4 CPUs
[    0.401395] clocksource: jiffies: mask: 0xffffffff max_cycles: 0xffffffff, max_idle_ns: 19112604462750000 ns
[    0.411211] futex hash table entries: 1024 (order: 3, 32768 bytes, linear)
[    0.422021] pinctrl core: initialized pinctrl subsystem
[    0.430434] NET: Registered PF_NETLINK/PF_ROUTE protocol family
[    0.437118] thermal_sys: Registered thermal governor 'step_wise'
[    0.438884] /pinctrl: Fixed dependency cycle(s) with /pinctrl/pinctrl0
[    0.455327] FPU Affinity set after 11720 emulations
[    0.466840] clocksource: Switched to clocksource GIC
[    0.481909] NET: Registered PF_INET protocol family
[    0.487069] IP idents hash table entries: 4096 (order: 3, 32768 bytes, linear)
[    0.496024] tcp_listen_portaddr_hash hash table entries: 512 (order: 0, 4096 bytes, linear)
[    0.504355] Table-perturb hash table entries: 65536 (order: 6, 262144 bytes, linear)
[    0.512053] TCP established hash table entries: 2048 (order: 1, 8192 bytes, linear)
[    0.519687] TCP bind hash table entries: 2048 (order: 3, 32768 bytes, linear)
[    0.526918] TCP: Hash tables configured (established 2048 bind 2048)
[    0.534191] MPTCP token hash table entries: 256 (order: 0, 4096 bytes, linear)
[    0.541746] UDP hash table entries: 256 (order: 1, 8192 bytes, linear)
[    0.548251] UDP-Lite hash table entries: 256 (order: 1, 8192 bytes, linear)
[    0.556126] NET: Registered PF_UNIX/PF_LOCAL protocol family
[    0.561813] PCI: CLS 0 bytes, default 32
[    0.569385] workingset: timestamp_bits=14 max_order=16 bucket_order=2
[    0.577014] squashfs: version 4.0 (2009/01/31) Phillip Lougher
[    0.582761] jffs2: version 2.2 (NAND) (SUMMARY) (LZMA) (RTIME) (CMODE_PRIORITY) (c) 2001-2006 Red Hat, Inc.
[    0.598430] Block layer SCSI generic (bsg) driver version 0.4 loaded (major 251)
[    0.609887] mt7621_gpio 1e000600.gpio: registering 32 gpios
[    0.615919] mt7621_gpio 1e000600.gpio: registering 32 gpios
[    0.621909] mt7621_gpio 1e000600.gpio: registering 32 gpios
[    0.628154] mt7621-pci 1e140000.pcie: host bridge /pcie@1e140000 ranges:
[    0.634799] mt7621-pci 1e140000.pcie:   No bus range found for /pcie@1e140000, using [bus 00-ff]
[    0.643596] mt7621-pci 1e140000.pcie:      MEM 0x0060000000..0x006fffffff -> 0x0060000000
[    0.651710] mt7621-pci 1e140000.pcie:       IO 0x001e160000..0x001e16ffff -> 0x0000000000
[    1.016840] mt7621-pci 1e140000.pcie: pcie2 no card, disable it (RST & CLK)
[    1.023745] mt7621-pci 1e140000.pcie: PCIE0 enabled
[    1.028628] mt7621-pci 1e140000.pcie: PCIE1 enabled
[    1.033603] PCI coherence region base: 0x60000000, mask/settings: 0xf0000002
[    1.040757] mt7621-pci 1e140000.pcie: PCI host bridge to bus 0000:00
[    1.047083] pci_bus 0000:00: root bus resource [bus 00-ff]
[    1.052491] pci_bus 0000:00: root bus resource [mem 0x60000000-0x6fffffff]
[    1.059343] pci_bus 0000:00: root bus resource [io  0x0000-0xffff]
[    1.065504] pci 0000:00:00.0: [0e8d:0801] type 01 class 0x060400
[    1.071459] pci 0000:00:00.0: reg 0x10: [mem 0x00000000-0x7fffffff]
[    1.077694] pci 0000:00:00.0: reg 0x14: [mem 0x00000000-0x0000ffff]
[    1.083934] pci 0000:00:00.0: supports D1
[    1.087877] pci 0000:00:00.0: PME# supported from D0 D1 D3hot
[    1.094250] pci 0000:00:01.0: [0e8d:0801] type 01 class 0x060400
[    1.100268] pci 0000:00:01.0: reg 0x10: [mem 0x00000000-0x7fffffff]
[    1.106458] pci 0000:00:01.0: reg 0x14: [mem 0x00000000-0x0000ffff]
[    1.112780] pci 0000:00:01.0: supports D1
[    1.116697] pci 0000:00:01.0: PME# supported from D0 D1 D3hot
[    1.124490] pci 0000:00:00.0: bridge configuration invalid ([bus 00-00]), reconfiguring
[    1.132480] pci 0000:00:01.0: bridge configuration invalid ([bus 00-00]), reconfiguring
[    1.140694] pci 0000:01:00.0: [14c3:7615] type 00 class 0x000280
[    1.146654] pci 0000:01:00.0: reg 0x10: [mem 0x00000000-0x000fffff 64bit]
[    1.153565] pci 0000:01:00.0: 2.000 Gb/s available PCIe bandwidth, limited by 2.5 GT/s PCIe x1 link at 0000:00:00.0 (capable of 4.000 Gb/s with 5.0 GT/s PCIe x1 link)
[    1.168667] pci 0000:00:00.0: PCI bridge to [bus 01-ff]
[    1.173830] pci 0000:00:00.0:   bridge window [io  0x0000-0x0fff]
[    1.179920] pci 0000:00:00.0:   bridge window [mem 0x00000000-0x000fffff]
[    1.186618] pci 0000:00:00.0:   bridge window [mem 0x00000000-0x000fffff pref]
[    1.193822] pci_bus 0000:01: busn_res: [bus 01-ff] end is updated to 01
[    1.200664] pci 0000:02:00.0: [14c3:7615] type 00 class 0x000280
[    1.206625] pci 0000:02:00.0: reg 0x10: [mem 0x00000000-0x000fffff 64bit]
[    1.213546] pci 0000:02:00.0: 2.000 Gb/s available PCIe bandwidth, limited by 2.5 GT/s PCIe x1 link at 0000:00:01.0 (capable of 4.000 Gb/s with 5.0 GT/s PCIe x1 link)
[    1.228636] pci 0000:00:01.0: PCI bridge to [bus 02-ff]
[    1.233797] pci 0000:00:01.0:   bridge window [io  0x0000-0x0fff]
[    1.239885] pci 0000:00:01.0:   bridge window [mem 0x00000000-0x000fffff]
[    1.246582] pci 0000:00:01.0:   bridge window [mem 0x00000000-0x000fffff pref]
[    1.253787] pci_bus 0000:02: busn_res: [bus 02-ff] end is updated to 02
[    1.260461] pci 0000:00:00.0: BAR 0: no space for [mem size 0x80000000]
[    1.267009] pci 0000:00:00.0: BAR 0: failed to assign [mem size 0x80000000]
[    1.273896] pci 0000:00:01.0: BAR 0: no space for [mem size 0x80000000]
[    1.280487] pci 0000:00:01.0: BAR 0: failed to assign [mem size 0x80000000]
[    1.287409] pci 0000:00:00.0: BAR 8: assigned [mem 0x60000000-0x600fffff]
[    1.294112] pci 0000:00:00.0: BAR 9: assigned [mem 0x60100000-0x601fffff pref]
[    1.301313] pci 0000:00:01.0: BAR 8: assigned [mem 0x60200000-0x602fffff]
[    1.308053] pci 0000:00:01.0: BAR 9: assigned [mem 0x60300000-0x603fffff pref]
[    1.315193] pci 0000:00:00.0: BAR 1: assigned [mem 0x60400000-0x6040ffff]
[    1.321981] pci 0000:00:01.0: BAR 1: assigned [mem 0x60410000-0x6041ffff]
[    1.328709] pci 0000:00:00.0: BAR 7: assigned [io  0x0000-0x0fff]
[    1.334723] pci 0000:00:01.0: BAR 7: assigned [io  0x1000-0x1fff]
[    1.340815] pci 0000:01:00.0: BAR 0: assigned [mem 0x60000000-0x600fffff 64bit]
[    1.348075] pci 0000:00:00.0: PCI bridge to [bus 01]
[    1.352955] pci 0000:00:00.0:   bridge window [io  0x0000-0x0fff]
[    1.359034] pci 0000:00:00.0:   bridge window [mem 0x60000000-0x600fffff]
[    1.365742] pci 0000:00:00.0:   bridge window [mem 0x60100000-0x601fffff pref]
[    1.372952] pci 0000:02:00.0: BAR 0: assigned [mem 0x60200000-0x602fffff 64bit]
[    1.380226] pci 0000:00:01.0: PCI bridge to [bus 02]
[    1.385099] pci 0000:00:01.0:   bridge window [io  0x1000-0x1fff]
[    1.391178] pci 0000:00:01.0:   bridge window [mem 0x60200000-0x602fffff]
[    1.397917] pci 0000:00:01.0:   bridge window [mem 0x60300000-0x603fffff pref]
[    1.405060] pci_bus 0000:00: Some PCI device resources are unassigned, try booting with pci=realloc
[    1.414073] pci_bus 0000:00: resource 4 [mem 0x60000000-0x6fffffff]
[    1.420293] pci_bus 0000:00: resource 5 [io  0x0000-0xffff]
[    1.425794] pci_bus 0000:01: resource 0 [io  0x0000-0x0fff]
[    1.431351] pci_bus 0000:01: resource 1 [mem 0x60000000-0x600fffff]
[    1.437583] pci_bus 0000:01: resource 2 [mem 0x60100000-0x601fffff pref]
[    1.444196] pci_bus 0000:02: resource 0 [io  0x1000-0x1fff]
[    1.449754] pci_bus 0000:02: resource 1 [mem 0x60200000-0x602fffff]
[    1.455946] pci_bus 0000:02: resource 2 [mem 0x60300000-0x603fffff pref]
[    1.464358] Serial: 8250/16550 driver, 16 ports, IRQ sharing enabled
[    1.480222] printk: console [ttyS0] disabled
[    1.485400] 1e000c00.uartlite: ttyS0 at MMIO 0x1e000c00 (irq = 18, base_baud = 3125000) is a 16550A
[    1.494518] printk: console [ttyS0] enabled
[    1.502831] printk: bootconsole [early0] disabled
[    1.517087] nand: device found, Manufacturer ID: 0xc2, Chip ID: 0xf1
[    1.523461] nand: Macronix MX30LF1G18AC
[    1.527306] nand: 128 MiB, SLC, erase size: 128 KiB, page size: 2048, OOB size: 64
[    1.534858] mt7621-nand 1e003000.nand: ECC strength adjusted to 4 bits
[    1.542101] read_bbt: found bbt at block 1023
[    1.547032] 11 fixed-partitions partitions found on MTD device mt7621-nand
[    1.553929] Creating 11 MTD partitions on "mt7621-nand":
[    1.559268] 0x000000000000-0x000000080000 : "boot"
[    1.569353] 0x000000080000-0x0000000c0000 : "u_env"
[    1.577196] 0x0000000c0000-0x000000100000 : "factory"
[    1.585686] 0x000000100000-0x000000140000 : "s_env"
[    1.593611] 0x000000140000-0x000000180000 : "devinfo"
[    1.602106] 0x000000180000-0x000000580000 : "kernel"
[    1.636730] 0x000000580000-0x000002980000 : "ubi"
[    1.896032] 0x000002980000-0x000002d80000 : "alt_kernel"
[    1.930894] 0x000002d80000-0x000005180000 : "alt_rootfs"
[    2.190862] 0x000005180000-0x000005280000 : "sysdiag"
[    2.204280] 0x000005280000-0x000007f80000 : "syscfg"
[    2.678388] mtk_soc_eth 1e100000.ethernet: generated random MAC address 65:74:68:25:64:00
[    2.686607] mtk_soc_eth 1e100000.ethernet: generated random MAC address 65:74:68:25:64:00
[    2.696499] mt7530-mdio mdio-bus:1f: MT7530 adapts as multi-chip module
[    2.711026] mtk_soc_eth 1e100000.ethernet eth0: mediatek frame engine at 0xbe100000, irq 19
[    2.722567] mtk_soc_eth 1e100000.ethernet eth1: mediatek frame engine at 0xbe100000, irq 19
[    2.732581] i2c_dev: i2c /dev entries driver
[    2.741085] NET: Registered PF_INET6 protocol family
[    2.749319] Segment Routing with IPv6
[    2.753093] In-situ OAM (IOAM) with IPv6
[    2.757179] NET: Registered PF_PACKET protocol family
[    2.762285] bridge: filtering via arp/ip/ip6tables is no longer available by default. Update your scripts to load br_netfilter if you need this.
[    2.775828] 8021q: 802.1Q VLAN Support v1.8
[    2.810482] mt7530-mdio mdio-bus:1f: MT7530 adapts as multi-chip module
[    2.844853] mt7530-mdio mdio-bus:1f: configuring for fixed/rgmii link mode
[    2.853352] mt7530-mdio mdio-bus:1f lan1 (uninitialized): PHY [mt7530-0:01] driver [MediaTek MT7530 PHY] (irq=21)
[    2.866167] mt7530-mdio mdio-bus:1f: Link is Up - 1Gbps/Full - flow control rx/tx
[    2.867796] mt7530-mdio mdio-bus:1f lan2 (uninitialized): PHY [mt7530-0:02] driver [MediaTek MT7530 PHY] (irq=22)
[    2.886773] mt7530-mdio mdio-bus:1f lan3 (uninitialized): PHY [mt7530-0:03] driver [MediaTek MT7530 PHY] (irq=23)
[    2.899911] mt7530-mdio mdio-bus:1f lan4 (uninitialized): PHY [mt7530-0:04] driver [MediaTek MT7530 PHY] (irq=24)
[    2.912403] mtk_soc_eth 1e100000.ethernet eth0: entered promiscuous mode
[    2.919316] DSA: tree 0 setup
[    2.924312] UBI: auto-attach mtd6
[    2.927729] ubi0: attaching mtd6
[    3.439768] ubi0: scanning is finished
[    3.455927] ubi0: attached mtd6 (name "ubi", size 36 MiB)
[    3.461430] ubi0: PEB size: 131072 bytes (128 KiB), LEB size: 126976 bytes
[    3.468314] ubi0: min./max. I/O unit sizes: 2048/2048, sub-page size 2048
[    3.475078] ubi0: VID header offset: 2048 (aligned 2048), data offset: 4096
[    3.482032] ubi0: good PEBs: 288, bad PEBs: 0, corrupted PEBs: 0
[    3.488041] ubi0: user volume: 2, internal volumes: 1, max. volumes count: 128
[    3.495236] ubi0: max/mean erase counter: 2/1, WL threshold: 4096, image sequence number: 1738624177
[    3.504354] ubi0: available PEBs: 0, total reserved PEBs: 288, PEBs reserved for bad PEB handling: 20
[    3.513597] ubi0: background thread "ubi_bgt0d" started, PID 472
[    3.515278] block ubiblock0_0: created from ubi0:0(rootfs)
[    3.525137] ubiblock: device ubiblock0_0 (rootfs) set to be root filesystem
[    3.532376] clk: Disabling unused clocks
[    3.543481] VFS: Mounted root (squashfs filesystem) readonly on device 254:0.
[    3.554656] Freeing unused kernel image (initmem) memory: 1284K
[    3.560695] This architecture does not have kernel memory protection.
[    3.567166] Run /sbin/init as init process
[    3.571245]   with arguments:
[    3.571251]     /sbin/init
[    3.571257]   with environment:
[    3.571262]     HOME=/
[    3.571268]     TERM=linux
[    3.996692] init: Console is alive
[    4.000533] init: - watchdog -
[    4.821183] kmodloader: loading kernel modules from /etc/modules-boot.d/*
[    4.880495] usbcore: registered new interface driver usbfs
[    4.886166] usbcore: registered new interface driver hub
[    4.891680] usbcore: registered new device driver usb
[    4.898458] gpio_button_hotplug: loading out-of-tree module taints kernel.
[    4.916207] xhci-mtk 1e1c0000.xhci: supply vbus not found, using dummy regulator
[    4.924036] xhci-mtk 1e1c0000.xhci: supply vusb33 not found, using dummy regulator
[    4.932122] xhci-mtk 1e1c0000.xhci: xHCI Host Controller
[    4.937568] xhci-mtk 1e1c0000.xhci: new USB bus registered, assigned bus number 1
[    4.950065] xhci-mtk 1e1c0000.xhci: hcc params 0x01401198 hci version 0x96 quirks 0x0000000000280010
[    4.959322] xhci-mtk 1e1c0000.xhci: irq 27, io mem 0x1e1c0000
[    4.965323] xhci-mtk 1e1c0000.xhci: xHCI Host Controller
[    4.970670] xhci-mtk 1e1c0000.xhci: new USB bus registered, assigned bus number 2
[    4.978164] xhci-mtk 1e1c0000.xhci: Host supports USB 3.0 SuperSpeed
[    4.985787] hub 1-0:1.0: USB hub found
[    4.989723] hub 1-0:1.0: 2 ports detected
[    4.994877] usb usb2: We don't know the algorithms for LPM for this host, disabling LPM.
[    5.004260] hub 2-0:1.0: USB hub found
[    5.008251] hub 2-0:1.0: 1 port detected
[    5.022605] kmodloader: done loading kernel modules from /etc/modules-boot.d/*
[    5.037217] init: - preinit -
[    5.739164] mtk_soc_eth 1e100000.ethernet wan: renamed from eth1
[    6.377021] usb 2-1: new SuperSpeed USB device number 2 using xhci-mtk
[    7.356894] random: crng init done
[    7.553591] mtdblock: MTD device 'devinfo' is NAND, please consider using UBI block devices instead.
[    8.365736] mtk_soc_eth 1e100000.ethernet eth0: configuring for fixed/rgmii link mode
[    8.378356] mtk_soc_eth 1e100000.ethernet eth0: Link is Up - 1Gbps/Full - flow control rx/tx
[    8.378775] mt7530-mdio mdio-bus:1f lan1: configuring for phy/gmii link mode
[   11.919485] mt7530-mdio mdio-bus:1f lan1: Link is Up - 1Gbps/Full - flow control rx/tx
[   12.769724] UBIFS (ubi0:1): Mounting in unauthenticated mode
[   12.775701] UBIFS (ubi0:1): background thread "ubifs_bgt0_1" started, PID 671
[   12.832148] UBIFS (ubi0:1): recovery needed
[   12.968405] UBIFS (ubi0:1): recovery completed
[   12.973038] UBIFS (ubi0:1): UBIFS: mounted UBI device 0, volume 1, name "rootfs_data"
[   12.980910] UBIFS (ubi0:1): LEB size: 126976 bytes (124 KiB), min./max. I/O unit sizes: 2048 bytes/2048 bytes
[   12.990807] UBIFS (ubi0:1): FS size: 27553792 bytes (26 MiB, 217 LEBs), max 227 LEBs, journal size 1396736 bytes (1 MiB, 11 LEBs)
[   13.002431] UBIFS (ubi0:1): reserved for root: 1301433 bytes (1270 KiB)
[   13.009036] UBIFS (ubi0:1): media format: w5/r0 (latest is w5/r0), UUID 873D2DA8-253A-4C5E-A798-27C847B69569, small LPT model
[   13.025405] mount_root: switching to ubifs overlay
[   13.046042] urandom-seed: Seeding with /etc/urandom.seed
[   13.141051] mt7530-mdio mdio-bus:1f lan1: Link is Down
[   13.157107] procd: - early -
[   13.160222] procd: - watchdog -
[   13.768721] procd: - watchdog -
[   13.774970] procd: - ubus -
[   13.938543] procd: - init -
[   14.658859] kmodloader: loading kernel modules from /etc/modules.d/*
[   14.723167] mtk-eip93 1e004000.crypto: EIP93 Crypto Engine Initialized.
[   15.099830] jitterentropy: Initialization failed with host not compliant with requirements: 9
[   15.228145] Loading modules backported from Linux version v6.12.6-0-ge9d65b48ce1a
[   15.235639] Backport generated by backports.git v6.1.110-1-35-g410656ef04d2
[   15.438817] pci 0000:00:00.0: enabling device (0000 -> 0003)
[   15.444506] mt7615e 0000:01:00.0: enabling device (0000 -> 0002)
[   15.460943] mt7615e 0000:01:00.0: registering led 'mt76-phy0'
[   15.528343] ieee80211 phy0: Selected rate control algorithm 'minstrel_ht'
[   15.531612] pci 0000:00:01.0: enabling device (0000 -> 0003)
[   15.537412] mt7615e 0000:02:00.0: enabling device (0000 -> 0002)
[   15.558376] mt7615e 0000:02:00.0: registering led 'mt76-phy1'
[   15.578446] mt7615e 0000:01:00.0: HW/SW Version: 0x8a108a10, Build Time: 20180518100604a
[   15.578446] 
[   15.683904] ieee80211 phy1: Selected rate control algorithm 'minstrel_ht'
[   15.683965] ieee80211 phy1: copying sband (band 1) due to VHT EXT NSS BW flag
[   15.710416] mt7615e 0000:02:00.0: HW/SW Version: 0x8a108a10, Build Time: 20180518100604a
[   15.710416] 
[   15.810760] mt7615e 0000:01:00.0: N9 Firmware Version: _reserved_, Build Time: 20200814163649
[   15.810825] mt7615e 0000:02:00.0: N9 Firmware Version: _reserved_, Build Time: 20200814163649
[   15.829723] mt7615e 0000:01:00.0: CR4 Firmware Version: _reserved_, Build Time: 20190415154149
[   15.832340] PPP generic driver version 2.4.2
[   15.847267] mt7615e 0000:02:00.0: CR4 Firmware Version: _reserved_, Build Time: 20190415154149
[   15.848685] NET: Registered PF_PPPOX protocol family
[   15.877113] urngd: v1.0.2 started.
[   16.028705] mtdblock: MTD device 'devinfo' is NAND, please consider using UBI block devices instead.
[   16.424600] kmodloader: done loading kernel modules from /etc/modules.d/*
[   16.597541] mtdblock: MTD device 'devinfo' is NAND, please consider using UBI block devices instead.
[   25.201568] mtk_soc_eth 1e100000.ethernet eth0: Link is Down
[   25.227773] mtk_soc_eth 1e100000.ethernet eth0: configuring for fixed/rgmii link mode
[   25.236211] mtk_soc_eth 1e100000.ethernet eth0: Link is Up - 1Gbps/Full - flow control rx/tx
[   25.243786] mt7530-mdio mdio-bus:1f lan1: configuring for phy/gmii link mode
[   25.254335] br-lan: port 1(lan1) entered blocking state
[   25.259810] br-lan: port 1(lan1) entered disabled state
[   25.265217] mt7530-mdio mdio-bus:1f lan1: entered allmulticast mode
[   25.271708] mtk_soc_eth 1e100000.ethernet eth0: entered allmulticast mode
[   25.281693] mt7530-mdio mdio-bus:1f lan1: entered promiscuous mode
[   25.312894] mt7530-mdio mdio-bus:1f lan2: configuring for phy/gmii link mode
[   25.322099] br-lan: port 2(lan2) entered blocking state
[   25.327460] br-lan: port 2(lan2) entered disabled state
[   25.332783] mt7530-mdio mdio-bus:1f lan2: entered allmulticast mode
[   25.341316] mt7530-mdio mdio-bus:1f lan2: entered promiscuous mode
[   25.354911] mt7530-mdio mdio-bus:1f lan3: configuring for phy/gmii link mode
[   25.363830] br-lan: port 3(lan3) entered blocking state
[   25.369377] br-lan: port 3(lan3) entered disabled state
[   25.374879] mt7530-mdio mdio-bus:1f lan3: entered allmulticast mode
[   25.383843] mt7530-mdio mdio-bus:1f lan3: entered promiscuous mode
[   25.396488] mt7530-mdio mdio-bus:1f lan4: configuring for phy/gmii link mode
[   25.405205] br-lan: port 4(lan4) entered blocking state
[   25.410561] br-lan: port 4(lan4) entered disabled state
[   25.415879] mt7530-mdio mdio-bus:1f lan4: entered allmulticast mode
[   25.424583] mt7530-mdio mdio-bus:1f lan4: entered promiscuous mode
[   25.457176] mtk_soc_eth 1e100000.ethernet wan: PHY [mt7530-0:00] driver [MediaTek MT7530 PHY] (irq=POLL)
[   25.466875] mtk_soc_eth 1e100000.ethernet wan: configuring for phy/rgmii link mode
[   28.301460] mt7530-mdio mdio-bus:1f lan1: Link is Up - 1Gbps/Full - flow control rx/tx
[   28.301595] br-lan: port 1(lan1) entered blocking state
[   28.314682] br-lan: port 1(lan1) entered forwarding state
[   29.647086] mtk_soc_eth 1e100000.ethernet wan: Link is Up - 1Gbps/Full - flow control rx/tx
[11573.261322] br-lan: port 5(phy1-ap0) entered blocking state
[11573.266981] br-lan: port 5(phy1-ap0) entered disabled state
[11573.272786] mt7615e 0000:02:00.0 phy1-ap0: entered allmulticast mode
[11573.279990] mt7615e 0000:02:00.0 phy1-ap0: entered promiscuous mode
[11573.291684] mt7615e 0000:02:00.0 phy1-ap0: left allmulticast mode
[11573.297853] mt7615e 0000:02:00.0 phy1-ap0: left promiscuous mode
[11573.304323] br-lan: port 5(phy1-ap0) entered disabled state
[11573.365461] br-lan: port 5(phy1-ap0) entered blocking state
[11573.371285] br-lan: port 5(phy1-ap0) entered disabled state
[11573.377009] mt7615e 0000:02:00.0 phy1-ap0: entered allmulticast mode
[11573.384228] mt7615e 0000:02:00.0 phy1-ap0: entered promiscuous mode
[11574.817372] br-lan: port 5(phy1-ap0) entered blocking state
[11574.823023] br-lan: port 5(phy1-ap0) entered forwarding state
