Fri Aug  1 14:33:57 2025 kern.notice kernel: [    0.000000] Linux version 6.6.73 (builder@buildhost) (mipsel-openwrt-linux-musl-gcc (OpenWrt GCC 13.3.0 r28427-6df0e3d02a) 13.3.0, GNU ld (GNU Binutils) 2.42) #0 SMP Mon Feb  3 23:09:37 2025
Fri Aug  1 14:33:57 2025 kern.info kernel: [    0.000000] SoC Type: MediaTek MT7621 ver:1 eco:3
Fri Aug  1 14:33:57 2025 kern.info kernel: [    0.000000] printk: bootconsole [early0] enabled
Fri Aug  1 14:33:57 2025 kern.info kernel: [    0.000000] CPU0 revision is: 0001992f (MIPS 1004Kc)
Fri Aug  1 14:33:57 2025 kern.info kernel: [    0.000000] MIPS: machine is Linksys EA7500 v2
Fri Aug  1 14:33:57 2025 kern.info kernel: [    0.000000] Initrd not found or empty - disabling initrd
Fri Aug  1 14:33:57 2025 kern.info kernel: [    0.000000] VPE topology {2,2} total 4
Fri Aug  1 14:33:57 2025 kern.info kernel: [    0.000000] Primary instruction cache 32kB, VIPT, 4-way, linesize 32 bytes.
Fri Aug  1 14:33:57 2025 kern.info kernel: [    0.000000] Primary data cache 32kB, 4-way, PIPT, no aliases, linesize 32 bytes
Fri Aug  1 14:33:57 2025 kern.warn kernel: [    0.000000] MIPS secondary cache 256kB, 8-way, linesize 32 bytes.
Fri Aug  1 14:33:57 2025 kern.info kernel: [    0.000000] Zone ranges:
Fri Aug  1 14:33:57 2025 kern.info kernel: [    0.000000]   Normal   [mem 0x0000000000000000-0x000000000fffffff]
Fri Aug  1 14:33:57 2025 kern.info kernel: [    0.000000] Movable zone start for each node
Fri Aug  1 14:33:57 2025 kern.info kernel: [    0.000000] Early memory node ranges
Fri Aug  1 14:33:57 2025 kern.info kernel: [    0.000000]   node   0: [mem 0x0000000000000000-0x000000000fffffff]
Fri Aug  1 14:33:57 2025 kern.info kernel: [    0.000000] Initmem setup node 0 [mem 0x0000000000000000-0x000000000fffffff]
Fri Aug  1 14:33:57 2025 kern.info kernel: [    0.000000] percpu: Embedded 12 pages/cpu s19136 r8192 d21824 u49152
Fri Aug  1 14:33:57 2025 kern.debug kernel: [    0.000000] pcpu-alloc: s19136 r8192 d21824 u49152 alloc=12*4096
Fri Aug  1 14:33:57 2025 kern.debug kernel: [    0.000000] pcpu-alloc: [0] 0 [0] 1 [0] 2 [0] 3
Fri Aug  1 14:33:57 2025 kern.notice kernel: [    0.000000] Kernel command line: console=ttyS0,115200 rootfstype=squashfs,jffs2
Fri Aug  1 14:33:57 2025 kern.info kernel: [    0.000000] Dentry cache hash table entries: 32768 (order: 5, 131072 bytes, linear)
Fri Aug  1 14:33:57 2025 kern.info kernel: [    0.000000] Inode-cache hash table entries: 16384 (order: 4, 65536 bytes, linear)
Fri Aug  1 14:33:57 2025 kern.info kernel: [    0.000000] Writing ErrCtl register=00018c90
Fri Aug  1 14:33:57 2025 kern.info kernel: [    0.000000] Readback ErrCtl register=00018c90
Fri Aug  1 14:33:57 2025 kern.info kernel: [    0.000000] Built 1 zonelists, mobility grouping on.  Total pages: 64960
Fri Aug  1 14:33:57 2025 kern.info kernel: [    0.000000] mem auto-init: stack:off, heap alloc:off, heap free:off
Fri Aug  1 14:33:57 2025 kern.info kernel: [    0.000000] Memory: 247816K/262144K available (8363K kernel code, 653K rwdata, 1016K rodata, 1284K init, 229K bss, 14328K reserved, 0K cma-reserved)
Fri Aug  1 14:33:57 2025 kern.info kernel: [    0.000000] SLUB: HWalign=32, Order=0-3, MinObjects=0, CPUs=4, Nodes=1
Fri Aug  1 14:33:57 2025 kern.info kernel: [    0.000000] rcu: Hierarchical RCU implementation.
Fri Aug  1 14:33:57 2025 kern.info kernel: [    0.000000] 	Tracing variant of Tasks RCU enabled.
Fri Aug  1 14:33:57 2025 kern.info kernel: [    0.000000] rcu: RCU calculated value of scheduler-enlistment delay is 10 jiffies.
Fri Aug  1 14:33:57 2025 kern.info kernel: [    0.000000] NR_IRQS: 256
Fri Aug  1 14:33:57 2025 kern.info kernel: [    0.000000] rcu: srcu_init: Setting srcu_struct sizes based on contention.
Fri Aug  1 14:33:57 2025 kern.info kernel: [    0.000000] clocksource: GIC: mask: 0xffffffffffffffff max_cycles: 0xcaf478abb4, max_idle_ns: 440795247997 ns
Fri Aug  1 14:33:57 2025 kern.info kernel: [    0.000004] sched_clock: 64 bits at 880MHz, resolution 1ns, wraps every 4398046511103ns
Fri Aug  1 14:33:57 2025 kern.info kernel: [    0.008075] Calibrating delay loop... 586.13 BogoMIPS (lpj=2930688)
Fri Aug  1 14:33:57 2025 kern.info kernel: [    0.066231] pid_max: default: 32768 minimum: 301
Fri Aug  1 14:33:57 2025 kern.info kernel: [    0.079700] Mount-cache hash table entries: 1024 (order: 0, 4096 bytes, linear)
Fri Aug  1 14:33:57 2025 kern.info kernel: [    0.086940] Mountpoint-cache hash table entries: 1024 (order: 0, 4096 bytes, linear)
Fri Aug  1 14:33:57 2025 kern.info kernel: [    0.103572] RCU Tasks Trace: Setting shift to 2 and lim to 1 rcu_task_cb_adjust=1 rcu_task_cpu_ids=4.
Fri Aug  1 14:33:57 2025 kern.info kernel: [    0.113407] rcu: Hierarchical SRCU implementation.
Fri Aug  1 14:33:57 2025 kern.info kernel: [    0.118109] rcu: 	Max phase no-delay instances is 1000.
Fri Aug  1 14:33:57 2025 kern.info kernel: [    0.124154] smp: Bringing up secondary CPUs ...
Fri Aug  1 14:33:57 2025 kern.info kernel: [    0.129545] Primary instruction cache 32kB, VIPT, 4-way, linesize 32 bytes.
Fri Aug  1 14:33:57 2025 kern.info kernel: [    0.129573] Primary data cache 32kB, 4-way, PIPT, no aliases, linesize 32 bytes
Fri Aug  1 14:33:57 2025 kern.warn kernel: [    0.129588] MIPS secondary cache 256kB, 8-way, linesize 32 bytes.
Fri Aug  1 14:33:57 2025 kern.info kernel: [    0.129637] CPU1 revision is: 0001992f (MIPS 1004Kc)
Fri Aug  1 14:33:57 2025 kern.info kernel: [    0.183621] Synchronize counters for CPU 1: done.
Fri Aug  1 14:33:57 2025 kern.info kernel: [    0.216212] Primary instruction cache 32kB, VIPT, 4-way, linesize 32 bytes.
Fri Aug  1 14:33:57 2025 kern.info kernel: [    0.216237] Primary data cache 32kB, 4-way, PIPT, no aliases, linesize 32 bytes
Fri Aug  1 14:33:57 2025 kern.warn kernel: [    0.216249] MIPS secondary cache 256kB, 8-way, linesize 32 bytes.
Fri Aug  1 14:33:57 2025 kern.info kernel: [    0.216281] CPU2 revision is: 0001992f (MIPS 1004Kc)
Fri Aug  1 14:33:57 2025 kern.info kernel: [    0.275185] Synchronize counters for CPU 2: done.
Fri Aug  1 14:33:57 2025 kern.info kernel: [    0.305874] Primary instruction cache 32kB, VIPT, 4-way, linesize 32 bytes.
Fri Aug  1 14:33:57 2025 kern.info kernel: [    0.305898] Primary data cache 32kB, 4-way, PIPT, no aliases, linesize 32 bytes
Fri Aug  1 14:33:57 2025 kern.warn kernel: [    0.305910] MIPS secondary cache 256kB, 8-way, linesize 32 bytes.
Fri Aug  1 14:33:57 2025 kern.info kernel: [    0.305945] CPU3 revision is: 0001992f (MIPS 1004Kc)
Fri Aug  1 14:33:57 2025 kern.info kernel: [    0.360381] Synchronize counters for CPU 3: done.
Fri Aug  1 14:33:57 2025 kern.info kernel: [    0.390243] smp: Brought up 1 node, 4 CPUs
Fri Aug  1 14:33:57 2025 kern.info kernel: [    0.401395] clocksource: jiffies: mask: 0xffffffff max_cycles: 0xffffffff, max_idle_ns: 19112604462750000 ns
Fri Aug  1 14:33:57 2025 kern.info kernel: [    0.411211] futex hash table entries: 1024 (order: 3, 32768 bytes, linear)
Fri Aug  1 14:33:57 2025 kern.info kernel: [    0.422021] pinctrl core: initialized pinctrl subsystem
Fri Aug  1 14:33:57 2025 kern.info kernel: [    0.430434] NET: Registered PF_NETLINK/PF_ROUTE protocol family
Fri Aug  1 14:33:57 2025 kern.info kernel: [    0.437118] thermal_sys: Registered thermal governor 'step_wise'
Fri Aug  1 14:33:57 2025 kern.info kernel: [    0.438884] /pinctrl: Fixed dependency cycle(s) with /pinctrl/pinctrl0
Fri Aug  1 14:33:57 2025 kern.debug kernel: [    0.455327] FPU Affinity set after 11720 emulations
Fri Aug  1 14:33:57 2025 kern.info kernel: [    0.466840] clocksource: Switched to clocksource GIC
Fri Aug  1 14:33:57 2025 kern.info kernel: [    0.481909] NET: Registered PF_INET protocol family
Fri Aug  1 14:33:57 2025 kern.info kernel: [    0.487069] IP idents hash table entries: 4096 (order: 3, 32768 bytes, linear)
Fri Aug  1 14:33:57 2025 kern.info kernel: [    0.496024] tcp_listen_portaddr_hash hash table entries: 512 (order: 0, 4096 bytes, linear)
Fri Aug  1 14:33:57 2025 kern.info kernel: [    0.504355] Table-perturb hash table entries: 65536 (order: 6, 262144 bytes, linear)
Fri Aug  1 14:33:57 2025 kern.info kernel: [    0.512053] TCP established hash table entries: 2048 (order: 1, 8192 bytes, linear)
Fri Aug  1 14:33:57 2025 kern.info kernel: [    0.519687] TCP bind hash table entries: 2048 (order: 3, 32768 bytes, linear)
Fri Aug  1 14:33:57 2025 kern.info kernel: [    0.526918] TCP: Hash tables configured (established 2048 bind 2048)
Fri Aug  1 14:33:57 2025 kern.info kernel: [    0.534191] MPTCP token hash table entries: 256 (order: 0, 4096 bytes, linear)
Fri Aug  1 14:33:57 2025 kern.info kernel: [    0.541746] UDP hash table entries: 256 (order: 1, 8192 bytes, linear)
Fri Aug  1 14:33:57 2025 kern.info kernel: [    0.548251] UDP-Lite hash table entries: 256 (order: 1, 8192 bytes, linear)
Fri Aug  1 14:33:57 2025 kern.info kernel: [    0.556126] NET: Registered PF_UNIX/PF_LOCAL protocol family
Fri Aug  1 14:33:57 2025 kern.info kernel: [    0.561813] PCI: CLS 0 bytes, default 32
Fri Aug  1 14:33:57 2025 kern.info kernel: [    0.569385] workingset: timestamp_bits=14 max_order=16 bucket_order=2
Fri Aug  1 14:33:57 2025 kern.info kernel: [    0.577014] squashfs: version 4.0 (2009/01/31) Phillip Lougher
Fri Aug  1 14:33:57 2025 kern.info kernel: [    0.582761] jffs2: version 2.2 (NAND) (SUMMARY) (LZMA) (RTIME) (CMODE_PRIORITY) (c) 2001-2006 Red Hat, Inc.
Fri Aug  1 14:33:57 2025 kern.info kernel: [    0.598430] Block layer SCSI generic (bsg) driver version 0.4 loaded (major 251)
Fri Aug  1 14:33:57 2025 kern.info kernel: [    0.609887] mt7621_gpio 1e000600.gpio: registering 32 gpios
Fri Aug  1 14:33:57 2025 kern.info kernel: [    0.615919] mt7621_gpio 1e000600.gpio: registering 32 gpios
Fri Aug  1 14:33:57 2025 kern.info kernel: [    0.621909] mt7621_gpio 1e000600.gpio: registering 32 gpios
Fri Aug  1 14:33:57 2025 kern.info kernel: [    0.628154] mt7621-pci 1e140000.pcie: host bridge /pcie@1e140000 ranges:
Fri Aug  1 14:33:57 2025 kern.info kernel: [    0.634799] mt7621-pci 1e140000.pcie:   No bus range found for /pcie@1e140000, using [bus 00-ff]
Fri Aug  1 14:33:57 2025 kern.info kernel: [    0.643596] mt7621-pci 1e140000.pcie:      MEM 0x0060000000..0x006fffffff -> 0x0060000000
Fri Aug  1 14:33:57 2025 kern.info kernel: [    0.651710] mt7621-pci 1e140000.pcie:       IO 0x001e160000..0x001e16ffff -> 0x0000000000
Fri Aug  1 14:33:57 2025 kern.info kernel: [    1.016840] mt7621-pci 1e140000.pcie: pcie2 no card, disable it (RST & CLK)
Fri Aug  1 14:33:57 2025 kern.info kernel: [    1.023745] mt7621-pci 1e140000.pcie: PCIE0 enabled
Fri Aug  1 14:33:57 2025 kern.info kernel: [    1.028628] mt7621-pci 1e140000.pcie: PCIE1 enabled
Fri Aug  1 14:33:57 2025 kern.info kernel: [    1.033603] PCI coherence region base: 0x60000000, mask/settings: 0xf0000002
Fri Aug  1 14:33:57 2025 kern.info kernel: [    1.040757] mt7621-pci 1e140000.pcie: PCI host bridge to bus 0000:00
Fri Aug  1 14:33:57 2025 kern.info kernel: [    1.047083] pci_bus 0000:00: root bus resource [bus 00-ff]
Fri Aug  1 14:33:57 2025 kern.info kernel: [    1.052491] pci_bus 0000:00: root bus resource [mem 0x60000000-0x6fffffff]
Fri Aug  1 14:33:57 2025 kern.info kernel: [    1.059343] pci_bus 0000:00: root bus resource [io  0x0000-0xffff]
Fri Aug  1 14:33:57 2025 kern.info kernel: [    1.065504] pci 0000:00:00.0: [0e8d:0801] type 01 class 0x060400
Fri Aug  1 14:33:57 2025 kern.info kernel: [    1.071459] pci 0000:00:00.0: reg 0x10: [mem 0x00000000-0x7fffffff]
Fri Aug  1 14:33:57 2025 kern.info kernel: [    1.077694] pci 0000:00:00.0: reg 0x14: [mem 0x00000000-0x0000ffff]
Fri Aug  1 14:33:57 2025 kern.info kernel: [    1.083934] pci 0000:00:00.0: supports D1
Fri Aug  1 14:33:57 2025 kern.info kernel: [    1.087877] pci 0000:00:00.0: PME# supported from D0 D1 D3hot
Fri Aug  1 14:33:57 2025 kern.info kernel: [    1.094250] pci 0000:00:01.0: [0e8d:0801] type 01 class 0x060400
Fri Aug  1 14:33:57 2025 kern.info kernel: [    1.100268] pci 0000:00:01.0: reg 0x10: [mem 0x00000000-0x7fffffff]
Fri Aug  1 14:33:57 2025 kern.info kernel: [    1.106458] pci 0000:00:01.0: reg 0x14: [mem 0x00000000-0x0000ffff]
Fri Aug  1 14:33:57 2025 kern.info kernel: [    1.112780] pci 0000:00:01.0: supports D1
Fri Aug  1 14:33:57 2025 kern.info kernel: [    1.116697] pci 0000:00:01.0: PME# supported from D0 D1 D3hot
Fri Aug  1 14:33:57 2025 kern.info kernel: [    1.124490] pci 0000:00:00.0: bridge configuration invalid ([bus 00-00]), reconfiguring
Fri Aug  1 14:33:57 2025 kern.info kernel: [    1.132480] pci 0000:00:01.0: bridge configuration invalid ([bus 00-00]), reconfiguring
Fri Aug  1 14:33:57 2025 kern.info kernel: [    1.140694] pci 0000:01:00.0: [14c3:7615] type 00 class 0x000280
Fri Aug  1 14:33:57 2025 kern.info kernel: [    1.146654] pci 0000:01:00.0: reg 0x10: [mem 0x00000000-0x000fffff 64bit]
Fri Aug  1 14:33:57 2025 kern.info kernel: [    1.153565] pci 0000:01:00.0: 2.000 Gb/s available PCIe bandwidth, limited by 2.5 GT/s PCIe x1 link at 0000:00:00.0 (capable of 4.000 Gb/s with 5.0 GT/s PCIe x1 link)
Fri Aug  1 14:33:57 2025 kern.info kernel: [    1.168667] pci 0000:00:00.0: PCI bridge to [bus 01-ff]
Fri Aug  1 14:33:57 2025 kern.info kernel: [    1.173830] pci 0000:00:00.0:   bridge window [io  0x0000-0x0fff]
Fri Aug  1 14:33:57 2025 kern.info kernel: [    1.179920] pci 0000:00:00.0:   bridge window [mem 0x00000000-0x000fffff]
Fri Aug  1 14:33:57 2025 kern.info kernel: [    1.186618] pci 0000:00:00.0:   bridge window [mem 0x00000000-0x000fffff pref]
Fri Aug  1 14:33:57 2025 kern.info kernel: [    1.193822] pci_bus 0000:01: busn_res: [bus 01-ff] end is updated to 01
Fri Aug  1 14:33:57 2025 kern.info kernel: [    1.200664] pci 0000:02:00.0: [14c3:7615] type 00 class 0x000280
Fri Aug  1 14:33:57 2025 kern.info kernel: [    1.206625] pci 0000:02:00.0: reg 0x10: [mem 0x00000000-0x000fffff 64bit]
Fri Aug  1 14:33:57 2025 kern.info kernel: [    1.213546] pci 0000:02:00.0: 2.000 Gb/s available PCIe bandwidth, limited by 2.5 GT/s PCIe x1 link at 0000:00:01.0 (capable of 4.000 Gb/s with 5.0 GT/s PCIe x1 link)
Fri Aug  1 14:33:57 2025 kern.info kernel: [    1.228636] pci 0000:00:01.0: PCI bridge to [bus 02-ff]
Fri Aug  1 14:33:57 2025 kern.info kernel: [    1.233797] pci 0000:00:01.0:   bridge window [io  0x0000-0x0fff]
Fri Aug  1 14:33:57 2025 kern.info kernel: [    1.239885] pci 0000:00:01.0:   bridge window [mem 0x00000000-0x000fffff]
Fri Aug  1 14:33:57 2025 kern.info kernel: [    1.246582] pci 0000:00:01.0:   bridge window [mem 0x00000000-0x000fffff pref]
Fri Aug  1 14:33:57 2025 kern.info kernel: [    1.253787] pci_bus 0000:02: busn_res: [bus 02-ff] end is updated to 02
Fri Aug  1 14:33:57 2025 kern.info kernel: [    1.260461] pci 0000:00:00.0: BAR 0: no space for [mem size 0x80000000]
Fri Aug  1 14:33:57 2025 kern.info kernel: [    1.267009] pci 0000:00:00.0: BAR 0: failed to assign [mem size 0x80000000]
Fri Aug  1 14:33:57 2025 kern.info kernel: [    1.273896] pci 0000:00:01.0: BAR 0: no space for [mem size 0x80000000]
Fri Aug  1 14:33:57 2025 kern.info kernel: [    1.280487] pci 0000:00:01.0: BAR 0: failed to assign [mem size 0x80000000]
Fri Aug  1 14:33:57 2025 kern.info kernel: [    1.287409] pci 0000:00:00.0: BAR 8: assigned [mem 0x60000000-0x600fffff]
Fri Aug  1 14:33:57 2025 kern.info kernel: [    1.294112] pci 0000:00:00.0: BAR 9: assigned [mem 0x60100000-0x601fffff pref]
Fri Aug  1 14:33:57 2025 kern.info kernel: [    1.301313] pci 0000:00:01.0: BAR 8: assigned [mem 0x60200000-0x602fffff]
Fri Aug  1 14:33:57 2025 kern.info kernel: [    1.308053] pci 0000:00:01.0: BAR 9: assigned [mem 0x60300000-0x603fffff pref]
Fri Aug  1 14:33:57 2025 kern.info kernel: [    1.315193] pci 0000:00:00.0: BAR 1: assigned [mem 0x60400000-0x6040ffff]
Fri Aug  1 14:33:57 2025 kern.info kernel: [    1.321981] pci 0000:00:01.0: BAR 1: assigned [mem 0x60410000-0x6041ffff]
Fri Aug  1 14:33:57 2025 kern.info kernel: [    1.328709] pci 0000:00:00.0: BAR 7: assigned [io  0x0000-0x0fff]
Fri Aug  1 14:33:57 2025 kern.info kernel: [    1.334723] pci 0000:00:01.0: BAR 7: assigned [io  0x1000-0x1fff]
Fri Aug  1 14:33:57 2025 kern.info kernel: [    1.340815] pci 0000:01:00.0: BAR 0: assigned [mem 0x60000000-0x600fffff 64bit]
Fri Aug  1 14:33:57 2025 kern.info kernel: [    1.348075] pci 0000:00:00.0: PCI bridge to [bus 01]
Fri Aug  1 14:33:57 2025 kern.info kernel: [    1.352955] pci 0000:00:00.0:   bridge window [io  0x0000-0x0fff]
Fri Aug  1 14:33:57 2025 kern.info kernel: [    1.359034] pci 0000:00:00.0:   bridge window [mem 0x60000000-0x600fffff]
Fri Aug  1 14:33:57 2025 kern.info kernel: [    1.365742] pci 0000:00:00.0:   bridge window [mem 0x60100000-0x601fffff pref]
Fri Aug  1 14:33:57 2025 kern.info kernel: [    1.372952] pci 0000:02:00.0: BAR 0: assigned [mem 0x60200000-0x602fffff 64bit]
Fri Aug  1 14:33:57 2025 kern.info kernel: [    1.380226] pci 0000:00:01.0: PCI bridge to [bus 02]
Fri Aug  1 14:33:57 2025 kern.info kernel: [    1.385099] pci 0000:00:01.0:   bridge window [io  0x1000-0x1fff]
Fri Aug  1 14:33:57 2025 kern.info kernel: [    1.391178] pci 0000:00:01.0:   bridge window [mem 0x60200000-0x602fffff]
Fri Aug  1 14:33:57 2025 kern.info kernel: [    1.397917] pci 0000:00:01.0:   bridge window [mem 0x60300000-0x603fffff pref]
Fri Aug  1 14:33:57 2025 kern.info kernel: [    1.405060] pci_bus 0000:00: Some PCI device resources are unassigned, try booting with pci=realloc
Fri Aug  1 14:33:57 2025 kern.info kernel: [    1.414073] pci_bus 0000:00: resource 4 [mem 0x60000000-0x6fffffff]
Fri Aug  1 14:33:57 2025 kern.info kernel: [    1.420293] pci_bus 0000:00: resource 5 [io  0x0000-0xffff]
Fri Aug  1 14:33:57 2025 kern.info kernel: [    1.425794] pci_bus 0000:01: resource 0 [io  0x0000-0x0fff]
Fri Aug  1 14:33:57 2025 kern.info kernel: [    1.431351] pci_bus 0000:01: resource 1 [mem 0x60000000-0x600fffff]
Fri Aug  1 14:33:57 2025 kern.info kernel: [    1.437583] pci_bus 0000:01: resource 2 [mem 0x60100000-0x601fffff pref]
Fri Aug  1 14:33:57 2025 kern.info kernel: [    1.444196] pci_bus 0000:02: resource 0 [io  0x1000-0x1fff]
Fri Aug  1 14:33:57 2025 kern.info kernel: [    1.449754] pci_bus 0000:02: resource 1 [mem 0x60200000-0x602fffff]
Fri Aug  1 14:33:57 2025 kern.info kernel: [    1.455946] pci_bus 0000:02: resource 2 [mem 0x60300000-0x603fffff pref]
Fri Aug  1 14:33:57 2025 kern.info kernel: [    1.464358] Serial: 8250/16550 driver, 16 ports, IRQ sharing enabled
Fri Aug  1 14:33:57 2025 kern.info kernel: [    1.480222] printk: console [ttyS0] disabled
Fri Aug  1 14:33:57 2025 kern.info kernel: [    1.485400] 1e000c00.uartlite: ttyS0 at MMIO 0x1e000c00 (irq = 18, base_baud = 3125000) is a 16550A
Fri Aug  1 14:33:57 2025 kern.info kernel: [    1.494518] printk: console [ttyS0] enabled
Fri Aug  1 14:33:57 2025 kern.info kernel: [    1.502831] printk: bootconsole [early0] disabled
Fri Aug  1 14:33:57 2025 kern.info kernel: [    1.517087] nand: device found, Manufacturer ID: 0xc2, Chip ID: 0xf1
Fri Aug  1 14:33:57 2025 kern.info kernel: [    1.523461] nand: Macronix MX30LF1G18AC
Fri Aug  1 14:33:57 2025 kern.info kernel: [    1.527306] nand: 128 MiB, SLC, erase size: 128 KiB, page size: 2048, OOB size: 64
Fri Aug  1 14:33:57 2025 kern.info kernel: [    1.534858] mt7621-nand 1e003000.nand: ECC strength adjusted to 4 bits
Fri Aug  1 14:33:57 2025 kern.info kernel: [    1.542101] read_bbt: found bbt at block 1023
Fri Aug  1 14:33:57 2025 kern.notice kernel: [    1.547032] 11 fixed-partitions partitions found on MTD device mt7621-nand
Fri Aug  1 14:33:57 2025 kern.notice kernel: [    1.553929] Creating 11 MTD partitions on "mt7621-nand":
Fri Aug  1 14:33:57 2025 kern.notice kernel: [    1.559268] 0x000000000000-0x000000080000 : "boot"
Fri Aug  1 14:33:57 2025 kern.notice kernel: [    1.569353] 0x000000080000-0x0000000c0000 : "u_env"
Fri Aug  1 14:33:57 2025 kern.notice kernel: [    1.577196] 0x0000000c0000-0x000000100000 : "factory"
Fri Aug  1 14:33:57 2025 kern.notice kernel: [    1.585686] 0x000000100000-0x000000140000 : "s_env"
Fri Aug  1 14:33:57 2025 kern.notice kernel: [    1.593611] 0x000000140000-0x000000180000 : "devinfo"
Fri Aug  1 14:33:57 2025 kern.notice kernel: [    1.602106] 0x000000180000-0x000000580000 : "kernel"
Fri Aug  1 14:33:57 2025 kern.notice kernel: [    1.636730] 0x000000580000-0x000002980000 : "ubi"
Fri Aug  1 14:33:57 2025 kern.notice kernel: [    1.896032] 0x000002980000-0x000002d80000 : "alt_kernel"
Fri Aug  1 14:33:57 2025 kern.notice kernel: [    1.930894] 0x000002d80000-0x000005180000 : "alt_rootfs"
Fri Aug  1 14:33:57 2025 kern.notice kernel: [    2.190862] 0x000005180000-0x000005280000 : "sysdiag"
Fri Aug  1 14:33:57 2025 kern.notice kernel: [    2.204280] 0x000005280000-0x000007f80000 : "syscfg"
Fri Aug  1 14:33:57 2025 kern.err kernel: [    2.678388] mtk_soc_eth 1e100000.ethernet: generated random MAC address 65:74:68:25:64:00
Fri Aug  1 14:33:57 2025 kern.err kernel: [    2.686607] mtk_soc_eth 1e100000.ethernet: generated random MAC address 65:74:68:25:64:00
Fri Aug  1 14:33:57 2025 kern.info kernel: [    2.696499] mt7530-mdio mdio-bus:1f: MT7530 adapts as multi-chip module
Fri Aug  1 14:33:57 2025 kern.info kernel: [    2.711026] mtk_soc_eth 1e100000.ethernet eth0: mediatek frame engine at 0xbe100000, irq 19
Fri Aug  1 14:33:57 2025 kern.info kernel: [    2.722567] mtk_soc_eth 1e100000.ethernet eth1: mediatek frame engine at 0xbe100000, irq 19
Fri Aug  1 14:33:57 2025 kern.info kernel: [    2.732581] i2c_dev: i2c /dev entries driver
Fri Aug  1 14:33:57 2025 kern.info kernel: [    2.741085] NET: Registered PF_INET6 protocol family
Fri Aug  1 14:33:57 2025 kern.info kernel: [    2.749319] Segment Routing with IPv6
Fri Aug  1 14:33:57 2025 kern.info kernel: [    2.753093] In-situ OAM (IOAM) with IPv6
Fri Aug  1 14:33:57 2025 kern.info kernel: [    2.757179] NET: Registered PF_PACKET protocol family
Fri Aug  1 14:33:57 2025 kern.info kernel: [    2.762285] bridge: filtering via arp/ip/ip6tables is no longer available by default. Update your scripts to load br_netfilter if you need this.
Fri Aug  1 14:33:57 2025 kern.info kernel: [    2.775828] 8021q: 802.1Q VLAN Support v1.8
Fri Aug  1 14:33:57 2025 kern.info kernel: [    2.810482] mt7530-mdio mdio-bus:1f: MT7530 adapts as multi-chip module
Fri Aug  1 14:33:57 2025 kern.info kernel: [    2.844853] mt7530-mdio mdio-bus:1f: configuring for fixed/rgmii link mode
Fri Aug  1 14:33:57 2025 kern.info kernel: [    2.853352] mt7530-mdio mdio-bus:1f lan1 (uninitialized): PHY [mt7530-0:01] driver [MediaTek MT7530 PHY] (irq=21)
Fri Aug  1 14:33:57 2025 kern.info kernel: [    2.866167] mt7530-mdio mdio-bus:1f: Link is Up - 1Gbps/Full - flow control rx/tx
Fri Aug  1 14:33:57 2025 kern.info kernel: [    2.867796] mt7530-mdio mdio-bus:1f lan2 (uninitialized): PHY [mt7530-0:02] driver [MediaTek MT7530 PHY] (irq=22)
Fri Aug  1 14:33:57 2025 kern.info kernel: [    2.886773] mt7530-mdio mdio-bus:1f lan3 (uninitialized): PHY [mt7530-0:03] driver [MediaTek MT7530 PHY] (irq=23)
Fri Aug  1 14:33:57 2025 kern.info kernel: [    2.899911] mt7530-mdio mdio-bus:1f lan4 (uninitialized): PHY [mt7530-0:04] driver [MediaTek MT7530 PHY] (irq=24)
Fri Aug  1 14:33:57 2025 kern.info kernel: [    2.912403] mtk_soc_eth 1e100000.ethernet eth0: entered promiscuous mode
Fri Aug  1 14:33:57 2025 kern.info kernel: [    2.919316] DSA: tree 0 setup
Fri Aug  1 14:33:57 2025 kern.notice kernel: [    2.924312] UBI: auto-attach mtd6
Fri Aug  1 14:33:57 2025 kern.notice kernel: [    2.927729] ubi0: attaching mtd6
Fri Aug  1 14:33:57 2025 kern.notice kernel: [    3.439768] ubi0: scanning is finished
Fri Aug  1 14:33:57 2025 kern.notice kernel: [    3.455927] ubi0: attached mtd6 (name "ubi", size 36 MiB)
Fri Aug  1 14:33:57 2025 kern.notice kernel: [    3.461430] ubi0: PEB size: 131072 bytes (128 KiB), LEB size: 126976 bytes
Fri Aug  1 14:33:57 2025 kern.notice kernel: [    3.468314] ubi0: min./max. I/O unit sizes: 2048/2048, sub-page size 2048
Fri Aug  1 14:33:57 2025 kern.notice kernel: [    3.475078] ubi0: VID header offset: 2048 (aligned 2048), data offset: 4096
Fri Aug  1 14:33:57 2025 kern.notice kernel: [    3.482032] ubi0: good PEBs: 288, bad PEBs: 0, corrupted PEBs: 0
Fri Aug  1 14:33:57 2025 kern.notice kernel: [    3.488041] ubi0: user volume: 2, internal volumes: 1, max. volumes count: 128
Fri Aug  1 14:33:57 2025 kern.notice kernel: [    3.495236] ubi0: max/mean erase counter: 2/1, WL threshold: 4096, image sequence number: 1738624177
Fri Aug  1 14:33:57 2025 kern.notice kernel: [    3.504354] ubi0: available PEBs: 0, total reserved PEBs: 288, PEBs reserved for bad PEB handling: 20
Fri Aug  1 14:33:57 2025 kern.notice kernel: [    3.513597] ubi0: background thread "ubi_bgt0d" started, PID 472
Fri Aug  1 14:33:57 2025 kern.info kernel: [    3.515278] block ubiblock0_0: created from ubi0:0(rootfs)
Fri Aug  1 14:33:57 2025 kern.notice kernel: [    3.525137] ubiblock: device ubiblock0_0 (rootfs) set to be root filesystem
Fri Aug  1 14:33:57 2025 kern.info kernel: [    3.532376] clk: Disabling unused clocks
Fri Aug  1 14:33:57 2025 kern.info kernel: [    3.543481] VFS: Mounted root (squashfs filesystem) readonly on device 254:0.
Fri Aug  1 14:33:57 2025 kern.info kernel: [    3.554656] Freeing unused kernel image (initmem) memory: 1284K
Fri Aug  1 14:33:57 2025 kern.warn kernel: [    3.560695] This architecture does not have kernel memory protection.
Fri Aug  1 14:33:57 2025 kern.info kernel: [    3.567166] Run /sbin/init as init process
Fri Aug  1 14:33:57 2025 kern.debug kernel: [    3.571245]   with arguments:
Fri Aug  1 14:33:57 2025 kern.debug kernel: [    3.571251]     /sbin/init
Fri Aug  1 14:33:57 2025 kern.debug kernel: [    3.571257]   with environment:
Fri Aug  1 14:33:57 2025 kern.debug kernel: [    3.571262]     HOME=/
Fri Aug  1 14:33:57 2025 kern.debug kernel: [    3.571268]     TERM=linux
Fri Aug  1 14:33:57 2025 user.info kernel: [    3.996692] init: Console is alive
Fri Aug  1 14:33:57 2025 user.info kernel: [    4.000533] init: - watchdog -
Fri Aug  1 14:33:57 2025 user.info kernel: [    4.821183] kmodloader: loading kernel modules from /etc/modules-boot.d/*
Fri Aug  1 14:33:57 2025 kern.info kernel: [    4.880495] usbcore: registered new interface driver usbfs
Fri Aug  1 14:33:57 2025 kern.info kernel: [    4.886166] usbcore: registered new interface driver hub
Fri Aug  1 14:33:57 2025 kern.info kernel: [    4.891680] usbcore: registered new device driver usb
Fri Aug  1 14:33:57 2025 kern.warn kernel: [    4.898458] gpio_button_hotplug: loading out-of-tree module taints kernel.
Fri Aug  1 14:33:57 2025 kern.warn kernel: [    4.916207] xhci-mtk 1e1c0000.xhci: supply vbus not found, using dummy regulator
Fri Aug  1 14:33:57 2025 kern.warn kernel: [    4.924036] xhci-mtk 1e1c0000.xhci: supply vusb33 not found, using dummy regulator
Fri Aug  1 14:33:57 2025 kern.info kernel: [    4.932122] xhci-mtk 1e1c0000.xhci: xHCI Host Controller
Fri Aug  1 14:33:57 2025 kern.info kernel: [    4.937568] xhci-mtk 1e1c0000.xhci: new USB bus registered, assigned bus number 1
Fri Aug  1 14:33:57 2025 kern.info kernel: [    4.950065] xhci-mtk 1e1c0000.xhci: hcc params 0x01401198 hci version 0x96 quirks 0x0000000000280010
Fri Aug  1 14:33:57 2025 kern.info kernel: [    4.959322] xhci-mtk 1e1c0000.xhci: irq 27, io mem 0x1e1c0000
Fri Aug  1 14:33:57 2025 kern.info kernel: [    4.965323] xhci-mtk 1e1c0000.xhci: xHCI Host Controller
Fri Aug  1 14:33:57 2025 kern.info kernel: [    4.970670] xhci-mtk 1e1c0000.xhci: new USB bus registered, assigned bus number 2
Fri Aug  1 14:33:57 2025 kern.info kernel: [    4.978164] xhci-mtk 1e1c0000.xhci: Host supports USB 3.0 SuperSpeed
Fri Aug  1 14:33:57 2025 kern.info kernel: [    4.985787] hub 1-0:1.0: USB hub found
Fri Aug  1 14:33:57 2025 kern.info kernel: [    4.989723] hub 1-0:1.0: 2 ports detected
Fri Aug  1 14:33:57 2025 kern.info kernel: [    4.994877] usb usb2: We don't know the algorithms for LPM for this host, disabling LPM.
Fri Aug  1 14:33:57 2025 kern.info kernel: [    5.004260] hub 2-0:1.0: USB hub found
Fri Aug  1 14:33:57 2025 kern.info kernel: [    5.008251] hub 2-0:1.0: 1 port detected
Fri Aug  1 14:33:57 2025 user.info kernel: [    5.022605] kmodloader: done loading kernel modules from /etc/modules-boot.d/*
Fri Aug  1 14:33:57 2025 user.info kernel: [    5.037217] init: - preinit -
Fri Aug  1 14:33:57 2025 kern.info kernel: [    5.739164] mtk_soc_eth 1e100000.ethernet wan: renamed from eth1
Fri Aug  1 14:33:57 2025 kern.info kernel: [    6.377021] usb 2-1: new SuperSpeed USB device number 2 using xhci-mtk
Fri Aug  1 14:33:57 2025 kern.notice kernel: [    7.356894] random: crng init done
Fri Aug  1 14:33:57 2025 kern.warn kernel: [    7.553591] mtdblock: MTD device 'devinfo' is NAND, please consider using UBI block devices instead.
Fri Aug  1 14:33:57 2025 kern.info kernel: [    8.365736] mtk_soc_eth 1e100000.ethernet eth0: configuring for fixed/rgmii link mode
Fri Aug  1 14:33:57 2025 kern.info kernel: [    8.378356] mtk_soc_eth 1e100000.ethernet eth0: Link is Up - 1Gbps/Full - flow control rx/tx
Fri Aug  1 14:33:57 2025 kern.info kernel: [    8.378775] mt7530-mdio mdio-bus:1f lan1: configuring for phy/gmii link mode
Fri Aug  1 14:33:57 2025 kern.info kernel: [   11.919485] mt7530-mdio mdio-bus:1f lan1: Link is Up - 1Gbps/Full - flow control rx/tx
Fri Aug  1 14:33:57 2025 kern.notice kernel: [   12.769724] UBIFS (ubi0:1): Mounting in unauthenticated mode
Fri Aug  1 14:33:57 2025 kern.notice kernel: [   12.775701] UBIFS (ubi0:1): background thread "ubifs_bgt0_1" started, PID 671
Fri Aug  1 14:33:57 2025 kern.notice kernel: [   12.832148] UBIFS (ubi0:1): recovery needed
Fri Aug  1 14:33:57 2025 kern.notice kernel: [   12.968405] UBIFS (ubi0:1): recovery completed
Fri Aug  1 14:33:57 2025 kern.notice kernel: [   12.973038] UBIFS (ubi0:1): UBIFS: mounted UBI device 0, volume 1, name "rootfs_data"
Fri Aug  1 14:33:57 2025 kern.notice kernel: [   12.980910] UBIFS (ubi0:1): LEB size: 126976 bytes (124 KiB), min./max. I/O unit sizes: 2048 bytes/2048 bytes
Fri Aug  1 14:33:57 2025 kern.notice kernel: [   12.990807] UBIFS (ubi0:1): FS size: 27553792 bytes (26 MiB, 217 LEBs), max 227 LEBs, journal size 1396736 bytes (1 MiB, 11 LEBs)
Fri Aug  1 14:33:57 2025 kern.notice kernel: [   13.002431] UBIFS (ubi0:1): reserved for root: 1301433 bytes (1270 KiB)
Fri Aug  1 14:33:57 2025 kern.notice kernel: [   13.009036] UBIFS (ubi0:1): media format: w5/r0 (latest is w5/r0), UUID 873D2DA8-253A-4C5E-A798-27C847B69569, small LPT model
Fri Aug  1 14:33:57 2025 user.info kernel: [   13.025405] mount_root: switching to ubifs overlay
Fri Aug  1 14:33:57 2025 user.warn kernel: [   13.046042] urandom-seed: Seeding with /etc/urandom.seed
Fri Aug  1 14:33:57 2025 kern.info kernel: [   13.141051] mt7530-mdio mdio-bus:1f lan1: Link is Down
Fri Aug  1 14:33:57 2025 user.info kernel: [   13.157107] procd: - early -
Fri Aug  1 14:33:57 2025 user.info kernel: [   13.160222] procd: - watchdog -
Fri Aug  1 14:33:57 2025 user.info kernel: [   13.768721] procd: - watchdog -
Fri Aug  1 14:33:57 2025 user.info kernel: [   13.774970] procd: - ubus -
Fri Aug  1 14:33:57 2025 user.info kernel: [   13.938543] procd: - init -
Fri Aug  1 14:33:57 2025 user.info kernel: [   14.658859] kmodloader: loading kernel modules from /etc/modules.d/*
Fri Aug  1 14:33:57 2025 kern.info kernel: [   14.723167] mtk-eip93 1e004000.crypto: EIP93 Crypto Engine Initialized.
Fri Aug  1 14:33:57 2025 kern.info kernel: [   15.099830] jitterentropy: Initialization failed with host not compliant with requirements: 9
Fri Aug  1 14:33:57 2025 kern.info kernel: [   15.228145] Loading modules backported from Linux version v6.12.6-0-ge9d65b48ce1a
Fri Aug  1 14:33:57 2025 kern.info kernel: [   15.235639] Backport generated by backports.git v6.1.110-1-35-g410656ef04d2
Fri Aug  1 14:33:57 2025 kern.info kernel: [   15.438817] pci 0000:00:00.0: enabling device (0000 -> 0003)
Fri Aug  1 14:33:57 2025 kern.info kernel: [   15.444506] mt7615e 0000:01:00.0: enabling device (0000 -> 0002)
Fri Aug  1 14:33:57 2025 kern.info kernel: [   15.460943] mt7615e 0000:01:00.0: registering led 'mt76-phy0'
Fri Aug  1 14:33:57 2025 kern.debug kernel: [   15.528343] ieee80211 phy0: Selected rate control algorithm 'minstrel_ht'
Fri Aug  1 14:33:57 2025 kern.info kernel: [   15.531612] pci 0000:00:01.0: enabling device (0000 -> 0003)
Fri Aug  1 14:33:57 2025 kern.info kernel: [   15.537412] mt7615e 0000:02:00.0: enabling device (0000 -> 0002)
Fri Aug  1 14:33:57 2025 kern.info kernel: [   15.558376] mt7615e 0000:02:00.0: registering led 'mt76-phy1'
Fri Aug  1 14:33:57 2025 kern.info kernel: [   15.578446] mt7615e 0000:01:00.0: HW/SW Version: 0x8a108a10, Build Time: 20180518100604a
Fri Aug  1 14:33:57 2025 kern.info kernel: [   15.578446]
Fri Aug  1 14:33:57 2025 kern.debug kernel: [   15.683904] ieee80211 phy1: Selected rate control algorithm 'minstrel_ht'
Fri Aug  1 14:33:57 2025 kern.debug kernel: [   15.683965] ieee80211 phy1: copying sband (band 1) due to VHT EXT NSS BW flag
Fri Aug  1 14:33:57 2025 kern.info kernel: [   15.710416] mt7615e 0000:02:00.0: HW/SW Version: 0x8a108a10, Build Time: 20180518100604a
Fri Aug  1 14:33:57 2025 kern.info kernel: [   15.710416]
Fri Aug  1 14:33:57 2025 kern.info kernel: [   15.810760] mt7615e 0000:01:00.0: N9 Firmware Version: _reserved_, Build Time: 20200814163649
Fri Aug  1 14:33:57 2025 kern.info kernel: [   15.810825] mt7615e 0000:02:00.0: N9 Firmware Version: _reserved_, Build Time: 20200814163649
Fri Aug  1 14:33:57 2025 kern.info kernel: [   15.829723] mt7615e 0000:01:00.0: CR4 Firmware Version: _reserved_, Build Time: 20190415154149
Fri Aug  1 14:33:57 2025 kern.info kernel: [   15.832340] PPP generic driver version 2.4.2
Fri Aug  1 14:33:57 2025 kern.info kernel: [   15.847267] mt7615e 0000:02:00.0: CR4 Firmware Version: _reserved_, Build Time: 20190415154149
Fri Aug  1 14:33:57 2025 kern.info kernel: [   15.848685] NET: Registered PF_PPPOX protocol family
Fri Aug  1 14:33:57 2025 user.info kernel: [   15.877113] urngd: v1.0.2 started.
Fri Aug  1 14:33:57 2025 kern.warn kernel: [   16.028705] mtdblock: MTD device 'devinfo' is NAND, please consider using UBI block devices instead.
Fri Aug  1 14:33:57 2025 user.info kernel: [   16.424600] kmodloader: done loading kernel modules from /etc/modules.d/*
Fri Aug  1 14:33:57 2025 kern.warn kernel: [   16.597541] mtdblock: MTD device 'devinfo' is NAND, please consider using UBI block devices instead.
Fri Aug  1 14:33:59 2025 daemon.info dnsmasq[1]: started, version 2.90 cachesize 1000
Fri Aug  1 14:33:59 2025 daemon.info dnsmasq[1]: compile time options: IPv6 GNU-getopt no-DBus UBus no-i18n no-IDN DHCP no-DHCPv6 no-Lua TFTP no-conntrack no-ipset no-nftset no-auth no-cryptohash no-DNSSEC no-ID loop-detect inotify dumpfile
Fri Aug  1 14:33:59 2025 daemon.info dnsmasq[1]: UBus support enabled: connected to system bus
Fri Aug  1 14:33:59 2025 daemon.info dnsmasq[1]: using only locally-known addresses for test
Fri Aug  1 14:33:59 2025 daemon.info dnsmasq[1]: using only locally-known addresses for onion
Fri Aug  1 14:33:59 2025 daemon.info dnsmasq[1]: using only locally-known addresses for localhost
Fri Aug  1 14:33:59 2025 daemon.info dnsmasq[1]: using only locally-known addresses for local
Fri Aug  1 14:33:59 2025 daemon.info dnsmasq[1]: using only locally-known addresses for invalid
Fri Aug  1 14:33:59 2025 daemon.info dnsmasq[1]: using only locally-known addresses for bind
Fri Aug  1 14:33:59 2025 daemon.info dnsmasq[1]: using only locally-known addresses for lan.local
Fri Aug  1 14:33:59 2025 daemon.warn dnsmasq[1]: no servers found in /tmp/resolv.conf.d/resolv.conf.auto, will retry
Fri Aug  1 14:33:59 2025 daemon.info dnsmasq[1]: read /etc/hosts - 12 names
Fri Aug  1 14:33:59 2025 daemon.info dnsmasq[1]: read /tmp/hosts/dhcp.cfg01411c - 0 names
Fri Aug  1 14:33:59 2025 authpriv.info dropbear[1510]: Not backgrounding
Fri Aug  1 14:34:01 2025 user.notice : Added device handler type: bonding
Fri Aug  1 14:34:01 2025 user.notice : Added device handler type: 8021ad
Fri Aug  1 14:34:01 2025 user.notice : Added device handler type: 8021q
Fri Aug  1 14:34:01 2025 user.notice : Added device handler type: macvlan
Fri Aug  1 14:34:01 2025 user.notice : Added device handler type: veth
Fri Aug  1 14:34:01 2025 user.notice : Added device handler type: bridge
Fri Aug  1 14:34:01 2025 user.notice : Added device handler type: Network device
Fri Aug  1 14:34:01 2025 user.notice : Added device handler type: tunnel
Fri Aug  1 14:34:02 2025 daemon.notice wpa_supplicant[1643]: Successfully initialized wpa_supplicant
Fri Aug  1 14:34:02 2025 daemon.notice procd: /etc/rc.d/S25packet_steering: pid 298's current affinity list: 0-3
Fri Aug  1 14:34:02 2025 daemon.notice procd: /etc/rc.d/S25packet_steering: pid 298's new affinity list: 0
Fri Aug  1 14:34:02 2025 daemon.notice procd: /etc/rc.d/S25packet_steering: pid 299's current affinity list: 0-3
Fri Aug  1 14:34:02 2025 daemon.notice procd: /etc/rc.d/S25packet_steering: pid 299's new affinity list: 0
Fri Aug  1 14:34:03 2025 user.notice ucitrack: Setting up /etc/config/luci-splash reload dependency on /etc/config/firewall
Fri Aug  1 14:34:03 2025 user.notice ucitrack: Setting up /etc/config/qos reload dependency on /etc/config/firewall
Fri Aug  1 14:34:03 2025 user.notice ucitrack: Setting up /etc/config/miniupnpd reload dependency on /etc/config/firewall
Fri Aug  1 14:34:03 2025 user.notice ucitrack: Setting up /etc/config/odhcpd reload dependency on /etc/config/dhcp
Fri Aug  1 14:34:03 2025 user.notice ucitrack: Setting up /etc/config/dhcp reload dependency on /etc/config/network
Fri Aug  1 14:34:04 2025 user.notice ucitrack: Setting up /etc/config/network reload dependency on /etc/config/wireless
Fri Aug  1 14:34:04 2025 user.notice ucitrack: Setting up non-init /etc/config/fstab reload handler: /sbin/block mount
Fri Aug  1 14:34:04 2025 user.notice ucitrack: Setting up /etc/config/system reload trigger for non-procd /etc/init.d/led
Fri Aug  1 14:34:04 2025 user.notice ucitrack: Setting up /etc/config/luci_statistics reload dependency on /etc/config/system
Fri Aug  1 14:34:04 2025 user.notice ucitrack: Setting up /etc/config/dhcp reload dependency on /etc/config/system
Fri Aug  1 14:34:05 2025 kern.info kernel: [   25.201568] mtk_soc_eth 1e100000.ethernet eth0: Link is Down
Fri Aug  1 14:34:05 2025 kern.info kernel: [   25.227773] mtk_soc_eth 1e100000.ethernet eth0: configuring for fixed/rgmii link mode
Fri Aug  1 14:34:05 2025 kern.info kernel: [   25.236211] mtk_soc_eth 1e100000.ethernet eth0: Link is Up - 1Gbps/Full - flow control rx/tx
Fri Aug  1 14:34:05 2025 kern.info kernel: [   25.243786] mt7530-mdio mdio-bus:1f lan1: configuring for phy/gmii link mode
Fri Aug  1 14:34:05 2025 kern.info kernel: [   25.254335] br-lan: port 1(lan1) entered blocking state
Fri Aug  1 14:34:05 2025 kern.info kernel: [   25.259810] br-lan: port 1(lan1) entered disabled state
Fri Aug  1 14:34:05 2025 kern.info kernel: [   25.265217] mt7530-mdio mdio-bus:1f lan1: entered allmulticast mode
Fri Aug  1 14:34:05 2025 kern.info kernel: [   25.271708] mtk_soc_eth 1e100000.ethernet eth0: entered allmulticast mode
Fri Aug  1 14:34:05 2025 kern.info kernel: [   25.281693] mt7530-mdio mdio-bus:1f lan1: entered promiscuous mode
Fri Aug  1 14:34:05 2025 daemon.notice netifd: Interface 'lan' is enabled
Fri Aug  1 14:34:05 2025 daemon.notice netifd: Interface 'lan' is setting up now
Fri Aug  1 14:34:05 2025 daemon.notice netifd: Interface 'lan' is now up
Fri Aug  1 14:34:05 2025 kern.info kernel: [   25.312894] mt7530-mdio mdio-bus:1f lan2: configuring for phy/gmii link mode
Fri Aug  1 14:34:05 2025 kern.info kernel: [   25.322099] br-lan: port 2(lan2) entered blocking state
Fri Aug  1 14:34:05 2025 kern.info kernel: [   25.327460] br-lan: port 2(lan2) entered disabled state
Fri Aug  1 14:34:05 2025 kern.info kernel: [   25.332783] mt7530-mdio mdio-bus:1f lan2: entered allmulticast mode
Fri Aug  1 14:34:05 2025 daemon.notice procd: /etc/rc.d/S96led: setting up led lan1 link
Fri Aug  1 14:34:05 2025 kern.info kernel: [   25.341316] mt7530-mdio mdio-bus:1f lan2: entered promiscuous mode
Fri Aug  1 14:34:05 2025 kern.info kernel: [   25.354911] mt7530-mdio mdio-bus:1f lan3: configuring for phy/gmii link mode
Fri Aug  1 14:34:05 2025 kern.info kernel: [   25.363830] br-lan: port 3(lan3) entered blocking state
Fri Aug  1 14:34:05 2025 kern.info kernel: [   25.369377] br-lan: port 3(lan3) entered disabled state
Fri Aug  1 14:34:05 2025 kern.info kernel: [   25.374879] mt7530-mdio mdio-bus:1f lan3: entered allmulticast mode
Fri Aug  1 14:34:05 2025 kern.info kernel: [   25.383843] mt7530-mdio mdio-bus:1f lan3: entered promiscuous mode
Fri Aug  1 14:34:05 2025 kern.info kernel: [   25.396488] mt7530-mdio mdio-bus:1f lan4: configuring for phy/gmii link mode
Fri Aug  1 14:34:05 2025 kern.info kernel: [   25.405205] br-lan: port 4(lan4) entered blocking state
Fri Aug  1 14:34:05 2025 kern.info kernel: [   25.410561] br-lan: port 4(lan4) entered disabled state
Fri Aug  1 14:34:05 2025 kern.info kernel: [   25.415879] mt7530-mdio mdio-bus:1f lan4: entered allmulticast mode
Fri Aug  1 14:34:05 2025 kern.info kernel: [   25.424583] mt7530-mdio mdio-bus:1f lan4: entered promiscuous mode
Fri Aug  1 14:34:05 2025 daemon.notice netifd: Interface 'loopback' is enabled
Fri Aug  1 14:34:05 2025 daemon.notice netifd: Interface 'loopback' is setting up now
Fri Aug  1 14:34:05 2025 daemon.notice procd: /etc/rc.d/S96led: setting up led lan2 link
Fri Aug  1 14:34:05 2025 daemon.notice netifd: Interface 'loopback' is now up
Fri Aug  1 14:34:05 2025 kern.info kernel: [   25.457176] mtk_soc_eth 1e100000.ethernet wan: PHY [mt7530-0:00] driver [MediaTek MT7530 PHY] (irq=POLL)
Fri Aug  1 14:34:05 2025 kern.info kernel: [   25.466875] mtk_soc_eth 1e100000.ethernet wan: configuring for phy/rgmii link mode
Fri Aug  1 14:34:05 2025 daemon.notice netifd: Interface 'wan' is enabled
Fri Aug  1 14:34:05 2025 daemon.notice netifd: Interface 'wan' is setting up now
Fri Aug  1 14:34:05 2025 daemon.notice netifd: Interface 'wan' is now up
Fri Aug  1 14:34:05 2025 daemon.notice netifd: Interface 'wan6' is enabled
Fri Aug  1 14:34:05 2025 daemon.info dnsmasq[1]: reading /tmp/resolv.conf.d/resolv.conf.auto
Fri Aug  1 14:34:05 2025 daemon.info dnsmasq[1]: using nameserver 13.0.0.254#53
Fri Aug  1 14:34:05 2025 daemon.info dnsmasq[1]: using only locally-known addresses for test
Fri Aug  1 14:34:05 2025 daemon.info dnsmasq[1]: using only locally-known addresses for onion
Fri Aug  1 14:34:05 2025 daemon.info dnsmasq[1]: using only locally-known addresses for localhost
Fri Aug  1 14:34:05 2025 daemon.info dnsmasq[1]: using only locally-known addresses for local
Fri Aug  1 14:34:05 2025 daemon.info dnsmasq[1]: using only locally-known addresses for invalid
Fri Aug  1 14:34:05 2025 daemon.info dnsmasq[1]: using only locally-known addresses for bind
Fri Aug  1 14:34:05 2025 daemon.info dnsmasq[1]: using only locally-known addresses for lan.local
Fri Aug  1 14:34:05 2025 daemon.notice netifd: Network device 'eth0' link is up
Fri Aug  1 14:34:05 2025 daemon.notice netifd: Network device 'lo' link is up
Fri Aug  1 14:34:05 2025 daemon.notice netifd: Interface 'loopback' has link connectivity
Fri Aug  1 14:34:05 2025 daemon.notice procd: /etc/rc.d/S96led: setting up led lan3 link
Fri Aug  1 14:34:05 2025 daemon.notice procd: /etc/rc.d/S96led: setting up led lan4 link
Fri Aug  1 14:34:05 2025 daemon.notice procd: /etc/rc.d/S96led: setting up led wan link
Fri Aug  1 14:34:05 2025 user.notice firewall: Reloading firewall due to ifup of lan (br-lan)
Fri Aug  1 14:34:06 2025 daemon.notice procd: /etc/rc.d/S99bootcount: Boot count sucessfully reset to zero.
Fri Aug  1 14:34:06 2025 daemon.info procd: - init complete -
Fri Aug  1 14:34:07 2025 user.notice firewall: Reloading firewall due to ifup of wan (wan)
Fri Aug  1 14:34:08 2025 kern.info kernel: [   28.301460] mt7530-mdio mdio-bus:1f lan1: Link is Up - 1Gbps/Full - flow control rx/tx
Fri Aug  1 14:34:08 2025 kern.info kernel: [   28.301595] br-lan: port 1(lan1) entered blocking state
Fri Aug  1 14:34:08 2025 kern.info kernel: [   28.314682] br-lan: port 1(lan1) entered forwarding state
Fri Aug  1 14:34:08 2025 daemon.notice netifd: Network device 'lan1' link is up
Fri Aug  1 14:34:08 2025 daemon.notice netifd: bridge 'br-lan' link is up
Fri Aug  1 14:34:08 2025 daemon.notice netifd: Interface 'lan' has link connectivity
Fri Aug  1 14:34:09 2025 daemon.notice netifd: Network device 'wan' link is up
Fri Aug  1 14:34:09 2025 daemon.notice netifd: Interface 'wan' has link connectivity
Fri Aug  1 14:34:09 2025 daemon.notice netifd: Interface 'wan6' has link connectivity
Fri Aug  1 14:34:09 2025 daemon.notice netifd: Interface 'wan6' is setting up now
Fri Aug  1 14:34:09 2025 kern.info kernel: [   29.647086] mtk_soc_eth 1e100000.ethernet wan: Link is Up - 1Gbps/Full - flow control rx/tx
Fri Aug  1 14:34:09 2025 daemon.err odhcp6c[2713]: Failed to send RS (Address not available)
Fri Aug  1 14:34:10 2025 daemon.err odhcp6c[2713]: Failed to send SOLICIT message to ff02::1:2 (Address not available)
Fri Aug  1 14:34:10 2025 daemon.warn odhcpd[1797]: No default route present, overriding ra_lifetime to 0!
Fri Aug  1 14:34:10 2025 daemon.info dnsmasq[1]: exiting on receipt of SIGTERM
Fri Aug  1 14:34:10 2025 daemon.err procd: Got unexpected signal 1
Fri Aug  1 14:34:11 2025 daemon.info dnsmasq[1]: started, version 2.90 cachesize 1000
Fri Aug  1 14:34:11 2025 daemon.info dnsmasq[1]: compile time options: IPv6 GNU-getopt no-DBus UBus no-i18n no-IDN DHCP no-DHCPv6 no-Lua TFTP no-conntrack no-ipset no-nftset no-auth no-cryptohash no-DNSSEC no-ID loop-detect inotify dumpfile
Fri Aug  1 14:34:11 2025 daemon.info dnsmasq[1]: UBus support enabled: connected to system bus
Fri Aug  1 14:34:11 2025 daemon.info dnsmasq-dhcp[1]: DHCP, IP range 15.0.0.100 -- 15.0.0.249, lease time 12h
Fri Aug  1 14:34:11 2025 daemon.info dnsmasq[1]: using only locally-known addresses for test
Fri Aug  1 14:34:11 2025 daemon.info dnsmasq[1]: using only locally-known addresses for onion
Fri Aug  1 14:34:11 2025 daemon.info dnsmasq[1]: using only locally-known addresses for localhost
Fri Aug  1 14:34:11 2025 daemon.info dnsmasq[1]: using only locally-known addresses for local
Fri Aug  1 14:34:11 2025 daemon.info dnsmasq[1]: using only locally-known addresses for invalid
Fri Aug  1 14:34:11 2025 daemon.info dnsmasq[1]: using only locally-known addresses for bind
Fri Aug  1 14:34:11 2025 daemon.info dnsmasq[1]: using only locally-known addresses for lan.local
Fri Aug  1 14:34:11 2025 daemon.info dnsmasq[1]: reading /tmp/resolv.conf.d/resolv.conf.auto
Fri Aug  1 14:34:11 2025 daemon.info dnsmasq[1]: using nameserver 13.0.0.254#53
Fri Aug  1 14:34:11 2025 daemon.info dnsmasq[1]: using only locally-known addresses for test
Fri Aug  1 14:34:11 2025 daemon.info dnsmasq[1]: using only locally-known addresses for onion
Fri Aug  1 14:34:11 2025 daemon.info dnsmasq[1]: using only locally-known addresses for localhost
Fri Aug  1 14:34:11 2025 daemon.info dnsmasq[1]: using only locally-known addresses for local
Fri Aug  1 14:34:11 2025 daemon.info dnsmasq[1]: using only locally-known addresses for invalid
Fri Aug  1 14:34:11 2025 daemon.info dnsmasq[1]: using only locally-known addresses for bind
Fri Aug  1 14:34:11 2025 daemon.info dnsmasq[1]: using only locally-known addresses for lan.local
Fri Aug  1 14:34:11 2025 daemon.info dnsmasq[1]: read /etc/hosts - 12 names
Fri Aug  1 14:34:11 2025 daemon.info dnsmasq[1]: read /tmp/hosts/dhcp.cfg01411c - 4 names
Fri Aug  1 14:34:11 2025 daemon.info dnsmasq-dhcp[1]: read /etc/ethers - 0 addresses
Fri Aug  1 16:19:47 2025 daemon.info dnsmasq[1]: read /etc/hosts - 12 names
Fri Aug  1 16:19:47 2025 daemon.info dnsmasq[1]: read /tmp/hosts/dhcp.cfg01411c - 4 names
Fri Aug  1 16:19:47 2025 daemon.info dnsmasq-dhcp[1]: read /etc/ethers - 0 addresses
Fri Aug  1 16:19:48 2025 daemon.notice netifd: Interface 'wan6' is now up
Fri Aug  1 16:19:48 2025 daemon.info dnsmasq[1]: reading /tmp/resolv.conf.d/resolv.conf.auto
Fri Aug  1 16:19:48 2025 daemon.info dnsmasq[1]: using nameserver 13.0.0.254#53
Fri Aug  1 16:19:48 2025 daemon.info dnsmasq[1]: using nameserver 2600:1700:a650:2df0::1#53
Fri Aug  1 16:19:48 2025 daemon.info dnsmasq[1]: using only locally-known addresses for test
Fri Aug  1 16:19:48 2025 daemon.info dnsmasq[1]: using only locally-known addresses for onion
Fri Aug  1 16:19:48 2025 daemon.info dnsmasq[1]: using only locally-known addresses for localhost
Fri Aug  1 16:19:48 2025 daemon.info dnsmasq[1]: using only locally-known addresses for local
Fri Aug  1 16:19:48 2025 daemon.info dnsmasq[1]: using only locally-known addresses for invalid
Fri Aug  1 16:19:48 2025 daemon.info dnsmasq[1]: using only locally-known addresses for bind
Fri Aug  1 16:19:48 2025 daemon.info dnsmasq[1]: using only locally-known addresses for lan.local
Fri Aug  1 16:19:48 2025 daemon.info dnsmasq[1]: read /etc/hosts - 12 names
Fri Aug  1 16:19:48 2025 daemon.info dnsmasq[1]: read /tmp/hosts/dhcp.cfg01411c - 4 names
Fri Aug  1 16:19:48 2025 daemon.info dnsmasq[1]: read /tmp/hosts/odhcpd - 0 names
Fri Aug  1 16:19:48 2025 daemon.info dnsmasq-dhcp[1]: read /etc/ethers - 0 addresses
Fri Aug  1 16:19:48 2025 user.notice firewall: Reloading firewall due to ifup of wan6 (wan)
Fri Aug  1 16:20:31 2025 daemon.info dnsmasq[1]: read /etc/hosts - 12 names
Fri Aug  1 16:20:31 2025 daemon.info dnsmasq[1]: read /tmp/hosts/dhcp.cfg01411c - 4 names
Fri Aug  1 16:20:31 2025 daemon.info dnsmasq[1]: read /tmp/hosts/odhcpd - 4 names
Fri Aug  1 16:20:31 2025 daemon.info dnsmasq-dhcp[1]: read /etc/ethers - 0 addresses
Fri Aug  1 16:20:46 2025 daemon.info dnsmasq[1]: read /etc/hosts - 12 names
Fri Aug  1 16:20:46 2025 daemon.info dnsmasq[1]: read /tmp/hosts/dhcp.cfg01411c - 4 names
Fri Aug  1 16:20:46 2025 daemon.info dnsmasq[1]: read /tmp/hosts/odhcpd - 8 names
Fri Aug  1 16:20:46 2025 daemon.info dnsmasq-dhcp[1]: read /etc/ethers - 0 addresses
Fri Aug  1 16:20:59 2025 daemon.info dnsmasq[1]: read /etc/hosts - 12 names
Fri Aug  1 16:20:59 2025 daemon.info dnsmasq[1]: read /tmp/hosts/dhcp.cfg01411c - 4 names
Fri Aug  1 16:20:59 2025 daemon.info dnsmasq[1]: read /tmp/hosts/odhcpd - 12 names
Fri Aug  1 16:20:59 2025 daemon.info dnsmasq-dhcp[1]: read /etc/ethers - 0 addresses
Fri Aug  1 16:21:11 2025 daemon.info dnsmasq[1]: read /etc/hosts - 12 names
Fri Aug  1 16:21:11 2025 daemon.info dnsmasq[1]: read /tmp/hosts/dhcp.cfg01411c - 4 names
Fri Aug  1 16:21:11 2025 daemon.info dnsmasq[1]: read /tmp/hosts/odhcpd - 16 names
Fri Aug  1 16:21:11 2025 daemon.info dnsmasq-dhcp[1]: read /etc/ethers - 0 addresses
Fri Aug  1 16:21:24 2025 daemon.err uhttpd[1919]: [info] luci: accepted login on / for root from 13.0.0.124
Fri Aug  1 17:53:31 2025 daemon.warn odhcpd[1797]: No default route present, overriding ra_lifetime to 0!
Fri Aug  1 19:31:56 2025 daemon.info dnsmasq[1]: read /etc/hosts - 12 names
Fri Aug  1 19:31:56 2025 daemon.info dnsmasq[1]: read /tmp/hosts/dhcp.cfg01411c - 4 names
Fri Aug  1 19:31:56 2025 daemon.info dnsmasq[1]: read /tmp/hosts/odhcpd - 16 names
Fri Aug  1 19:31:56 2025 daemon.info dnsmasq-dhcp[1]: read /etc/ethers - 0 addresses
Fri Aug  1 19:32:05 2025 daemon.notice netifd: radio1 (5308): WARNING: Variable 'data' does not exist or is not an array/object
Fri Aug  1 19:32:06 2025 daemon.notice hostapd: Set new config for phy phy1:
Fri Aug  1 19:32:06 2025 daemon.notice wpa_supplicant[1643]: Set new config for phy phy1
Fri Aug  1 19:32:06 2025 daemon.notice wpa_supplicant[1643]: Set new config for phy phy1
Fri Aug  1 19:32:06 2025 daemon.notice hostapd: Set new config for phy phy1: /var/run/hostapd-phy1.conf
Fri Aug  1 19:32:06 2025 daemon.notice hostapd: Restart interface for phy phy1
Fri Aug  1 19:32:06 2025 daemon.notice hostapd: Configuration file: data: driver=nl80211 logger_syslog=127 logger_syslog_level=2 logger_stdout=127 logger_stdout_level=2 hw_mode=a beacon_int=100 stationary_ap=1 chanlist=36 tx_queue_data2_burst=2.0 #num_global_macaddr=1 #macaddr_base= ieee80211n=1 ht_coex=0 ht_capab=[HT40+][LDPC][SHORT-GI-20][SHORT-GI-40][TX-STBC][RX-STBC1] ieee80211ac=1 vht_oper_chwidth=1 vht_oper_centr_freq_seg0_idx=42 vht_capab=[RXLDPC][SHORT-GI-80][TX-STBC-2BY1][RX-ANTENNA-PATTERN][TX-ANTENNA-PATTERN][RX-STBC-1][MAX-A-MPDU-LEN-EXP7] channel=36  interface=phy1-ap0 bssid=58:ef:68:a2:8c:78 ctrl_interface=/var/run/hostapd ap_isolate=1 bss_load_update_period=60 chan_util_avg_period=600 disassoc_low_ack=1 skip_inactivity_poll=0 preamble=1 wmm_enabled=1 ignore_broadcast_ssid=0 uapsd_advertisement_enabled=1 utf8_ssid=1 multi_ap=0 wpa_passphrase=11111111 wpa_psk_file=/var/run/hostapd-phy1-ap0.psk auth_algs=1 wpa=2 wpa_pairwise=CCMP ssid=zephyr bridge=br-lan wds_bridge= snoop_iface=br-lan wpa_disable_eapol_key_retries
Fri Aug  1 19:32:07 2025 kern.info kernel: [11573.261322] br-lan: port 5(phy1-ap0) entered blocking state
Fri Aug  1 19:32:07 2025 kern.info kernel: [11573.266981] br-lan: port 5(phy1-ap0) entered disabled state
Fri Aug  1 19:32:07 2025 kern.info kernel: [11573.272786] mt7615e 0000:02:00.0 phy1-ap0: entered allmulticast mode
Fri Aug  1 19:32:07 2025 kern.info kernel: [11573.279990] mt7615e 0000:02:00.0 phy1-ap0: entered promiscuous mode
Fri Aug  1 19:32:07 2025 kern.info kernel: [11573.291684] mt7615e 0000:02:00.0 phy1-ap0: left allmulticast mode
Fri Aug  1 19:32:07 2025 kern.info kernel: [11573.297853] mt7615e 0000:02:00.0 phy1-ap0: left promiscuous mode
Fri Aug  1 19:32:07 2025 kern.info kernel: [11573.304323] br-lan: port 5(phy1-ap0) entered disabled state
Fri Aug  1 19:32:07 2025 daemon.notice hostapd: phy1-ap0: interface state UNINITIALIZED->HT_SCAN
Fri Aug  1 19:32:07 2025 kern.info kernel: [11573.365461] br-lan: port 5(phy1-ap0) entered blocking state
Fri Aug  1 19:32:07 2025 kern.info kernel: [11573.371285] br-lan: port 5(phy1-ap0) entered disabled state
Fri Aug  1 19:32:07 2025 kern.info kernel: [11573.377009] mt7615e 0000:02:00.0 phy1-ap0: entered allmulticast mode
Fri Aug  1 19:32:07 2025 kern.info kernel: [11573.384228] mt7615e 0000:02:00.0 phy1-ap0: entered promiscuous mode
Fri Aug  1 19:32:07 2025 daemon.notice netifd: Wireless device 'radio1' is now up
Fri Aug  1 19:32:08 2025 daemon.info dnsmasq[1]: read /etc/hosts - 12 names
Fri Aug  1 19:32:08 2025 daemon.info dnsmasq[1]: read /tmp/hosts/dhcp.cfg01411c - 4 names
Fri Aug  1 19:32:08 2025 daemon.info dnsmasq[1]: read /tmp/hosts/odhcpd - 16 names
Fri Aug  1 19:32:08 2025 daemon.info dnsmasq-dhcp[1]: read /etc/ethers - 0 addresses
Fri Aug  1 19:32:09 2025 kern.info kernel: [11574.817372] br-lan: port 5(phy1-ap0) entered blocking state
Fri Aug  1 19:32:09 2025 kern.info kernel: [11574.823023] br-lan: port 5(phy1-ap0) entered forwarding state
Fri Aug  1 19:32:09 2025 daemon.notice netifd: Network device 'phy1-ap0' link is up
Fri Aug  1 19:32:09 2025 daemon.notice hostapd: phy1-ap0: interface state HT_SCAN->ENABLED
Fri Aug  1 19:32:09 2025 daemon.notice hostapd: phy1-ap0: AP-ENABLED
Fri Aug  1 19:35:28 2025 daemon.info hostapd: phy1-ap0: STA 44:fa:66:c8:37:6b IEEE 802.11: authenticated
Fri Aug  1 19:35:28 2025 daemon.info hostapd: phy1-ap0: STA 44:fa:66:c8:37:6b IEEE 802.11: associated (aid 1)
Fri Aug  1 19:35:28 2025 daemon.notice hostapd: phy1-ap0: AP-STA-CONNECTED 44:fa:66:c8:37:6b auth_alg=open
Fri Aug  1 19:35:28 2025 daemon.info hostapd: phy1-ap0: STA 44:fa:66:c8:37:6b WPA: pairwise key handshake completed (RSN)
Fri Aug  1 19:35:28 2025 daemon.notice hostapd: phy1-ap0: EAPOL-4WAY-HS-COMPLETED 44:fa:66:c8:37:6b
Fri Aug  1 19:35:30 2025 daemon.info dnsmasq[1]: read /etc/hosts - 12 names
Fri Aug  1 19:35:30 2025 daemon.info dnsmasq[1]: read /tmp/hosts/dhcp.cfg01411c - 4 names
Fri Aug  1 19:35:30 2025 daemon.info dnsmasq[1]: read /tmp/hosts/odhcpd - 20 names
Fri Aug  1 19:35:30 2025 daemon.info dnsmasq-dhcp[1]: read /etc/ethers - 0 addresses
Fri Aug  1 19:38:30 2025 daemon.info hostapd: phy1-ap0: STA dc:a6:32:ce:0b:86 IEEE 802.11: authenticated
Fri Aug  1 19:38:30 2025 daemon.info hostapd: phy1-ap0: STA dc:a6:32:ce:0b:86 IEEE 802.11: associated (aid 2)
Fri Aug  1 19:38:30 2025 daemon.notice hostapd: phy1-ap0: AP-STA-CONNECTED dc:a6:32:ce:0b:86 auth_alg=open
Fri Aug  1 19:38:30 2025 daemon.info hostapd: phy1-ap0: STA dc:a6:32:ce:0b:86 WPA: pairwise key handshake completed (RSN)
Fri Aug  1 19:38:30 2025 daemon.notice hostapd: phy1-ap0: EAPOL-4WAY-HS-COMPLETED dc:a6:32:ce:0b:86
Fri Aug  1 19:38:32 2025 daemon.info dnsmasq[1]: read /etc/hosts - 12 names
Fri Aug  1 19:38:32 2025 daemon.info dnsmasq[1]: read /tmp/hosts/dhcp.cfg01411c - 4 names
Fri Aug  1 19:38:32 2025 daemon.info dnsmasq[1]: read /tmp/hosts/odhcpd - 24 names
Fri Aug  1 19:38:32 2025 daemon.info dnsmasq-dhcp[1]: read /etc/ethers - 0 addresses
Fri Aug  1 19:38:34 2025 daemon.info hostapd: phy1-ap0: STA dc:a6:32:c8:2c:68 IEEE 802.11: authenticated
Fri Aug  1 19:38:34 2025 daemon.info hostapd: phy1-ap0: STA dc:a6:32:c8:2c:68 IEEE 802.11: associated (aid 3)
Fri Aug  1 19:38:34 2025 daemon.notice hostapd: phy1-ap0: AP-STA-CONNECTED dc:a6:32:c8:2c:68 auth_alg=open
Fri Aug  1 19:38:34 2025 daemon.info hostapd: phy1-ap0: STA dc:a6:32:c8:2c:68 WPA: pairwise key handshake completed (RSN)
Fri Aug  1 19:38:34 2025 daemon.notice hostapd: phy1-ap0: EAPOL-4WAY-HS-COMPLETED dc:a6:32:c8:2c:68
Fri Aug  1 19:38:36 2025 daemon.info dnsmasq[1]: read /etc/hosts - 12 names
Fri Aug  1 19:38:36 2025 daemon.info dnsmasq[1]: read /tmp/hosts/dhcp.cfg01411c - 4 names
Fri Aug  1 19:38:36 2025 daemon.info dnsmasq[1]: read /tmp/hosts/odhcpd - 28 names
Fri Aug  1 19:38:36 2025 daemon.info dnsmasq-dhcp[1]: read /etc/ethers - 0 addresses
Fri Aug  1 19:38:52 2025 daemon.info hostapd: phy1-ap0: STA dc:a6:32:c8:17:1a IEEE 802.11: authenticated
Fri Aug  1 19:38:52 2025 daemon.info hostapd: phy1-ap0: STA dc:a6:32:c8:17:1a IEEE 802.11: associated (aid 4)
Fri Aug  1 19:38:52 2025 daemon.notice hostapd: phy1-ap0: AP-STA-CONNECTED dc:a6:32:c8:17:1a auth_alg=open
Fri Aug  1 19:38:52 2025 daemon.info hostapd: phy1-ap0: STA dc:a6:32:c8:17:1a WPA: pairwise key handshake completed (RSN)
Fri Aug  1 19:38:52 2025 daemon.notice hostapd: phy1-ap0: EAPOL-4WAY-HS-COMPLETED dc:a6:32:c8:17:1a
Fri Aug  1 19:38:54 2025 daemon.info dnsmasq[1]: read /etc/hosts - 12 names
Fri Aug  1 19:38:54 2025 daemon.info dnsmasq[1]: read /tmp/hosts/dhcp.cfg01411c - 4 names
Fri Aug  1 19:38:54 2025 daemon.info dnsmasq[1]: read /tmp/hosts/odhcpd - 32 names
Fri Aug  1 19:38:54 2025 daemon.info dnsmasq-dhcp[1]: read /etc/ethers - 0 addresses
Fri Aug  1 19:39:04 2025 daemon.info hostapd: phy1-ap0: STA e4:5f:01:07:6a:c2 IEEE 802.11: authenticated
Fri Aug  1 19:39:04 2025 daemon.info hostapd: phy1-ap0: STA e4:5f:01:07:6a:c2 IEEE 802.11: associated (aid 5)
Fri Aug  1 19:39:05 2025 daemon.notice hostapd: phy1-ap0: AP-STA-CONNECTED e4:5f:01:07:6a:c2 auth_alg=open
Fri Aug  1 19:39:05 2025 daemon.info hostapd: phy1-ap0: STA e4:5f:01:07:6a:c2 WPA: pairwise key handshake completed (RSN)
Fri Aug  1 19:39:05 2025 daemon.notice hostapd: phy1-ap0: EAPOL-4WAY-HS-COMPLETED e4:5f:01:07:6a:c2
Fri Aug  1 19:39:07 2025 daemon.info dnsmasq[1]: read /etc/hosts - 12 names
Fri Aug  1 19:39:07 2025 daemon.info dnsmasq[1]: read /tmp/hosts/dhcp.cfg01411c - 4 names
Fri Aug  1 19:39:07 2025 daemon.info dnsmasq[1]: read /tmp/hosts/odhcpd - 36 names
Fri Aug  1 19:39:07 2025 daemon.info dnsmasq-dhcp[1]: read /etc/ethers - 0 addresses
Fri Aug  1 19:41:18 2025 daemon.info dnsmasq[1]: exiting on receipt of SIGTERM
Fri Aug  1 19:41:18 2025 daemon.err procd: Got unexpected signal 1
Fri Aug  1 19:41:18 2025 daemon.info dnsmasq[1]: started, version 2.90 cachesize 1000
Fri Aug  1 19:41:18 2025 daemon.info dnsmasq[1]: compile time options: IPv6 GNU-getopt no-DBus UBus no-i18n no-IDN DHCP no-DHCPv6 no-Lua TFTP no-conntrack no-ipset no-nftset no-auth no-cryptohash no-DNSSEC no-ID loop-detect inotify dumpfile
Fri Aug  1 19:41:18 2025 daemon.info dnsmasq[1]: UBus support enabled: connected to system bus
Fri Aug  1 19:41:18 2025 daemon.info dnsmasq-dhcp[1]: DHCP, IP range 15.0.0.100 -- 15.0.0.249, lease time 12h
Fri Aug  1 19:41:18 2025 daemon.info dnsmasq[1]: using only locally-known addresses for test
Fri Aug  1 19:41:18 2025 daemon.info dnsmasq[1]: using only locally-known addresses for onion
Fri Aug  1 19:41:18 2025 daemon.info dnsmasq[1]: using only locally-known addresses for localhost
Fri Aug  1 19:41:18 2025 daemon.info dnsmasq[1]: using only locally-known addresses for local
Fri Aug  1 19:41:18 2025 daemon.info dnsmasq[1]: using only locally-known addresses for invalid
Fri Aug  1 19:41:18 2025 daemon.info dnsmasq[1]: using only locally-known addresses for bind
Fri Aug  1 19:41:18 2025 daemon.info dnsmasq[1]: using only locally-known addresses for lan.local
Fri Aug  1 19:41:18 2025 daemon.info dnsmasq[1]: reading /tmp/resolv.conf.d/resolv.conf.auto
Fri Aug  1 19:41:18 2025 daemon.info dnsmasq[1]: using nameserver 13.0.0.254#53
Fri Aug  1 19:41:18 2025 daemon.info dnsmasq[1]: using nameserver 2600:1700:a650:2df0::1#53
Fri Aug  1 19:41:18 2025 daemon.info dnsmasq[1]: using only locally-known addresses for test
Fri Aug  1 19:41:18 2025 daemon.info dnsmasq[1]: using only locally-known addresses for onion
Fri Aug  1 19:41:18 2025 daemon.info dnsmasq[1]: using only locally-known addresses for localhost
Fri Aug  1 19:41:18 2025 daemon.info dnsmasq[1]: using only locally-known addresses for local
Fri Aug  1 19:41:18 2025 daemon.info dnsmasq[1]: using only locally-known addresses for invalid
Fri Aug  1 19:41:18 2025 daemon.info dnsmasq[1]: using only locally-known addresses for bind
Fri Aug  1 19:41:18 2025 daemon.info dnsmasq[1]: using only locally-known addresses for lan.local
Fri Aug  1 19:41:18 2025 daemon.info dnsmasq[1]: read /etc/hosts - 12 names
Fri Aug  1 19:41:18 2025 daemon.info dnsmasq[1]: read /tmp/hosts/dhcp.cfg01411c - 4 names
Fri Aug  1 19:41:18 2025 daemon.info dnsmasq[1]: read /tmp/hosts/odhcpd - 36 names
Fri Aug  1 19:41:18 2025 daemon.info dnsmasq-dhcp[1]: read /etc/ethers - 0 addresses
Fri Aug  1 19:41:46 2025 daemon.info dnsmasq-dhcp[1]: DHCPDISCOVER(br-lan) 15.0.0.135 dc:a6:32:ce:0b:85
Fri Aug  1 19:41:46 2025 daemon.info dnsmasq-dhcp[1]: DHCPOFFER(br-lan) 15.0.0.135 dc:a6:32:ce:0b:85
Fri Aug  1 19:41:46 2025 daemon.info dnsmasq-dhcp[1]: DHCPREQUEST(br-lan) 15.0.0.135 dc:a6:32:ce:0b:85
Fri Aug  1 19:41:46 2025 daemon.info dnsmasq-dhcp[1]: DHCPACK(br-lan) 15.0.0.135 dc:a6:32:ce:0b:85 tm07
Fri Aug  1 19:41:49 2025 daemon.info dnsmasq-dhcp[1]: DHCPDISCOVER(br-lan) 192.168.1.136 dc:a6:32:ce:0b:86
Fri Aug  1 19:41:49 2025 daemon.info dnsmasq-dhcp[1]: DHCPOFFER(br-lan) 15.0.0.136 dc:a6:32:ce:0b:86
Fri Aug  1 19:41:49 2025 daemon.info dnsmasq-dhcp[1]: DHCPREQUEST(br-lan) 15.0.0.136 dc:a6:32:ce:0b:86
Fri Aug  1 19:41:49 2025 daemon.info dnsmasq-dhcp[1]: DHCPACK(br-lan) 15.0.0.136 dc:a6:32:ce:0b:86 tm07
Fri Aug  1 19:41:49 2025 daemon.info dnsmasq-dhcp[1]: DHCPDISCOVER(br-lan) 15.0.0.191 dc:a6:32:c8:2c:67
Fri Aug  1 19:41:49 2025 daemon.info dnsmasq-dhcp[1]: DHCPOFFER(br-lan) 15.0.0.191 dc:a6:32:c8:2c:67
Fri Aug  1 19:41:49 2025 daemon.info dnsmasq-dhcp[1]: DHCPREQUEST(br-lan) 15.0.0.191 dc:a6:32:c8:2c:67
Fri Aug  1 19:41:49 2025 daemon.info dnsmasq-dhcp[1]: DHCPACK(br-lan) 15.0.0.191 dc:a6:32:c8:2c:67 tm08
Fri Aug  1 19:41:53 2025 daemon.info dnsmasq-dhcp[1]: DHCPDISCOVER(br-lan) 192.168.1.192 dc:a6:32:c8:2c:68
Fri Aug  1 19:41:53 2025 daemon.info dnsmasq-dhcp[1]: DHCPOFFER(br-lan) 15.0.0.192 dc:a6:32:c8:2c:68
Fri Aug  1 19:41:53 2025 daemon.info dnsmasq-dhcp[1]: DHCPREQUEST(br-lan) 15.0.0.192 dc:a6:32:c8:2c:68
Fri Aug  1 19:41:53 2025 daemon.info dnsmasq-dhcp[1]: DHCPACK(br-lan) 15.0.0.192 dc:a6:32:c8:2c:68 tm08
Fri Aug  1 19:41:58 2025 daemon.info dnsmasq-dhcp[1]: DHCPDISCOVER(br-lan) 44:fa:66:c8:37:6b
Fri Aug  1 19:41:58 2025 daemon.info dnsmasq-dhcp[1]: DHCPOFFER(br-lan) 15.0.0.122 44:fa:66:c8:37:6b
Fri Aug  1 19:41:58 2025 daemon.info dnsmasq-dhcp[1]: DHCPREQUEST(br-lan) 15.0.0.122 44:fa:66:c8:37:6b
Fri Aug  1 19:41:58 2025 daemon.info dnsmasq-dhcp[1]: DHCPACK(br-lan) 15.0.0.122 44:fa:66:c8:37:6b akane
Fri Aug  1 19:42:10 2025 daemon.info dnsmasq-dhcp[1]: DHCPDISCOVER(br-lan) 192.168.1.137 dc:a6:32:c8:17:1a
Fri Aug  1 19:42:10 2025 daemon.info dnsmasq-dhcp[1]: DHCPOFFER(br-lan) 15.0.0.137 dc:a6:32:c8:17:1a
Fri Aug  1 19:42:10 2025 daemon.info dnsmasq-dhcp[1]: DHCPDISCOVER(br-lan) 15.0.0.134 dc:a6:32:c8:17:19
Fri Aug  1 19:42:10 2025 daemon.info dnsmasq-dhcp[1]: DHCPOFFER(br-lan) 15.0.0.134 dc:a6:32:c8:17:19
Fri Aug  1 19:42:10 2025 daemon.info dnsmasq-dhcp[1]: DHCPREQUEST(br-lan) 15.0.0.134 dc:a6:32:c8:17:19
Fri Aug  1 19:42:10 2025 daemon.info dnsmasq-dhcp[1]: DHCPACK(br-lan) 15.0.0.134 dc:a6:32:c8:17:19 tm10
Fri Aug  1 19:42:10 2025 daemon.info dnsmasq-dhcp[1]: DHCPREQUEST(br-lan) 15.0.0.137 dc:a6:32:c8:17:1a
Fri Aug  1 19:42:10 2025 daemon.info dnsmasq-dhcp[1]: DHCPACK(br-lan) 15.0.0.137 dc:a6:32:c8:17:1a tm10
Fri Aug  1 19:42:20 2025 daemon.info dnsmasq-dhcp[1]: DHCPDISCOVER(br-lan) 15.0.0.174 e4:5f:01:07:6a:c1
Fri Aug  1 19:42:20 2025 daemon.info dnsmasq-dhcp[1]: DHCPOFFER(br-lan) 15.0.0.174 e4:5f:01:07:6a:c1
Fri Aug  1 19:42:20 2025 daemon.info dnsmasq-dhcp[1]: DHCPREQUEST(br-lan) 15.0.0.174 e4:5f:01:07:6a:c1
Fri Aug  1 19:42:20 2025 daemon.info dnsmasq-dhcp[1]: DHCPACK(br-lan) 15.0.0.174 e4:5f:01:07:6a:c1 tm11
Fri Aug  1 19:42:24 2025 daemon.info dnsmasq-dhcp[1]: DHCPDISCOVER(br-lan) 192.168.1.176 e4:5f:01:07:6a:c2
Fri Aug  1 19:42:24 2025 daemon.info dnsmasq-dhcp[1]: DHCPOFFER(br-lan) 15.0.0.175 e4:5f:01:07:6a:c2
Fri Aug  1 19:42:24 2025 daemon.info dnsmasq-dhcp[1]: DHCPREQUEST(br-lan) 15.0.0.175 e4:5f:01:07:6a:c2
Fri Aug  1 19:42:24 2025 daemon.info dnsmasq-dhcp[1]: DHCPACK(br-lan) 15.0.0.175 e4:5f:01:07:6a:c2 tm11
Fri Aug  1 19:55:19 2025 daemon.notice hostapd: phy1-ap0: AP-STA-POLL-OK dc:a6:32:ce:0b:86
Fri Aug  1 19:55:27 2025 daemon.notice hostapd: phy1-ap0: AP-STA-POLL-OK e4:5f:01:07:6a:c2
Fri Aug  1 20:05:28 2025 daemon.notice hostapd: phy1-ap0: AP-STA-POLL-OK e4:5f:01:07:6a:c2
Fri Aug  1 20:05:33 2025 daemon.notice hostapd: phy1-ap0: AP-STA-POLL-OK dc:a6:32:c8:17:1a
Fri Aug  1 20:05:33 2025 daemon.notice hostapd: phy1-ap0: AP-STA-POLL-OK dc:a6:32:c8:2c:68
Fri Aug  1 20:05:36 2025 daemon.notice hostapd: phy1-ap0: AP-STA-POLL-OK dc:a6:32:ce:0b:86
Fri Aug  1 20:13:20 2025 daemon.notice hostapd: phy1-ap0: AP-STA-POLL-OK dc:a6:32:c8:2c:68
Fri Aug  1 20:13:28 2025 daemon.notice hostapd: phy1-ap0: AP-STA-POLL-OK dc:a6:32:ce:0b:86
Fri Aug  1 20:13:30 2025 daemon.notice hostapd: phy1-ap0: AP-STA-POLL-OK dc:a6:32:c8:17:1a
Fri Aug  1 20:22:08 2025 daemon.notice hostapd: phy1-ap0: AP-STA-DISCONNECTED dc:a6:32:ce:0b:86
Fri Aug  1 20:22:08 2025 daemon.info hostapd: phy1-ap0: STA dc:a6:32:ce:0b:86 IEEE 802.11: disassociated
Fri Aug  1 20:22:09 2025 daemon.info hostapd: phy1-ap0: STA dc:a6:32:ce:0b:86 IEEE 802.11: deauthenticated due to inactivity (timer DEAUTH/REMOVE)
Fri Aug  1 20:22:32 2025 daemon.notice hostapd: phy1-ap0: AP-STA-DISCONNECTED e4:5f:01:07:6a:c2
Fri Aug  1 20:22:33 2025 daemon.info hostapd: phy1-ap0: STA e4:5f:01:07:6a:c2 IEEE 802.11: disassociated
Fri Aug  1 20:22:34 2025 daemon.info hostapd: phy1-ap0: STA e4:5f:01:07:6a:c2 IEEE 802.11: deauthenticated due to inactivity (timer DEAUTH/REMOVE)
Fri Aug  1 20:22:34 2025 daemon.notice hostapd: phy1-ap0: AP-STA-DISCONNECTED dc:a6:32:c8:2c:68
Fri Aug  1 20:22:34 2025 daemon.info hostapd: phy1-ap0: STA dc:a6:32:c8:2c:68 IEEE 802.11: disassociated
Fri Aug  1 20:22:35 2025 daemon.info hostapd: phy1-ap0: STA dc:a6:32:c8:2c:68 IEEE 802.11: deauthenticated due to inactivity (timer DEAUTH/REMOVE)
Fri Aug  1 20:22:35 2025 daemon.notice hostapd: phy1-ap0: AP-STA-DISCONNECTED dc:a6:32:c8:17:1a
Fri Aug  1 20:22:36 2025 daemon.info hostapd: phy1-ap0: STA dc:a6:32:c8:17:1a IEEE 802.11: disassociated
Fri Aug  1 20:22:37 2025 daemon.info hostapd: phy1-ap0: STA dc:a6:32:c8:17:1a IEEE 802.11: deauthenticated due to inactivity (timer DEAUTH/REMOVE)
Fri Aug  1 20:22:53 2025 daemon.info hostapd: phy1-ap0: STA dc:a6:32:ce:0b:86 IEEE 802.11: authenticated
Fri Aug  1 20:22:53 2025 daemon.info hostapd: phy1-ap0: STA dc:a6:32:ce:0b:86 IEEE 802.11: associated (aid 2)
Fri Aug  1 20:22:53 2025 daemon.notice hostapd: phy1-ap0: AP-STA-CONNECTED dc:a6:32:ce:0b:86 auth_alg=open
Fri Aug  1 20:22:53 2025 daemon.info hostapd: phy1-ap0: STA dc:a6:32:ce:0b:86 WPA: pairwise key handshake completed (RSN)
Fri Aug  1 20:22:53 2025 daemon.notice hostapd: phy1-ap0: EAPOL-4WAY-HS-COMPLETED dc:a6:32:ce:0b:86
Fri Aug  1 20:22:54 2025 daemon.info dnsmasq-dhcp[1]: DHCPREQUEST(br-lan) 15.0.0.135 dc:a6:32:ce:0b:85
Fri Aug  1 20:22:54 2025 daemon.info dnsmasq-dhcp[1]: DHCPACK(br-lan) 15.0.0.135 dc:a6:32:ce:0b:85 tm07
Fri Aug  1 20:22:55 2025 daemon.info dnsmasq-dhcp[1]: DHCPDISCOVER(br-lan) 15.0.0.136 dc:a6:32:ce:0b:86
Fri Aug  1 20:22:55 2025 daemon.info dnsmasq-dhcp[1]: DHCPOFFER(br-lan) 15.0.0.136 dc:a6:32:ce:0b:86
Fri Aug  1 20:22:55 2025 daemon.info dnsmasq-dhcp[1]: DHCPREQUEST(br-lan) 15.0.0.136 dc:a6:32:ce:0b:86
Fri Aug  1 20:22:55 2025 daemon.info dnsmasq-dhcp[1]: DHCPACK(br-lan) 15.0.0.136 dc:a6:32:ce:0b:86 tm07
Fri Aug  1 20:23:16 2025 daemon.info hostapd: phy1-ap0: STA e4:5f:01:07:6a:c2 IEEE 802.11: authenticated
Fri Aug  1 20:23:16 2025 daemon.info hostapd: phy1-ap0: STA e4:5f:01:07:6a:c2 IEEE 802.11: associated (aid 3)
Fri Aug  1 20:23:16 2025 daemon.notice hostapd: phy1-ap0: AP-STA-CONNECTED e4:5f:01:07:6a:c2 auth_alg=open
Fri Aug  1 20:23:16 2025 daemon.info hostapd: phy1-ap0: STA e4:5f:01:07:6a:c2 WPA: pairwise key handshake completed (RSN)
Fri Aug  1 20:23:16 2025 daemon.notice hostapd: phy1-ap0: EAPOL-4WAY-HS-COMPLETED e4:5f:01:07:6a:c2
Fri Aug  1 20:23:17 2025 daemon.info dnsmasq-dhcp[1]: DHCPREQUEST(br-lan) 15.0.0.174 e4:5f:01:07:6a:c1
Fri Aug  1 20:23:17 2025 daemon.info dnsmasq-dhcp[1]: DHCPACK(br-lan) 15.0.0.174 e4:5f:01:07:6a:c1 tm11
Fri Aug  1 20:23:18 2025 daemon.info dnsmasq-dhcp[1]: DHCPDISCOVER(br-lan) 15.0.0.175 e4:5f:01:07:6a:c2
Fri Aug  1 20:23:18 2025 daemon.info dnsmasq-dhcp[1]: DHCPOFFER(br-lan) 15.0.0.175 e4:5f:01:07:6a:c2
Fri Aug  1 20:23:18 2025 daemon.info dnsmasq-dhcp[1]: DHCPREQUEST(br-lan) 15.0.0.175 e4:5f:01:07:6a:c2
Fri Aug  1 20:23:18 2025 daemon.info dnsmasq-dhcp[1]: DHCPACK(br-lan) 15.0.0.175 e4:5f:01:07:6a:c2 tm11
Fri Aug  1 20:23:20 2025 daemon.info hostapd: phy1-ap0: STA dc:a6:32:c8:2c:68 IEEE 802.11: authenticated
Fri Aug  1 20:23:20 2025 daemon.info hostapd: phy1-ap0: STA dc:a6:32:c8:2c:68 IEEE 802.11: associated (aid 4)
Fri Aug  1 20:23:20 2025 daemon.notice hostapd: phy1-ap0: AP-STA-CONNECTED dc:a6:32:c8:2c:68 auth_alg=open
Fri Aug  1 20:23:20 2025 daemon.info hostapd: phy1-ap0: STA dc:a6:32:c8:2c:68 WPA: pairwise key handshake completed (RSN)
Fri Aug  1 20:23:20 2025 daemon.notice hostapd: phy1-ap0: EAPOL-4WAY-HS-COMPLETED dc:a6:32:c8:2c:68
Fri Aug  1 20:23:20 2025 daemon.info hostapd: phy1-ap0: STA dc:a6:32:c8:17:1a IEEE 802.11: authenticated
Fri Aug  1 20:23:20 2025 daemon.info hostapd: phy1-ap0: STA dc:a6:32:c8:17:1a IEEE 802.11: associated (aid 5)
Fri Aug  1 20:23:20 2025 daemon.info dnsmasq-dhcp[1]: DHCPREQUEST(br-lan) 15.0.0.191 dc:a6:32:c8:2c:67
Fri Aug  1 20:23:20 2025 daemon.info dnsmasq-dhcp[1]: DHCPACK(br-lan) 15.0.0.191 dc:a6:32:c8:2c:67 tm08
Fri Aug  1 20:23:20 2025 daemon.notice hostapd: phy1-ap0: AP-STA-CONNECTED dc:a6:32:c8:17:1a auth_alg=open
Fri Aug  1 20:23:20 2025 daemon.info hostapd: phy1-ap0: STA dc:a6:32:c8:17:1a WPA: pairwise key handshake completed (RSN)
Fri Aug  1 20:23:20 2025 daemon.notice hostapd: phy1-ap0: EAPOL-4WAY-HS-COMPLETED dc:a6:32:c8:17:1a
Fri Aug  1 20:23:21 2025 daemon.info dnsmasq-dhcp[1]: DHCPREQUEST(br-lan) 15.0.0.134 dc:a6:32:c8:17:19
Fri Aug  1 20:23:21 2025 daemon.info dnsmasq-dhcp[1]: DHCPACK(br-lan) 15.0.0.134 dc:a6:32:c8:17:19 tm10
Fri Aug  1 20:23:22 2025 daemon.info dnsmasq-dhcp[1]: DHCPDISCOVER(br-lan) 15.0.0.192 dc:a6:32:c8:2c:68
Fri Aug  1 20:23:22 2025 daemon.info dnsmasq-dhcp[1]: DHCPOFFER(br-lan) 15.0.0.192 dc:a6:32:c8:2c:68
Fri Aug  1 20:23:22 2025 daemon.info dnsmasq-dhcp[1]: DHCPREQUEST(br-lan) 15.0.0.192 dc:a6:32:c8:2c:68
Fri Aug  1 20:23:22 2025 daemon.info dnsmasq-dhcp[1]: DHCPACK(br-lan) 15.0.0.192 dc:a6:32:c8:2c:68 tm08
Fri Aug  1 20:23:22 2025 daemon.info dnsmasq-dhcp[1]: DHCPDISCOVER(br-lan) 15.0.0.137 dc:a6:32:c8:17:1a
Fri Aug  1 20:23:22 2025 daemon.info dnsmasq-dhcp[1]: DHCPOFFER(br-lan) 15.0.0.137 dc:a6:32:c8:17:1a
Fri Aug  1 20:23:22 2025 daemon.info dnsmasq-dhcp[1]: DHCPREQUEST(br-lan) 15.0.0.137 dc:a6:32:c8:17:1a
Fri Aug  1 20:23:22 2025 daemon.info dnsmasq-dhcp[1]: DHCPACK(br-lan) 15.0.0.137 dc:a6:32:c8:17:1a tm10
Fri Aug  1 20:29:39 2025 daemon.notice hostapd: phy1-ap0: AP-STA-POLL-OK dc:a6:32:c8:17:1a
Fri Aug  1 20:35:47 2025 daemon.notice hostapd: phy1-ap0: AP-STA-POLL-OK dc:a6:32:c8:17:1a
Fri Aug  1 20:35:49 2025 daemon.notice hostapd: phy1-ap0: AP-STA-POLL-OK e4:5f:01:07:6a:c2
Fri Aug  1 20:35:50 2025 daemon.notice hostapd: phy1-ap0: AP-STA-POLL-OK dc:a6:32:ce:0b:86
Fri Aug  1 20:35:51 2025 daemon.notice hostapd: phy1-ap0: AP-STA-POLL-OK dc:a6:32:c8:2c:68
Fri Aug  1 20:44:10 2025 daemon.notice hostapd: phy1-ap0: AP-STA-POLL-OK dc:a6:32:ce:0b:86
Fri Aug  1 20:44:18 2025 daemon.notice hostapd: phy1-ap0: AP-STA-POLL-OK e4:5f:01:07:6a:c2
Fri Aug  1 20:44:21 2025 daemon.notice hostapd: phy1-ap0: AP-STA-POLL-OK dc:a6:32:c8:17:1a
Fri Aug  1 20:44:24 2025 daemon.notice hostapd: phy1-ap0: AP-STA-POLL-OK dc:a6:32:c8:2c:68
Fri Aug  1 20:50:20 2025 daemon.notice hostapd: phy1-ap0: AP-STA-POLL-OK dc:a6:32:c8:17:1a
Fri Aug  1 21:04:46 2025 daemon.notice hostapd: phy1-ap0: AP-STA-POLL-OK dc:a6:32:c8:17:1a
Fri Aug  1 21:12:51 2025 daemon.notice hostapd: phy1-ap0: AP-STA-POLL-OK e4:5f:01:07:6a:c2
Fri Aug  1 21:13:03 2025 daemon.notice hostapd: phy1-ap0: AP-STA-POLL-OK dc:a6:32:ce:0b:86
Fri Aug  1 21:13:06 2025 daemon.notice hostapd: phy1-ap0: AP-STA-POLL-OK dc:a6:32:c8:2c:68
Fri Aug  1 21:13:07 2025 daemon.notice hostapd: phy1-ap0: AP-STA-POLL-OK dc:a6:32:c8:17:1a
Fri Aug  1 21:22:16 2025 daemon.notice hostapd: phy1-ap0: AP-STA-POLL-OK dc:a6:32:ce:0b:86
Fri Aug  1 21:22:17 2025 daemon.notice hostapd: phy1-ap0: AP-STA-POLL-OK dc:a6:32:c8:2c:68
Fri Aug  1 21:22:19 2025 daemon.notice hostapd: phy1-ap0: AP-STA-POLL-OK e4:5f:01:07:6a:c2
Fri Aug  1 21:29:13 2025 daemon.notice hostapd: phy1-ap0: AP-STA-POLL-OK dc:a6:32:c8:17:1a
Fri Aug  1 21:30:19 2025 daemon.notice hostapd: phy1-ap0: AP-STA-POLL-OK dc:a6:32:ce:0b:86
Fri Aug  1 21:31:48 2025 daemon.notice hostapd: phy1-ap0: AP-STA-POLL-OK e4:5f:01:07:6a:c2
Fri Aug  1 21:32:09 2025 daemon.notice hostapd: phy1-ap0: AP-STA-POLL-OK dc:a6:32:c8:2c:68
Fri Aug  1 21:37:42 2025 daemon.notice hostapd: phy1-ap0: AP-STA-POLL-OK dc:a6:32:ce:0b:86
Fri Aug  1 21:37:44 2025 daemon.notice hostapd: phy1-ap0: AP-STA-POLL-OK dc:a6:32:c8:2c:68
Fri Aug  1 21:37:45 2025 daemon.notice hostapd: phy1-ap0: AP-STA-POLL-OK e4:5f:01:07:6a:c2
Fri Aug  1 21:39:10 2025 daemon.notice hostapd: phy1-ap0: AP-STA-POLL-OK dc:a6:32:c8:17:1a
Fri Aug  1 21:49:09 2025 daemon.notice hostapd: phy1-ap0: AP-STA-POLL-OK dc:a6:32:c8:17:1a
Fri Aug  1 21:49:18 2025 daemon.notice hostapd: phy1-ap0: AP-STA-POLL-OK dc:a6:32:ce:0b:86
Fri Aug  1 21:49:20 2025 daemon.notice hostapd: phy1-ap0: AP-STA-POLL-OK dc:a6:32:c8:2c:68
Fri Aug  1 21:49:20 2025 daemon.notice hostapd: phy1-ap0: AP-STA-POLL-OK e4:5f:01:07:6a:c2
Fri Aug  1 21:54:27 2025 daemon.notice hostapd: phy1-ap0: AP-STA-POLL-OK dc:a6:32:c8:17:1a
Fri Aug  1 21:55:49 2025 daemon.notice hostapd: phy1-ap0: AP-STA-POLL-OK dc:a6:32:ce:0b:86
Fri Aug  1 22:05:59 2025 daemon.notice hostapd: phy1-ap0: AP-STA-POLL-OK e4:5f:01:07:6a:c2
Fri Aug  1 22:06:03 2025 daemon.notice hostapd: phy1-ap0: AP-STA-POLL-OK dc:a6:32:ce:0b:86
Fri Aug  1 22:06:05 2025 daemon.notice hostapd: phy1-ap0: AP-STA-POLL-OK dc:a6:32:c8:17:1a
Fri Aug  1 22:06:14 2025 daemon.notice hostapd: phy1-ap0: AP-STA-POLL-OK dc:a6:32:c8:2c:68
Fri Aug  1 22:11:47 2025 daemon.notice hostapd: phy1-ap0: AP-STA-POLL-OK dc:a6:32:ce:0b:86
Fri Aug  1 22:11:50 2025 daemon.notice hostapd: phy1-ap0: AP-STA-POLL-OK dc:a6:32:c8:2c:68
Fri Aug  1 22:11:51 2025 daemon.notice hostapd: phy1-ap0: AP-STA-POLL-OK e4:5f:01:07:6a:c2
Fri Aug  1 22:11:55 2025 daemon.notice hostapd: phy1-ap0: AP-STA-POLL-OK dc:a6:32:c8:17:1a
Fri Aug  1 22:31:05 2025 daemon.notice hostapd: phy1-ap0: AP-STA-POLL-OK dc:a6:32:c8:17:1a
Fri Aug  1 22:31:19 2025 daemon.err uhttpd[1919]: [info] luci: accepted login on / for root from 13.0.0.75
Fri Aug  1 22:33:23 2025 daemon.notice hostapd: phy1-ap0: AP-STA-POLL-OK dc:a6:32:ce:0b:86
Fri Aug  1 22:33:41 2025 daemon.notice hostapd: phy1-ap0: AP-STA-POLL-OK e4:5f:01:07:6a:c2
Fri Aug  1 22:40:06 2025 daemon.notice hostapd: phy1-ap0: AP-STA-POLL-OK dc:a6:32:c8:17:1a
Fri Aug  1 22:40:19 2025 daemon.notice hostapd: phy1-ap0: AP-STA-POLL-OK dc:a6:32:ce:0b:86
Fri Aug  1 22:40:20 2025 daemon.notice hostapd: phy1-ap0: AP-STA-POLL-OK dc:a6:32:c8:2c:68
Fri Aug  1 22:40:21 2025 daemon.notice hostapd: phy1-ap0: AP-STA-POLL-OK e4:5f:01:07:6a:c2
Fri Aug  1 22:45:57 2025 daemon.notice hostapd: phy1-ap0: AP-STA-POLL-OK dc:a6:32:ce:0b:86
Fri Aug  1 22:46:00 2025 daemon.notice hostapd: phy1-ap0: AP-STA-POLL-OK dc:a6:32:c8:2c:68
Fri Aug  1 22:46:07 2025 daemon.notice hostapd: phy1-ap0: AP-STA-POLL-OK e4:5f:01:07:6a:c2
Fri Aug  1 22:46:09 2025 daemon.notice hostapd: phy1-ap0: AP-STA-POLL-OK dc:a6:32:c8:17:1a
Fri Aug  1 22:57:13 2025 daemon.notice hostapd: phy1-ap0: AP-STA-POLL-OK dc:a6:32:c8:17:1a
Fri Aug  1 23:02:42 2025 daemon.notice hostapd: phy1-ap0: AP-STA-POLL-OK dc:a6:32:c8:2c:68
Fri Aug  1 23:02:42 2025 daemon.notice hostapd: phy1-ap0: AP-STA-POLL-OK e4:5f:01:07:6a:c2
Fri Aug  1 23:02:58 2025 daemon.notice hostapd: phy1-ap0: AP-STA-POLL-OK dc:a6:32:c8:17:1a
Fri Aug  1 23:02:58 2025 daemon.notice hostapd: phy1-ap0: AP-STA-POLL-OK dc:a6:32:ce:0b:86
Fri Aug  1 23:09:20 2025 daemon.notice hostapd: phy1-ap0: AP-STA-POLL-OK dc:a6:32:c8:2c:68
Fri Aug  1 23:09:23 2025 daemon.notice hostapd: phy1-ap0: AP-STA-POLL-OK dc:a6:32:ce:0b:86
Fri Aug  1 23:09:26 2025 daemon.notice hostapd: phy1-ap0: AP-STA-POLL-OK e4:5f:01:07:6a:c2
Fri Aug  1 23:09:34 2025 daemon.notice hostapd: phy1-ap0: AP-STA-POLL-OK dc:a6:32:c8:17:1a
Fri Aug  1 23:17:07 2025 daemon.notice hostapd: phy1-ap0: AP-STA-POLL-OK dc:a6:32:ce:0b:86
Fri Aug  1 23:26:31 2025 authpriv.info dropbear[8016]: Child connection from 13.0.0.250:33130
Fri Aug  1 23:26:37 2025 authpriv.info dropbear[8016]: Exit before auth from <13.0.0.250:33130>: (user 'root', 0 fails): Exited normally
Fri Aug  1 23:26:54 2025 authpriv.info dropbear[8017]: Child connection from 13.0.0.250:45818
Fri Aug  1 23:26:56 2025 authpriv.info dropbear[8017]: Exit before auth from <13.0.0.250:45818>: (user 'root', 0 fails): Exited normally
Fri Aug  1 23:26:56 2025 authpriv.info dropbear[8018]: Child connection from 13.0.0.250:45832
Fri Aug  1 23:27:01 2025 authpriv.notice dropbear[8018]: Password auth succeeded for 'root' from 13.0.0.250:45832
Fri Aug  1 23:27:01 2025 authpriv.info dropbear[8018]: Exit (root) from <13.0.0.250:45832>: Disconnect received
Fri Aug  1 23:27:04 2025 authpriv.info dropbear[8023]: Child connection from 13.0.0.250:55152
Fri Aug  1 23:27:04 2025 authpriv.notice dropbear[8023]: Pubkey auth succeeded for 'root' with ssh-ed25519 key SHA256:py7eW8VcMpu4K3iMaNxjKgIR7alYHM6v1KfUj1GhWfw from 13.0.0.250:55152
Fri Aug  1 23:27:04 2025 authpriv.info dropbear[8023]: Exit (root) from <13.0.0.250:55152>: Disconnect received
Fri Aug  1 23:27:04 2025 authpriv.info dropbear[8025]: Child connection from 13.0.0.250:55162
Fri Aug  1 23:27:04 2025 authpriv.notice dropbear[8025]: Pubkey auth succeeded for 'root' with ssh-ed25519 key SHA256:py7eW8VcMpu4K3iMaNxjKgIR7alYHM6v1KfUj1GhWfw from 13.0.0.250:55162
Fri Aug  1 23:27:04 2025 authpriv.info dropbear[8025]: Exit (root) from <13.0.0.250:55162>: Disconnect received
Fri Aug  1 23:27:04 2025 authpriv.info dropbear[8028]: Child connection from 13.0.0.250:55172
Fri Aug  1 23:27:05 2025 authpriv.notice dropbear[8028]: Pubkey auth succeeded for 'root' with ssh-ed25519 key SHA256:py7eW8VcMpu4K3iMaNxjKgIR7alYHM6v1KfUj1GhWfw from 13.0.0.250:55172
Fri Aug  1 23:27:05 2025 authpriv.info dropbear[8028]: Exit (root) from <13.0.0.250:55172>: Disconnect received
Fri Aug  1 23:27:05 2025 authpriv.info dropbear[8031]: Child connection from 13.0.0.250:55184
Fri Aug  1 23:27:05 2025 authpriv.notice dropbear[8031]: Pubkey auth succeeded for 'root' with ssh-ed25519 key SHA256:py7eW8VcMpu4K3iMaNxjKgIR7alYHM6v1KfUj1GhWfw from 13.0.0.250:55184
Fri Aug  1 23:27:05 2025 authpriv.info dropbear[8031]: Exit (root) from <13.0.0.250:55184>: Disconnect received
Fri Aug  1 23:27:05 2025 authpriv.info dropbear[8034]: Child connection from 13.0.0.250:55196
Fri Aug  1 23:27:05 2025 authpriv.notice dropbear[8034]: Pubkey auth succeeded for 'root' with ssh-ed25519 key SHA256:py7eW8VcMpu4K3iMaNxjKgIR7alYHM6v1KfUj1GhWfw from 13.0.0.250:55196
Fri Aug  1 23:27:05 2025 authpriv.info dropbear[8034]: Exit (root) from <13.0.0.250:55196>: Disconnect received
Fri Aug  1 23:27:05 2025 authpriv.info dropbear[8037]: Child connection from 13.0.0.250:55200
Fri Aug  1 23:27:05 2025 authpriv.notice dropbear[8037]: Pubkey auth succeeded for 'root' with ssh-ed25519 key SHA256:py7eW8VcMpu4K3iMaNxjKgIR7alYHM6v1KfUj1GhWfw from 13.0.0.250:55200
Fri Aug  1 23:27:06 2025 authpriv.info dropbear[8037]: Exit (root) from <13.0.0.250:55200>: Disconnect received
Fri Aug  1 23:27:06 2025 authpriv.info dropbear[8040]: Child connection from 13.0.0.250:55206
Fri Aug  1 23:27:06 2025 authpriv.notice dropbear[8040]: Pubkey auth succeeded for 'root' with ssh-ed25519 key SHA256:py7eW8VcMpu4K3iMaNxjKgIR7alYHM6v1KfUj1GhWfw from 13.0.0.250:55206
Fri Aug  1 23:27:06 2025 authpriv.info dropbear[8040]: Exit (root) from <13.0.0.250:55206>: Disconnect received
Fri Aug  1 23:27:06 2025 authpriv.info dropbear[8043]: Child connection from 13.0.0.250:55210
Fri Aug  1 23:27:06 2025 authpriv.notice dropbear[8043]: Pubkey auth succeeded for 'root' with ssh-ed25519 key SHA256:py7eW8VcMpu4K3iMaNxjKgIR7alYHM6v1KfUj1GhWfw from 13.0.0.250:55210
Fri Aug  1 23:27:06 2025 authpriv.info dropbear[8043]: Exit (root) from <13.0.0.250:55210>: Disconnect received
Fri Aug  1 23:27:06 2025 authpriv.info dropbear[8046]: Child connection from 13.0.0.250:55216
Fri Aug  1 23:27:06 2025 authpriv.notice dropbear[8046]: Pubkey auth succeeded for 'root' with ssh-ed25519 key SHA256:py7eW8VcMpu4K3iMaNxjKgIR7alYHM6v1KfUj1GhWfw from 13.0.0.250:55216
Fri Aug  1 23:27:06 2025 authpriv.info dropbear[8046]: Exit (root) from <13.0.0.250:55216>: Disconnect received
Fri Aug  1 23:27:06 2025 authpriv.info dropbear[8049]: Child connection from 13.0.0.250:55224
Fri Aug  1 23:27:07 2025 authpriv.notice dropbear[8049]: Pubkey auth succeeded for 'root' with ssh-ed25519 key SHA256:py7eW8VcMpu4K3iMaNxjKgIR7alYHM6v1KfUj1GhWfw from 13.0.0.250:55224
Fri Aug  1 23:27:07 2025 authpriv.info dropbear[8049]: Exit (root) from <13.0.0.250:55224>: Disconnect received
Fri Aug  1 23:27:07 2025 authpriv.info dropbear[8052]: Child connection from 13.0.0.250:55236
Fri Aug  1 23:27:07 2025 authpriv.notice dropbear[8052]: Pubkey auth succeeded for 'root' with ssh-ed25519 key SHA256:py7eW8VcMpu4K3iMaNxjKgIR7alYHM6v1KfUj1GhWfw from 13.0.0.250:55236
Fri Aug  1 23:27:07 2025 authpriv.info dropbear[8052]: Exit (root) from <13.0.0.250:55236>: Disconnect received
Fri Aug  1 23:27:07 2025 authpriv.info dropbear[8055]: Child connection from 13.0.0.250:55246
Fri Aug  1 23:27:07 2025 authpriv.notice dropbear[8055]: Pubkey auth succeeded for 'root' with ssh-ed25519 key SHA256:py7eW8VcMpu4K3iMaNxjKgIR7alYHM6v1KfUj1GhWfw from 13.0.0.250:55246
Fri Aug  1 23:27:07 2025 authpriv.info dropbear[8055]: Exit (root) from <13.0.0.250:55246>: Disconnect received
Fri Aug  1 23:27:07 2025 authpriv.info dropbear[8058]: Child connection from 13.0.0.250:54758
Fri Aug  1 23:27:08 2025 authpriv.notice dropbear[8058]: Pubkey auth succeeded for 'root' with ssh-ed25519 key SHA256:py7eW8VcMpu4K3iMaNxjKgIR7alYHM6v1KfUj1GhWfw from 13.0.0.250:54758
Fri Aug  1 23:27:08 2025 authpriv.info dropbear[8058]: Exit (root) from <13.0.0.250:54758>: Disconnect received
Fri Aug  1 23:27:08 2025 authpriv.info dropbear[8061]: Child connection from 13.0.0.250:54762
Fri Aug  1 23:27:08 2025 authpriv.notice dropbear[8061]: Pubkey auth succeeded for 'root' with ssh-ed25519 key SHA256:py7eW8VcMpu4K3iMaNxjKgIR7alYHM6v1KfUj1GhWfw from 13.0.0.250:54762
Fri Aug  1 23:27:08 2025 authpriv.info dropbear[8061]: Exit (root) from <13.0.0.250:54762>: Disconnect received
Fri Aug  1 23:27:08 2025 authpriv.info dropbear[8064]: Child connection from 13.0.0.250:54778
Fri Aug  1 23:27:08 2025 authpriv.notice dropbear[8064]: Pubkey auth succeeded for 'root' with ssh-ed25519 key SHA256:py7eW8VcMpu4K3iMaNxjKgIR7alYHM6v1KfUj1GhWfw from 13.0.0.250:54778
Fri Aug  1 23:27:08 2025 authpriv.info dropbear[8064]: Exit (root) from <13.0.0.250:54778>: Disconnect received
Fri Aug  1 23:27:08 2025 authpriv.info dropbear[8067]: Child connection from 13.0.0.250:54794
Fri Aug  1 23:27:09 2025 authpriv.notice dropbear[8067]: Pubkey auth succeeded for 'root' with ssh-ed25519 key SHA256:py7eW8VcMpu4K3iMaNxjKgIR7alYHM6v1KfUj1GhWfw from 13.0.0.250:54794
Fri Aug  1 23:27:09 2025 authpriv.info dropbear[8067]: Exit (root) from <13.0.0.250:54794>: Disconnect received
Fri Aug  1 23:27:09 2025 authpriv.info dropbear[8071]: Child connection from 13.0.0.250:54808
Fri Aug  1 23:27:09 2025 authpriv.notice dropbear[8071]: Pubkey auth succeeded for 'root' with ssh-ed25519 key SHA256:py7eW8VcMpu4K3iMaNxjKgIR7alYHM6v1KfUj1GhWfw from 13.0.0.250:54808
Fri Aug  1 23:27:09 2025 authpriv.info dropbear[8071]: Exit (root) from <13.0.0.250:54808>: Disconnect received
Fri Aug  1 23:27:09 2025 authpriv.info dropbear[8073]: Child connection from 13.0.0.250:54820
Fri Aug  1 23:27:09 2025 authpriv.notice dropbear[8073]: Pubkey auth succeeded for 'root' with ssh-ed25519 key SHA256:py7eW8VcMpu4K3iMaNxjKgIR7alYHM6v1KfUj1GhWfw from 13.0.0.250:54820
Fri Aug  1 23:27:09 2025 authpriv.info dropbear[8073]: Exit (root) from <13.0.0.250:54820>: Disconnect received
Fri Aug  1 23:27:09 2025 authpriv.info dropbear[8075]: Child connection from 13.0.0.250:54830
Fri Aug  1 23:27:10 2025 authpriv.notice dropbear[8075]: Pubkey auth succeeded for 'root' with ssh-ed25519 key SHA256:py7eW8VcMpu4K3iMaNxjKgIR7alYHM6v1KfUj1GhWfw from 13.0.0.250:54830
Fri Aug  1 23:27:10 2025 authpriv.info dropbear[8075]: Exit (root) from <13.0.0.250:54830>: Disconnect received
Fri Aug  1 23:27:10 2025 authpriv.info dropbear[8077]: Child connection from 13.0.0.250:54838
Fri Aug  1 23:27:10 2025 authpriv.notice dropbear[8077]: Pubkey auth succeeded for 'root' with ssh-ed25519 key SHA256:py7eW8VcMpu4K3iMaNxjKgIR7alYHM6v1KfUj1GhWfw from 13.0.0.250:54838
Fri Aug  1 23:27:10 2025 authpriv.info dropbear[8077]: Exit (root) from <13.0.0.250:54838>: Disconnect received
Fri Aug  1 23:27:10 2025 authpriv.info dropbear[8079]: Child connection from 13.0.0.250:54840
Fri Aug  1 23:27:10 2025 authpriv.notice dropbear[8079]: Pubkey auth succeeded for 'root' with ssh-ed25519 key SHA256:py7eW8VcMpu4K3iMaNxjKgIR7alYHM6v1KfUj1GhWfw from 13.0.0.250:54840
Fri Aug  1 23:27:10 2025 authpriv.info dropbear[8079]: Exit (root) from <13.0.0.250:54840>: Disconnect received
Fri Aug  1 23:27:10 2025 authpriv.info dropbear[8081]: Child connection from 13.0.0.250:54852
Fri Aug  1 23:27:11 2025 authpriv.notice dropbear[8081]: Pubkey auth succeeded for 'root' with ssh-ed25519 key SHA256:py7eW8VcMpu4K3iMaNxjKgIR7alYHM6v1KfUj1GhWfw from 13.0.0.250:54852
Fri Aug  1 23:27:11 2025 authpriv.info dropbear[8081]: Exit (root) from <13.0.0.250:54852>: Disconnect received
Fri Aug  1 23:27:11 2025 authpriv.info dropbear[8083]: Child connection from 13.0.0.250:54866
Fri Aug  1 23:27:11 2025 authpriv.notice dropbear[8083]: Pubkey auth succeeded for 'root' with ssh-ed25519 key SHA256:py7eW8VcMpu4K3iMaNxjKgIR7alYHM6v1KfUj1GhWfw from 13.0.0.250:54866
Fri Aug  1 23:27:11 2025 authpriv.info dropbear[8083]: Exit (root) from <13.0.0.250:54866>: Disconnect received
Fri Aug  1 23:27:11 2025 authpriv.info dropbear[8085]: Child connection from 13.0.0.250:54878
Fri Aug  1 23:27:11 2025 authpriv.notice dropbear[8085]: Pubkey auth succeeded for 'root' with ssh-ed25519 key SHA256:py7eW8VcMpu4K3iMaNxjKgIR7alYHM6v1KfUj1GhWfw from 13.0.0.250:54878
Fri Aug  1 23:27:11 2025 authpriv.info dropbear[8085]: Exit (root) from <13.0.0.250:54878>: Disconnect received
Fri Aug  1 23:27:11 2025 authpriv.info dropbear[8087]: Child connection from 13.0.0.250:54890
Fri Aug  1 23:27:12 2025 authpriv.notice dropbear[8087]: Pubkey auth succeeded for 'root' with ssh-ed25519 key SHA256:py7eW8VcMpu4K3iMaNxjKgIR7alYHM6v1KfUj1GhWfw from 13.0.0.250:54890
Fri Aug  1 23:27:12 2025 authpriv.info dropbear[8087]: Exit (root) from <13.0.0.250:54890>: Disconnect received
Fri Aug  1 23:27:12 2025 authpriv.info dropbear[8089]: Child connection from 13.0.0.250:54894
Fri Aug  1 23:27:12 2025 authpriv.notice dropbear[8089]: Pubkey auth succeeded for 'root' with ssh-ed25519 key SHA256:py7eW8VcMpu4K3iMaNxjKgIR7alYHM6v1KfUj1GhWfw from 13.0.0.250:54894
Fri Aug  1 23:27:12 2025 authpriv.info dropbear[8089]: Exit (root) from <13.0.0.250:54894>: Disconnect received
Fri Aug  1 23:27:12 2025 authpriv.info dropbear[8091]: Child connection from 13.0.0.250:54910
Fri Aug  1 23:27:12 2025 authpriv.notice dropbear[8091]: Pubkey auth succeeded for 'root' with ssh-ed25519 key SHA256:py7eW8VcMpu4K3iMaNxjKgIR7alYHM6v1KfUj1GhWfw from 13.0.0.250:54910
Fri Aug  1 23:27:12 2025 authpriv.info dropbear[8091]: Exit (root) from <13.0.0.250:54910>: Disconnect received
Fri Aug  1 23:27:12 2025 authpriv.info dropbear[8093]: Child connection from 13.0.0.250:54926
Fri Aug  1 23:27:13 2025 authpriv.notice dropbear[8093]: Pubkey auth succeeded for 'root' with ssh-ed25519 key SHA256:py7eW8VcMpu4K3iMaNxjKgIR7alYHM6v1KfUj1GhWfw from 13.0.0.250:54926
Fri Aug  1 23:27:13 2025 authpriv.info dropbear[8093]: Exit (root) from <13.0.0.250:54926>: Disconnect received
Fri Aug  1 23:27:13 2025 authpriv.info dropbear[8095]: Child connection from 13.0.0.250:54932
Fri Aug  1 23:27:13 2025 authpriv.notice dropbear[8095]: Pubkey auth succeeded for 'root' with ssh-ed25519 key SHA256:py7eW8VcMpu4K3iMaNxjKgIR7alYHM6v1KfUj1GhWfw from 13.0.0.250:54932
Fri Aug  1 23:27:13 2025 authpriv.info dropbear[8095]: Exit (root) from <13.0.0.250:54932>: Disconnect received
Fri Aug  1 23:27:13 2025 authpriv.info dropbear[8097]: Child connection from 13.0.0.250:54944
Fri Aug  1 23:27:13 2025 authpriv.notice dropbear[8097]: Pubkey auth succeeded for 'root' with ssh-ed25519 key SHA256:py7eW8VcMpu4K3iMaNxjKgIR7alYHM6v1KfUj1GhWfw from 13.0.0.250:54944
Fri Aug  1 23:27:13 2025 authpriv.info dropbear[8097]: Exit (root) from <13.0.0.250:54944>: Disconnect received
Fri Aug  1 23:27:13 2025 authpriv.info dropbear[8099]: Child connection from 13.0.0.250:54960
Fri Aug  1 23:27:14 2025 authpriv.notice dropbear[8099]: Pubkey auth succeeded for 'root' with ssh-ed25519 key SHA256:py7eW8VcMpu4K3iMaNxjKgIR7alYHM6v1KfUj1GhWfw from 13.0.0.250:54960
Fri Aug  1 23:27:14 2025 authpriv.info dropbear[8099]: Exit (root) from <13.0.0.250:54960>: Disconnect received
Fri Aug  1 23:27:14 2025 authpriv.info dropbear[8101]: Child connection from 13.0.0.250:54962
Fri Aug  1 23:27:14 2025 authpriv.notice dropbear[8101]: Pubkey auth succeeded for 'root' with ssh-ed25519 key SHA256:py7eW8VcMpu4K3iMaNxjKgIR7alYHM6v1KfUj1GhWfw from 13.0.0.250:54962
Fri Aug  1 23:27:14 2025 authpriv.info dropbear[8101]: Exit (root) from <13.0.0.250:54962>: Disconnect received
Fri Aug  1 23:27:14 2025 authpriv.info dropbear[8103]: Child connection from 13.0.0.250:54974
Fri Aug  1 23:27:14 2025 authpriv.notice dropbear[8103]: Pubkey auth succeeded for 'root' with ssh-ed25519 key SHA256:py7eW8VcMpu4K3iMaNxjKgIR7alYHM6v1KfUj1GhWfw from 13.0.0.250:54974
Fri Aug  1 23:27:14 2025 authpriv.info dropbear[8103]: Exit (root) from <13.0.0.250:54974>: Disconnect received
Fri Aug  1 23:27:14 2025 authpriv.info dropbear[8105]: Child connection from 13.0.0.250:54982
Fri Aug  1 23:27:15 2025 authpriv.notice dropbear[8105]: Pubkey auth succeeded for 'root' with ssh-ed25519 key SHA256:py7eW8VcMpu4K3iMaNxjKgIR7alYHM6v1KfUj1GhWfw from 13.0.0.250:54982
Fri Aug  1 23:27:15 2025 authpriv.info dropbear[8105]: Exit (root) from <13.0.0.250:54982>: Disconnect received
Fri Aug  1 23:27:15 2025 authpriv.info dropbear[8107]: Child connection from 13.0.0.250:54990
Fri Aug  1 23:27:15 2025 authpriv.notice dropbear[8107]: Pubkey auth succeeded for 'root' with ssh-ed25519 key SHA256:py7eW8VcMpu4K3iMaNxjKgIR7alYHM6v1KfUj1GhWfw from 13.0.0.250:54990
Fri Aug  1 23:27:15 2025 authpriv.info dropbear[8107]: Exit (root) from <13.0.0.250:54990>: Disconnect received
Fri Aug  1 23:27:15 2025 authpriv.info dropbear[8109]: Child connection from 13.0.0.250:55000
Fri Aug  1 23:27:15 2025 authpriv.notice dropbear[8109]: Pubkey auth succeeded for 'root' with ssh-ed25519 key SHA256:py7eW8VcMpu4K3iMaNxjKgIR7alYHM6v1KfUj1GhWfw from 13.0.0.250:55000
Fri Aug  1 23:27:15 2025 authpriv.info dropbear[8109]: Exit (root) from <13.0.0.250:55000>: Disconnect received
Fri Aug  1 23:27:15 2025 authpriv.info dropbear[8111]: Child connection from 13.0.0.250:55004
Fri Aug  1 23:27:15 2025 authpriv.notice dropbear[8111]: Pubkey auth succeeded for 'root' with ssh-ed25519 key SHA256:py7eW8VcMpu4K3iMaNxjKgIR7alYHM6v1KfUj1GhWfw from 13.0.0.250:55004
Fri Aug  1 23:27:16 2025 authpriv.info dropbear[8111]: Exit (root) from <13.0.0.250:55004>: Disconnect received
Fri Aug  1 23:27:16 2025 authpriv.info dropbear[8115]: Child connection from 13.0.0.250:55010
Fri Aug  1 23:27:16 2025 authpriv.notice dropbear[8115]: Pubkey auth succeeded for 'root' with ssh-ed25519 key SHA256:py7eW8VcMpu4K3iMaNxjKgIR7alYHM6v1KfUj1GhWfw from 13.0.0.250:55010
Fri Aug  1 23:27:16 2025 authpriv.info dropbear[8115]: Exit (root) from <13.0.0.250:55010>: Disconnect received
Fri Aug  1 23:27:16 2025 authpriv.info dropbear[8117]: Child connection from 13.0.0.250:55012
Fri Aug  1 23:27:16 2025 authpriv.notice dropbear[8117]: Pubkey auth succeeded for 'root' with ssh-ed25519 key SHA256:py7eW8VcMpu4K3iMaNxjKgIR7alYHM6v1KfUj1GhWfw from 13.0.0.250:55012
Fri Aug  1 23:27:16 2025 authpriv.info dropbear[8117]: Exit (root) from <13.0.0.250:55012>: Disconnect received
Fri Aug  1 23:27:16 2025 authpriv.info dropbear[8119]: Child connection from 13.0.0.250:55020
Fri Aug  1 23:27:17 2025 authpriv.notice dropbear[8119]: Pubkey auth succeeded for 'root' with ssh-ed25519 key SHA256:py7eW8VcMpu4K3iMaNxjKgIR7alYHM6v1KfUj1GhWfw from 13.0.0.250:55020
Fri Aug  1 23:27:17 2025 authpriv.info dropbear[8119]: Exit (root) from <13.0.0.250:55020>: Disconnect received
Fri Aug  1 23:27:17 2025 authpriv.info dropbear[8121]: Child connection from 13.0.0.250:55034
Fri Aug  1 23:27:17 2025 authpriv.notice dropbear[8121]: Pubkey auth succeeded for 'root' with ssh-ed25519 key SHA256:py7eW8VcMpu4K3iMaNxjKgIR7alYHM6v1KfUj1GhWfw from 13.0.0.250:55034
Fri Aug  1 23:27:17 2025 authpriv.info dropbear[8121]: Exit (root) from <13.0.0.250:55034>: Disconnect received
Fri Aug  1 23:27:17 2025 authpriv.info dropbear[8133]: Child connection from 13.0.0.250:55046
Fri Aug  1 23:27:17 2025 authpriv.notice dropbear[8133]: Pubkey auth succeeded for 'root' with ssh-ed25519 key SHA256:py7eW8VcMpu4K3iMaNxjKgIR7alYHM6v1KfUj1GhWfw from 13.0.0.250:55046
