[    0.000000] Linux version 6.6.86 (builder@buildhost) (mipsel-openwrt-linux-musl-gcc (OpenWrt GCC 13.3.0 r28597-0425664679) 13.3.0, GNU ld (GNU Binutils) 2.42) #0 SMP Sun Apr 13 16:38:32 2025
[    0.000000] SoC Type: MediaTek MT7621 ver:1 eco:3
[    0.000000] printk: bootconsole [early0] enabled
[    0.000000] CPU0 revision is: 0001992f (MIPS 1004Kc)
[    0.000000] MIPS: machine is Linksys EA7500 v2
[    0.000000] Initrd not found or empty - disabling initrd
[    0.000000] VPE topology {2,2} total 4
[    0.000000] Primary instruction cache 32kB, VIPT, 4-way, linesize 32 bytes.
[    0.000000] Primary data cache 32kB, 4-way, PIPT, no aliases, linesize 32 bytes
[    0.000000] MIPS secondary cache 256kB, 8-way, linesize 32 bytes.
[    0.000000] Zone ranges:
[    0.000000]   Normal   [mem 0x0000000000000000-0x000000000fffffff]
[    0.000000] Movable zone start for each node
[    0.000000] Early memory node ranges
[    0.000000]   node   0: [mem 0x0000000000000000-0x000000000fffffff]
[    0.000000] Initmem setup node 0 [mem 0x0000000000000000-0x000000000fffffff]
[    0.000000] percpu: Embedded 12 pages/cpu s19136 r8192 d21824 u49152
[    0.000000] pcpu-alloc: s19136 r8192 d21824 u49152 alloc=12*4096
[    0.000000] pcpu-alloc: [0] 0 [0] 1 [0] 2 [0] 3 
[    0.000000] Kernel command line: console=ttyS0,115200 rootfstype=squashfs,jffs2
[    0.000000] Dentry cache hash table entries: 32768 (order: 5, 131072 bytes, linear)
[    0.000000] Inode-cache hash table entries: 16384 (order: 4, 65536 bytes, linear)
[    0.000000] Writing ErrCtl register=0000360e
[    0.000000] Readback ErrCtl register=0000360e
[    0.000000] Built 1 zonelists, mobility grouping on.  Total pages: 64960
[    0.000000] mem auto-init: stack:off, heap alloc:off, heap free:off
[    0.000000] Memory: 247816K/262144K available (8369K kernel code, 655K rwdata, 1016K rodata, 1276K init, 229K bss, 14328K reserved, 0K cma-reserved)
[    0.000000] SLUB: HWalign=32, Order=0-3, MinObjects=0, CPUs=4, Nodes=1
[    0.000000] rcu: Hierarchical RCU implementation.
[    0.000000] 	Tracing variant of Tasks RCU enabled.
[    0.000000] rcu: RCU calculated value of scheduler-enlistment delay is 10 jiffies.
[    0.000000] NR_IRQS: 256
[    0.000000] rcu: srcu_init: Setting srcu_struct sizes based on contention.
[    0.000000] clocksource: GIC: mask: 0xffffffffffffffff max_cycles: 0xcaf478abb4, max_idle_ns: 440795247997 ns
[    0.000004] sched_clock: 64 bits at 880MHz, resolution 1ns, wraps every 4398046511103ns
[    0.008076] Calibrating delay loop... 586.13 BogoMIPS (lpj=2930688)
[    0.066226] pid_max: default: 32768 minimum: 301
[    0.079663] Mount-cache hash table entries: 1024 (order: 0, 4096 bytes, linear)
[    0.086903] Mountpoint-cache hash table entries: 1024 (order: 0, 4096 bytes, linear)
[    0.103527] RCU Tasks Trace: Setting shift to 2 and lim to 1 rcu_task_cb_adjust=1 rcu_task_cpu_ids=4.
[    0.113365] rcu: Hierarchical SRCU implementation.
[    0.118064] rcu: 	Max phase no-delay instances is 1000.
[    0.124130] smp: Bringing up secondary CPUs ...
[    0.129517] Primary instruction cache 32kB, VIPT, 4-way, linesize 32 bytes.
[    0.129544] Primary data cache 32kB, 4-way, PIPT, no aliases, linesize 32 bytes
[    0.129559] MIPS secondary cache 256kB, 8-way, linesize 32 bytes.
[    0.129609] CPU1 revision is: 0001992f (MIPS 1004Kc)
[    0.183580] Synchronize counters for CPU 1: done.
[    0.216172] Primary instruction cache 32kB, VIPT, 4-way, linesize 32 bytes.
[    0.216195] Primary data cache 32kB, 4-way, PIPT, no aliases, linesize 32 bytes
[    0.216208] MIPS secondary cache 256kB, 8-way, linesize 32 bytes.
[    0.216239] CPU2 revision is: 0001992f (MIPS 1004Kc)
[    0.275147] Synchronize counters for CPU 2: done.
[    0.305846] Primary instruction cache 32kB, VIPT, 4-way, linesize 32 bytes.
[    0.305867] Primary data cache 32kB, 4-way, PIPT, no aliases, linesize 32 bytes
[    0.305880] MIPS secondary cache 256kB, 8-way, linesize 32 bytes.
[    0.305915] CPU3 revision is: 0001992f (MIPS 1004Kc)
[    0.360348] Synchronize counters for CPU 3: done.
[    0.390213] smp: Brought up 1 node, 4 CPUs
[    0.401337] clocksource: jiffies: mask: 0xffffffff max_cycles: 0xffffffff, max_idle_ns: 19112604462750000 ns
[    0.411149] futex hash table entries: 1024 (order: 3, 32768 bytes, linear)
[    0.421964] pinctrl core: initialized pinctrl subsystem
[    0.430097] NET: Registered PF_NETLINK/PF_ROUTE protocol family
[    0.436778] thermal_sys: Registered thermal governor 'step_wise'
[    0.438526] /pinctrl: Fixed dependency cycle(s) with /pinctrl/pinctrl0
[    0.454935] FPU Affinity set after 11720 emulations
[    0.466362] clocksource: Switched to clocksource GIC
[    0.481413] NET: Registered PF_INET protocol family
[    0.486561] IP idents hash table entries: 4096 (order: 3, 32768 bytes, linear)
[    0.495516] tcp_listen_portaddr_hash hash table entries: 512 (order: 0, 4096 bytes, linear)
[    0.503871] Table-perturb hash table entries: 65536 (order: 6, 262144 bytes, linear)
[    0.511567] TCP established hash table entries: 2048 (order: 1, 8192 bytes, linear)
[    0.519201] TCP bind hash table entries: 2048 (order: 3, 32768 bytes, linear)
[    0.526433] TCP: Hash tables configured (established 2048 bind 2048)
[    0.533710] MPTCP token hash table entries: 256 (order: 0, 4096 bytes, linear)
[    0.541229] UDP hash table entries: 256 (order: 1, 8192 bytes, linear)
[    0.547734] UDP-Lite hash table entries: 256 (order: 1, 8192 bytes, linear)
[    0.555602] NET: Registered PF_UNIX/PF_LOCAL protocol family
[    0.561322] PCI: CLS 0 bytes, default 32
[    0.568900] workingset: timestamp_bits=14 max_order=16 bucket_order=2
[    0.576519] squashfs: version 4.0 (2009/01/31) Phillip Lougher
[    0.582263] jffs2: version 2.2 (NAND) (SUMMARY) (LZMA) (RTIME) (CMODE_PRIORITY) (c) 2001-2006 Red Hat, Inc.
[    0.597922] Block layer SCSI generic (bsg) driver version 0.4 loaded (major 251)
[    0.609417] mt7621_gpio 1e000600.gpio: registering 32 gpios
[    0.615372] mt7621_gpio 1e000600.gpio: registering 32 gpios
[    0.621358] mt7621_gpio 1e000600.gpio: registering 32 gpios
[    0.627680] mt7621-pci 1e140000.pcie: host bridge /pcie@1e140000 ranges:
[    0.634325] mt7621-pci 1e140000.pcie:   No bus range found for /pcie@1e140000, using [bus 00-ff]
[    0.643125] mt7621-pci 1e140000.pcie:      MEM 0x0060000000..0x006fffffff -> 0x0060000000
[    0.651236] mt7621-pci 1e140000.pcie:       IO 0x001e160000..0x001e16ffff -> 0x0000000000
[    1.016366] mt7621-pci 1e140000.pcie: pcie2 no card, disable it (RST & CLK)
[    1.023269] mt7621-pci 1e140000.pcie: PCIE0 enabled
[    1.028154] mt7621-pci 1e140000.pcie: PCIE1 enabled
[    1.033130] PCI coherence region base: 0x60000000, mask/settings: 0xf0000002
[    1.040280] mt7621-pci 1e140000.pcie: PCI host bridge to bus 0000:00
[    1.046606] pci_bus 0000:00: root bus resource [bus 00-ff]
[    1.052014] pci_bus 0000:00: root bus resource [mem 0x60000000-0x6fffffff]
[    1.058867] pci_bus 0000:00: root bus resource [io  0x0000-0xffff]
[    1.065025] pci 0000:00:00.0: [0e8d:0801] type 01 class 0x060400
[    1.070982] pci 0000:00:00.0: reg 0x10: [mem 0x00000000-0x7fffffff]
[    1.077217] pci 0000:00:00.0: reg 0x14: [mem 0x00000000-0x0000ffff]
[    1.083456] pci 0000:00:00.0: supports D1
[    1.087400] pci 0000:00:00.0: PME# supported from D0 D1 D3hot
[    1.093825] pci 0000:00:01.0: [0e8d:0801] type 01 class 0x060400
[    1.099868] pci 0000:00:01.0: reg 0x10: [mem 0x00000000-0x7fffffff]
[    1.106057] pci 0000:00:01.0: reg 0x14: [mem 0x00000000-0x0000ffff]
[    1.112382] pci 0000:00:01.0: supports D1
[    1.116300] pci 0000:00:01.0: PME# supported from D0 D1 D3hot
[    1.124037] pci 0000:00:00.0: bridge configuration invalid ([bus 00-00]), reconfiguring
[    1.132032] pci 0000:00:01.0: bridge configuration invalid ([bus 00-00]), reconfiguring
[    1.140307] pci 0000:01:00.0: [14c3:7615] type 00 class 0x000280
[    1.146270] pci 0000:01:00.0: reg 0x10: [mem 0x00000000-0x000fffff 64bit]
[    1.153190] pci 0000:01:00.0: 2.000 Gb/s available PCIe bandwidth, limited by 2.5 GT/s PCIe x1 link at 0000:00:00.0 (capable of 4.000 Gb/s with 5.0 GT/s PCIe x1 link)
[    1.168235] pci 0000:00:00.0: PCI bridge to [bus 01-ff]
[    1.173394] pci 0000:00:00.0:   bridge window [io  0x0000-0x0fff]
[    1.179478] pci 0000:00:00.0:   bridge window [mem 0x00000000-0x000fffff]
[    1.186166] pci 0000:00:00.0:   bridge window [mem 0x00000000-0x000fffff pref]
[    1.193370] pci_bus 0000:01: busn_res: [bus 01-ff] end is updated to 01
[    1.200252] pci 0000:02:00.0: [14c3:7615] type 00 class 0x000280
[    1.206213] pci 0000:02:00.0: reg 0x10: [mem 0x00000000-0x000fffff 64bit]
[    1.213128] pci 0000:02:00.0: 2.000 Gb/s available PCIe bandwidth, limited by 2.5 GT/s PCIe x1 link at 0000:00:01.0 (capable of 4.000 Gb/s with 5.0 GT/s PCIe x1 link)
[    1.228207] pci 0000:00:01.0: PCI bridge to [bus 02-ff]
[    1.233364] pci 0000:00:01.0:   bridge window [io  0x0000-0x0fff]
[    1.239449] pci 0000:00:01.0:   bridge window [mem 0x00000000-0x000fffff]
[    1.246137] pci 0000:00:01.0:   bridge window [mem 0x00000000-0x000fffff pref]
[    1.253340] pci_bus 0000:02: busn_res: [bus 02-ff] end is updated to 02
[    1.259959] pci 0000:00:00.0: BAR 0: no space for [mem size 0x80000000]
[    1.266507] pci 0000:00:00.0: BAR 0: failed to assign [mem size 0x80000000]
[    1.273387] pci 0000:00:01.0: BAR 0: no space for [mem size 0x80000000]
[    1.279978] pci 0000:00:01.0: BAR 0: failed to assign [mem size 0x80000000]
[    1.286901] pci 0000:00:00.0: BAR 8: assigned [mem 0x60000000-0x600fffff]
[    1.293604] pci 0000:00:00.0: BAR 9: assigned [mem 0x60100000-0x601fffff pref]
[    1.300807] pci 0000:00:01.0: BAR 8: assigned [mem 0x60200000-0x602fffff]
[    1.307546] pci 0000:00:01.0: BAR 9: assigned [mem 0x60300000-0x603fffff pref]
[    1.314686] pci 0000:00:00.0: BAR 1: assigned [mem 0x60400000-0x6040ffff]
[    1.321471] pci 0000:00:01.0: BAR 1: assigned [mem 0x60410000-0x6041ffff]
[    1.328198] pci 0000:00:00.0: BAR 7: assigned [io  0x0000-0x0fff]
[    1.334212] pci 0000:00:01.0: BAR 7: assigned [io  0x1000-0x1fff]
[    1.340301] pci 0000:01:00.0: BAR 0: assigned [mem 0x60000000-0x600fffff 64bit]
[    1.347560] pci 0000:00:00.0: PCI bridge to [bus 01]
[    1.352443] pci 0000:00:00.0:   bridge window [io  0x0000-0x0fff]
[    1.358522] pci 0000:00:00.0:   bridge window [mem 0x60000000-0x600fffff]
[    1.365230] pci 0000:00:00.0:   bridge window [mem 0x60100000-0x601fffff pref]
[    1.372437] pci 0000:02:00.0: BAR 0: assigned [mem 0x60200000-0x602fffff 64bit]
[    1.379709] pci 0000:00:01.0: PCI bridge to [bus 02]
[    1.384583] pci 0000:00:01.0:   bridge window [io  0x1000-0x1fff]
[    1.390661] pci 0000:00:01.0:   bridge window [mem 0x60200000-0x602fffff]
[    1.397400] pci 0000:00:01.0:   bridge window [mem 0x60300000-0x603fffff pref]
[    1.406223] Serial: 8250/16550 driver, 16 ports, IRQ sharing enabled
[    1.422052] printk: console [ttyS0] disabled
[    1.427446] 1e000c00.uartlite: ttyS0 at MMIO 0x1e000c00 (irq = 18, base_baud = 3125000) is a 16550A
[    1.436551] printk: console [ttyS0] enabled
[    1.444821] printk: bootconsole [early0] disabled
[    1.458490] nand: device found, Manufacturer ID: 0xc2, Chip ID: 0xf1
[    1.464855] nand: Macronix MX30LF1G18AC
[    1.468753] nand: 128 MiB, SLC, erase size: 128 KiB, page size: 2048, OOB size: 64
[    1.476369] mt7621-nand 1e003000.nand: ECC strength adjusted to 4 bits
[    1.483641] read_bbt: found bbt at block 1023
[    1.488536] 11 fixed-partitions partitions found on MTD device mt7621-nand
[    1.495425] Creating 11 MTD partitions on "mt7621-nand":
[    1.500763] 0x000000000000-0x000000080000 : "boot"
[    1.510816] 0x000000080000-0x0000000c0000 : "u_env"
[    1.518834] 0x0000000c0000-0x000000100000 : "factory"
[    1.527550] 0x000000100000-0x000000140000 : "s_env"
[    1.535394] 0x000000140000-0x000000180000 : "devinfo"
[    1.543720] 0x000000180000-0x000000580000 : "kernel"
[    1.578287] 0x000000580000-0x000002980000 : "ubi"
[    1.836951] 0x000002980000-0x000002d80000 : "alt_kernel"
[    1.871840] 0x000002d80000-0x000005180000 : "alt_rootfs"
[    2.131230] 0x000005180000-0x000005280000 : "sysdiag"
[    2.144659] 0x000005280000-0x000007f80000 : "syscfg"
[    2.607880] mtk_soc_eth 1e100000.ethernet: generated random MAC address 65:74:68:25:64:00
[    2.616097] mtk_soc_eth 1e100000.ethernet: generated random MAC address 65:74:68:25:64:00
[    2.626031] mt7530-mdio mdio-bus:1f: MT7530 adapts as multi-chip module
[    2.640619] mtk_soc_eth 1e100000.ethernet eth0: mediatek frame engine at 0xbe100000, irq 19
[    2.652074] mtk_soc_eth 1e100000.ethernet eth1: mediatek frame engine at 0xbe100000, irq 19
[    2.662116] i2c_dev: i2c /dev entries driver
[    2.670654] NET: Registered PF_INET6 protocol family
[    2.678920] Segment Routing with IPv6
[    2.682674] In-situ OAM (IOAM) with IPv6
[    2.686752] NET: Registered PF_PACKET protocol family
[    2.691851] bridge: filtering via arp/ip/ip6tables is no longer available by default. Update your scripts to load br_netfilter if you need this.
[    2.705313] 8021q: 802.1Q VLAN Support v1.8
[    2.739789] mt7530-mdio mdio-bus:1f: MT7530 adapts as multi-chip module
[    2.773745] mt7530-mdio mdio-bus:1f: configuring for fixed/rgmii link mode
[    2.782266] mt7530-mdio mdio-bus:1f lan1 (uninitialized): PHY [mt7530-0:01] driver [MediaTek MT7530 PHY] (irq=21)
[    2.795137] mt7530-mdio mdio-bus:1f: Link is Up - 1Gbps/Full - flow control rx/tx
[    2.797327] mt7530-mdio mdio-bus:1f lan2 (uninitialized): PHY [mt7530-0:02] driver [MediaTek MT7530 PHY] (irq=22)
[    2.815809] mt7530-mdio mdio-bus:1f lan3 (uninitialized): PHY [mt7530-0:03] driver [MediaTek MT7530 PHY] (irq=23)
[    2.828872] mt7530-mdio mdio-bus:1f lan4 (uninitialized): PHY [mt7530-0:04] driver [MediaTek MT7530 PHY] (irq=24)
[    2.841356] mtk_soc_eth 1e100000.ethernet eth0: entered promiscuous mode
[    2.848273] DSA: tree 0 setup
[    2.853284] UBI: auto-attach mtd6
[    2.856709] ubi0: attaching mtd6
[    3.367963] ubi0: scanning is finished
[    3.384083] ubi0: attached mtd6 (name "ubi", size 36 MiB)
[    3.389597] ubi0: PEB size: 131072 bytes (128 KiB), LEB size: 126976 bytes
[    3.396484] ubi0: min./max. I/O unit sizes: 2048/2048, sub-page size 2048
[    3.403246] ubi0: VID header offset: 2048 (aligned 2048), data offset: 4096
[    3.410209] ubi0: good PEBs: 287, bad PEBs: 1, corrupted PEBs: 0
[    3.416195] ubi0: user volume: 2, internal volumes: 1, max. volumes count: 128
[    3.423409] ubi0: max/mean erase counter: 15/9, WL threshold: 4096, image sequence number: 1665787481
[    3.432628] ubi0: available PEBs: 0, total reserved PEBs: 287, PEBs reserved for bad PEB handling: 19
[    3.441886] ubi0: background thread "ubi_bgt0d" started, PID 471
[    3.444339] block ubiblock0_0: created from ubi0:0(rootfs)
[    3.453458] ubiblock: device ubiblock0_0 (rootfs) set to be root filesystem
[    3.460702] clk: Disabling unused clocks
[    3.471957] VFS: Mounted root (squashfs filesystem) readonly on device 254:0.
[    3.483425] Freeing unused kernel image (initmem) memory: 1276K
[    3.489472] This architecture does not have kernel memory protection.
[    3.495904] Run /sbin/init as init process
[    3.500008]   with arguments:
[    3.500017]     /sbin/init
[    3.500023]   with environment:
[    3.500029]     HOME=/
[    3.500035]     TERM=linux
[    3.925949] init: Console is alive
[    3.929838] init: - watchdog -
[    4.750598] kmodloader: loading kernel modules from /etc/modules-boot.d/*
[    4.809698] usbcore: registered new interface driver usbfs
[    4.815371] usbcore: registered new interface driver hub
[    4.820878] usbcore: registered new device driver usb
[    4.827597] gpio_button_hotplug: loading out-of-tree module taints kernel.
[    4.845493] xhci-mtk 1e1c0000.xhci: supply vbus not found, using dummy regulator
[    4.853335] xhci-mtk 1e1c0000.xhci: supply vusb33 not found, using dummy regulator
[    4.861499] xhci-mtk 1e1c0000.xhci: xHCI Host Controller
[    4.866905] xhci-mtk 1e1c0000.xhci: new USB bus registered, assigned bus number 1
[    4.879437] xhci-mtk 1e1c0000.xhci: hcc params 0x01401198 hci version 0x96 quirks 0x0000000000280010
[    4.888711] xhci-mtk 1e1c0000.xhci: irq 27, io mem 0x1e1c0000
[    4.894700] xhci-mtk 1e1c0000.xhci: xHCI Host Controller
[    4.900041] xhci-mtk 1e1c0000.xhci: new USB bus registered, assigned bus number 2
[    4.907531] xhci-mtk 1e1c0000.xhci: Host supports USB 3.0 SuperSpeed
[    4.915098] hub 1-0:1.0: USB hub found
[    4.919049] hub 1-0:1.0: 2 ports detected
[    4.924222] usb usb2: We don't know the algorithms for LPM for this host, disabling LPM.
[    4.933556] hub 2-0:1.0: USB hub found
[    4.937530] hub 2-0:1.0: 1 port detected
[    4.951975] kmodloader: done loading kernel modules from /etc/modules-boot.d/*
[    4.966819] init: - preinit -
[    5.306592] usb 2-1: new SuperSpeed USB device number 2 using xhci-mtk
[    5.643832] mtk_soc_eth 1e100000.ethernet wan: renamed from eth1
[    7.086398] random: crng init done
[    7.249263] mtdblock: MTD device 'devinfo' is NAND, please consider using UBI block devices instead.
[    8.061247] mtk_soc_eth 1e100000.ethernet eth0: configuring for fixed/rgmii link mode
[    8.073898] mt7530-mdio mdio-bus:1f lan1: configuring for phy/gmii link mode
[    8.081109] mtk_soc_eth 1e100000.ethernet eth0: Link is Up - 1Gbps/Full - flow control rx/tx
[   10.847987] mt7530-mdio mdio-bus:1f lan1: Link is Up - 1Gbps/Full - flow control rx/tx
[   12.459385] UBIFS (ubi0:1): Mounting in unauthenticated mode
[   12.465369] UBIFS (ubi0:1): background thread "ubifs_bgt0_1" started, PID 669
[   12.523243] UBIFS (ubi0:1): recovery needed
[   12.668611] UBIFS (ubi0:1): recovery completed
[   12.673231] UBIFS (ubi0:1): UBIFS: mounted UBI device 0, volume 1, name "rootfs_data"
[   12.681078] UBIFS (ubi0:1): LEB size: 126976 bytes (124 KiB), min./max. I/O unit sizes: 2048 bytes/2048 bytes
[   12.690982] UBIFS (ubi0:1): FS size: 27553792 bytes (26 MiB, 217 LEBs), max 227 LEBs, journal size 1396736 bytes (1 MiB, 11 LEBs)
[   12.702624] UBIFS (ubi0:1): reserved for root: 1301433 bytes (1270 KiB)
[   12.709243] UBIFS (ubi0:1): media format: w5/r0 (latest is w5/r0), UUID 3CFFD06C-8DAC-48C1-B62F-192BA73CDE0B, small LPT model
[   12.730182] mount_root: loading kmods from internal overlay
[   12.827459] kmodloader: loading kernel modules from /tmp/overlay/upper/etc/modules-boot.d/*
[   13.045092] SCSI subsystem initialized
[   13.070691] usb-storage 2-1:1.0: USB Mass Storage device detected
[   13.077954] scsi host0: usb-storage 2-1:1.0
[   13.083086] usbcore: registered new interface driver usb-storage
[   13.093859] usbcore: registered new interface driver uas
[   13.099833] kmodloader: done loading kernel modules from /tmp/overlay/upper/etc/modules-boot.d/*
[   13.221690] block: attempting to load /tmp/overlay/upper/etc/config/fstab
[   13.236874] block: extroot: not configured
[   13.247958] block: attempting to load /tmp/ubifs_cfg/upper/etc/config/fstab
[   13.255663] block: extroot: not configured
[   13.262912] mount_root: switching to ubifs overlay
[   13.283849] urandom-seed: Seeding with /etc/urandom.seed
[   13.449013] mt7530-mdio mdio-bus:1f lan1: Link is Down
[   13.476620] procd: - early -
[   13.479732] procd: - watchdog -
[   14.100322] procd: - watchdog -
[   14.106896] procd: - ubus -
[   14.128382] scsi 0:0:0:0: Direct-Access      USB      SanDisk 3.2Gen1 1.00 PQ: 0 ANSI: 6
[   14.152221] sd 0:0:0:0: [sda] 120176640 512-byte logical blocks: (61.5 GB/57.3 GiB)
[   14.171050] sd 0:0:0:0: [sda] Write Protect is off
[   14.175951] sd 0:0:0:0: [sda] Mode Sense: 43 00 00 00
[   14.177138] sd 0:0:0:0: [sda] Write cache: disabled, read cache: enabled, doesn't support DPO or FUA
[   14.234242]  sda: sda1
[   14.237766] sd 0:0:0:0: [sda] Attached SCSI removable disk
[   14.278001] procd: - init -
[   15.340039] kmodloader: loading kernel modules from /etc/modules.d/*
[   15.425284] mtk-eip93 1e004000.crypto: EIP93 Crypto Engine Initialized.
[   15.957279] tun: Universal TUN/TAP device driver, 1.6
[   15.977307] Loading modules backported from Linux version v6.12.6-0-ge9d65b48ce1a
[   15.984799] Backport generated by backports.git v6.1.110-1-35-g410656ef04d2
[   16.200439] pci 0000:00:00.0: enabling device (0000 -> 0003)
[   16.206129] mt7615e 0000:01:00.0: enabling device (0000 -> 0002)
[   16.222648] mt7615e 0000:01:00.0: registering led 'mt76-phy0'
[   16.277595] ieee80211 phy0: Selected rate control algorithm 'minstrel_ht'
[   16.280340] pci 0000:00:01.0: enabling device (0000 -> 0003)
[   16.286050] mt7615e 0000:02:00.0: enabling device (0000 -> 0002)
[   16.300735] mt7615e 0000:01:00.0: HW/SW Version: 0x8a108a10, Build Time: 20180518100604a
[   16.300735] 
[   16.314851] mt7615e 0000:02:00.0: registering led 'mt76-phy1'
[   16.492207] ieee80211 phy1: Selected rate control algorithm 'minstrel_ht'
[   16.492266] ieee80211 phy1: copying sband (band 1) due to VHT EXT NSS BW flag
[   16.524614] mt7615e 0000:01:00.0: N9 Firmware Version: _reserved_, Build Time: 20200814163649
[   16.533915] EXT4-fs (sda1): recovery complete
[   16.537704] urngd: v1.0.2 started.
[   16.538676] EXT4-fs (sda1): mounted filesystem 82e69763-c18c-49c0-beb1-8485bf3e6efb r/w with ordered data mode. Quota mode: disabled.
[   16.554515] mt7615e 0000:02:00.0: HW/SW Version: 0x8a108a10, Build Time: 20180518100604a
[   16.554515] 
[   16.559861] mt7615e 0000:01:00.0: CR4 Firmware Version: _reserved_, Build Time: 20190415154149
[   16.602262] mt7615e 0000:02:00.0: N9 Firmware Version: _reserved_, Build Time: 20200814163649
[   16.610451] PPP generic driver version 2.4.2
[   16.619288] NET: Registered PF_PPPOX protocol family
[   16.634815] mt7615e 0000:02:00.0: CR4 Firmware Version: _reserved_, Build Time: 20190415154149
[   16.635120] kmodloader: done loading kernel modules from /etc/modules.d/*
[   17.484613] mtdblock: MTD device 'devinfo' is NAND, please consider using UBI block devices instead.
[   18.157010] mtdblock: MTD device 'devinfo' is NAND, please consider using UBI block devices instead.
[   26.729742] mtk_soc_eth 1e100000.ethernet eth0: Link is Down
[   26.756247] mtk_soc_eth 1e100000.ethernet eth0: configuring for fixed/rgmii link mode
[   26.764611] mtk_soc_eth 1e100000.ethernet eth0: Link is Up - 1Gbps/Full - flow control rx/tx
[   26.772976] mt7530-mdio mdio-bus:1f lan1: configuring for phy/gmii link mode
[   26.782114] br-lan: port 1(lan1) entered blocking state
[   26.787524] br-lan: port 1(lan1) entered disabled state
[   26.792865] mt7530-mdio mdio-bus:1f lan1: entered allmulticast mode
[   26.799249] mtk_soc_eth 1e100000.ethernet eth0: entered allmulticast mode
[   26.809438] mt7530-mdio mdio-bus:1f lan1: entered promiscuous mode
[   26.840778] mt7530-mdio mdio-bus:1f lan2: configuring for phy/gmii link mode
[   26.850650] br-lan: port 2(lan2) entered blocking state
[   26.855946] br-lan: port 2(lan2) entered disabled state
[   26.861418] mt7530-mdio mdio-bus:1f lan2: entered allmulticast mode
[   26.870186] mt7530-mdio mdio-bus:1f lan2: entered promiscuous mode
[   26.885309] mt7530-mdio mdio-bus:1f lan3: configuring for phy/gmii link mode
[   26.893727] br-lan: port 3(lan3) entered blocking state
[   26.899172] br-lan: port 3(lan3) entered disabled state
[   26.904619] mt7530-mdio mdio-bus:1f lan3: entered allmulticast mode
[   26.915272] mt7530-mdio mdio-bus:1f lan3: entered promiscuous mode
[   26.933757] mt7530-mdio mdio-bus:1f lan4: configuring for phy/gmii link mode
[   26.943316] br-lan: port 4(lan4) entered blocking state
[   26.948812] br-lan: port 4(lan4) entered disabled state
[   26.954186] mt7530-mdio mdio-bus:1f lan4: entered allmulticast mode
[   26.964399] mt7530-mdio mdio-bus:1f lan4: entered promiscuous mode
[   26.998610] mtk_soc_eth 1e100000.ethernet wan: PHY [mt7530-0:00] driver [MediaTek MT7530 PHY] (irq=POLL)
[   27.008391] mtk_soc_eth 1e100000.ethernet wan: configuring for phy/rgmii link mode
[   29.579074] mt7530-mdio mdio-bus:1f lan1: Link is Up - 1Gbps/Full - flow control rx/tx
[   30.047005] br-lan: port 1(lan1) entered blocking state
[   30.052290] br-lan: port 1(lan1) entered forwarding state
[   30.061045] br-lan: port 5(phy0-ap0) entered blocking state
[   30.066779] br-lan: port 5(phy0-ap0) entered disabled state
[   30.072466] mt7615e 0000:01:00.0 phy0-ap0: entered allmulticast mode
[   30.079594] mt7615e 0000:01:00.0 phy0-ap0: entered promiscuous mode
[   31.008228] br-lan: port 5(phy0-ap0) entered blocking state
[   31.013860] br-lan: port 5(phy0-ap0) entered forwarding state
[   32.066499] br-lan: port 5(phy0-ap0) entered disabled state
[   33.669074] phy0-sta0: authenticate with 48:41:7b:59:44:64 (local address=5a:ef:68:bc:a0:69)
[   33.677617] phy0-sta0: send auth to 48:41:7b:59:44:64 (try 1/3)
[   33.688793] phy0-sta0: authenticated
[   33.696478] phy0-sta0: associate with 48:41:7b:59:44:64 (try 1/3)
[   33.705447] phy0-sta0: RX AssocResp from 48:41:7b:59:44:64 (capab=0x1411 status=0 aid=12)
[   33.716174] phy0-sta0: associated
[   33.828876] phy0-sta0: Limiting TX power to 30 (30 - 0) dBm as advertised by 48:41:7b:59:44:64
[   33.976919] br-lan: port 5(phy0-ap0) entered blocking state
[   33.982597] br-lan: port 5(phy0-ap0) entered forwarding state
[  882.620376] br-lan: port 5(phy0-ap0) entered disabled state
[  882.626303] br-lan: port 1(lan1) entered disabled state
[  882.638992] mt7530-mdio mdio-bus:1f lan1: left allmulticast mode
[  882.645246] mt7530-mdio mdio-bus:1f lan1: left promiscuous mode
[  882.651746] br-lan: port 1(lan1) entered disabled state
[  882.707229] mt7530-mdio mdio-bus:1f lan1: Link is Down
[  882.715920] mt7530-mdio mdio-bus:1f lan2: left allmulticast mode
[  882.721971] mt7530-mdio mdio-bus:1f lan2: left promiscuous mode
[  882.728382] br-lan: port 2(lan2) entered disabled state
[  882.790076] mt7530-mdio mdio-bus:1f lan3: left allmulticast mode
[  882.796229] mt7530-mdio mdio-bus:1f lan3: left promiscuous mode
[  882.802536] br-lan: port 3(lan3) entered disabled state
[  882.919885] mt7530-mdio mdio-bus:1f lan4: left allmulticast mode
[  882.926034] mtk_soc_eth 1e100000.ethernet eth0: left allmulticast mode
[  882.932549] mt7530-mdio mdio-bus:1f lan4: left promiscuous mode
[  882.938855] br-lan: port 4(lan4) entered disabled state
[  882.995686] mtk_soc_eth 1e100000.ethernet eth0: Link is Down
[  883.004708] mt7615e 0000:01:00.0 phy0-ap0: left allmulticast mode
[  883.010855] mt7615e 0000:01:00.0 phy0-ap0: left promiscuous mode
[  883.017191] br-lan: port 5(phy0-ap0) entered disabled state
[  883.240360] mtk_soc_eth 1e100000.ethernet eth0: configuring for fixed/rgmii link mode
[  883.248765] mtk_soc_eth 1e100000.ethernet eth0: Link is Up - 1Gbps/Full - flow control rx/tx
[  883.256124] mt7530-mdio mdio-bus:1f lan1: configuring for phy/gmii link mode
[  883.266168] br-lan: port 1(lan1) entered blocking state
[  883.271455] br-lan: port 1(lan1) entered disabled state
[  883.276987] mt7530-mdio mdio-bus:1f lan1: entered allmulticast mode
[  883.283328] mtk_soc_eth 1e100000.ethernet eth0: entered allmulticast mode
[  883.294155] mt7530-mdio mdio-bus:1f lan1: entered promiscuous mode
[  883.307586] mt7530-mdio mdio-bus:1f lan2: configuring for phy/gmii link mode
[  883.315718] br-lan: port 2(lan2) entered blocking state
[  883.320965] br-lan: port 2(lan2) entered disabled state
[  883.326334] mt7530-mdio mdio-bus:1f lan2: entered allmulticast mode
[  883.334960] mt7530-mdio mdio-bus:1f lan2: entered promiscuous mode
[  883.346449] mt7530-mdio mdio-bus:1f lan3: configuring for phy/gmii link mode
[  883.354611] br-lan: port 3(lan3) entered blocking state
[  883.359852] br-lan: port 3(lan3) entered disabled state
[  883.365179] mt7530-mdio mdio-bus:1f lan3: entered allmulticast mode
[  883.373913] mt7530-mdio mdio-bus:1f lan3: entered promiscuous mode
[  883.385717] mt7530-mdio mdio-bus:1f lan4: configuring for phy/gmii link mode
[  883.393753] br-lan: port 4(lan4) entered blocking state
[  883.399078] br-lan: port 4(lan4) entered disabled state
[  883.404424] mt7530-mdio mdio-bus:1f lan4: entered allmulticast mode
[  883.413237] mt7530-mdio mdio-bus:1f lan4: entered promiscuous mode
[  883.425293] br-lan: port 5(phy0-ap0) entered blocking state
[  883.430896] br-lan: port 5(phy0-ap0) entered disabled state
[  883.436618] mt7615e 0000:01:00.0 phy0-ap0: entered allmulticast mode
[  883.443393] mt7615e 0000:01:00.0 phy0-ap0: entered promiscuous mode
[  883.454889] br-lan: port 5(phy0-ap0) entered blocking state
[  883.460499] br-lan: port 5(phy0-ap0) entered forwarding state
[  883.466429] br-lan: port 1(lan1) entered blocking state
[  883.471668] br-lan: port 1(lan1) entered forwarding state
[  883.644794] br-lan: port 1(lan1) entered disabled state
[  886.021289] mt7530-mdio mdio-bus:1f lan1: Link is Up - 1Gbps/Full - flow control rx/tx
[  886.029929] br-lan: port 1(lan1) entered blocking state
[  886.035322] br-lan: port 1(lan1) entered forwarding state
[  972.746568] br-lan: port 5(phy0-ap0) entered disabled state
[  972.752473] br-lan: port 1(lan1) entered disabled state
[  972.768005] mt7530-mdio mdio-bus:1f lan1: left allmulticast mode
[  972.774097] mt7530-mdio mdio-bus:1f lan1: left promiscuous mode
[  972.780771] br-lan: port 1(lan1) entered disabled state
[  972.837258] mt7530-mdio mdio-bus:1f lan1: Link is Down
[  972.845132] mt7530-mdio mdio-bus:1f lan2: left allmulticast mode
[  972.851180] mt7530-mdio mdio-bus:1f lan2: left promiscuous mode
[  972.857575] br-lan: port 2(lan2) entered disabled state
[  972.929171] mt7530-mdio mdio-bus:1f lan3: left allmulticast mode
[  972.935303] mt7530-mdio mdio-bus:1f lan3: left promiscuous mode
[  972.941643] br-lan: port 3(lan3) entered disabled state
[  973.001047] mt7530-mdio mdio-bus:1f lan4: left allmulticast mode
[  973.007167] mtk_soc_eth 1e100000.ethernet eth0: left allmulticast mode
[  973.013702] mt7530-mdio mdio-bus:1f lan4: left promiscuous mode
[  973.020087] br-lan: port 4(lan4) entered disabled state
[  973.116890] mtk_soc_eth 1e100000.ethernet eth0: Link is Down
[  973.126062] mt7615e 0000:01:00.0 phy0-ap0: left allmulticast mode
[  973.132227] mt7615e 0000:01:00.0 phy0-ap0: left promiscuous mode
[  973.138577] br-lan: port 5(phy0-ap0) entered disabled state
[  973.351609] mtk_soc_eth 1e100000.ethernet eth0: configuring for fixed/rgmii link mode
[  973.360055] mtk_soc_eth 1e100000.ethernet eth0: Link is Up - 1Gbps/Full - flow control rx/tx
[  973.364028] mt7530-mdio mdio-bus:1f lan1: configuring for phy/gmii link mode
[  973.378816] br-lan: port 1(lan1) entered blocking state
[  973.384122] br-lan: port 1(lan1) entered disabled state
[  973.389818] mt7530-mdio mdio-bus:1f lan1: entered allmulticast mode
[  973.396240] mtk_soc_eth 1e100000.ethernet eth0: entered allmulticast mode
[  973.406395] mt7530-mdio mdio-bus:1f lan1: entered promiscuous mode
[  973.422808] mt7530-mdio mdio-bus:1f lan2: configuring for phy/gmii link mode
[  973.431498] br-lan: port 2(lan2) entered blocking state
[  973.436848] br-lan: port 2(lan2) entered disabled state
[  973.442130] mt7530-mdio mdio-bus:1f lan2: entered allmulticast mode
[  973.450427] mt7530-mdio mdio-bus:1f lan2: entered promiscuous mode
[  973.462281] mt7530-mdio mdio-bus:1f lan3: configuring for phy/gmii link mode
[  973.470969] br-lan: port 3(lan3) entered blocking state
[  973.476311] br-lan: port 3(lan3) entered disabled state
[  973.481599] mt7530-mdio mdio-bus:1f lan3: entered allmulticast mode
[  973.489840] mt7530-mdio mdio-bus:1f lan3: entered promiscuous mode
[  973.501413] mt7530-mdio mdio-bus:1f lan4: configuring for phy/gmii link mode
[  973.509606] br-lan: port 4(lan4) entered blocking state
[  973.514966] br-lan: port 4(lan4) entered disabled state
[  973.520241] mt7530-mdio mdio-bus:1f lan4: entered allmulticast mode
[  973.529178] mt7530-mdio mdio-bus:1f lan4: entered promiscuous mode
[  973.540158] br-lan: port 5(phy0-ap0) entered blocking state
[  973.545876] br-lan: port 5(phy0-ap0) entered disabled state
[  973.551506] mt7615e 0000:01:00.0 phy0-ap0: entered allmulticast mode
[  973.558605] mt7615e 0000:01:00.0 phy0-ap0: entered promiscuous mode
[  973.570266] br-lan: port 5(phy0-ap0) entered blocking state
[  973.575970] br-lan: port 5(phy0-ap0) entered forwarding state
[  976.045391] mt7530-mdio mdio-bus:1f lan1: Link is Up - 1Gbps/Full - flow control rx/tx
[  976.045521] br-lan: port 1(lan1) entered blocking state
[  976.058682] br-lan: port 1(lan1) entered forwarding state
[ 1087.096040] br-lan: port 5(phy0-ap0) entered disabled state
[ 1087.101969] br-lan: port 1(lan1) entered disabled state
[ 1087.110240] mt7530-mdio mdio-bus:1f lan1: left allmulticast mode
[ 1087.116505] mt7530-mdio mdio-bus:1f lan1: left promiscuous mode
[ 1087.123039] br-lan: port 1(lan1) entered disabled state
[ 1087.257462] mt7530-mdio mdio-bus:1f lan1: Link is Down
[ 1087.265201] mt7530-mdio mdio-bus:1f lan2: left allmulticast mode
[ 1087.271321] mt7530-mdio mdio-bus:1f lan2: left promiscuous mode
[ 1087.277677] br-lan: port 2(lan2) entered disabled state
[ 1087.350350] mt7530-mdio mdio-bus:1f lan3: left allmulticast mode
[ 1087.356462] mt7530-mdio mdio-bus:1f lan3: left promiscuous mode
[ 1087.362739] br-lan: port 3(lan3) entered disabled state
[ 1087.438753] mt7530-mdio mdio-bus:1f lan4: left allmulticast mode
[ 1087.444850] mtk_soc_eth 1e100000.ethernet eth0: left allmulticast mode
[ 1087.451368] mt7530-mdio mdio-bus:1f lan4: left promiscuous mode
[ 1087.457669] br-lan: port 4(lan4) entered disabled state
[ 1087.515755] mtk_soc_eth 1e100000.ethernet eth0: Link is Down
[ 1087.525053] mt7615e 0000:01:00.0 phy0-ap0: left allmulticast mode
[ 1087.531184] mt7615e 0000:01:00.0 phy0-ap0: left promiscuous mode
[ 1087.537516] br-lan: port 5(phy0-ap0) entered disabled state
[ 1087.779930] mtk_soc_eth 1e100000.ethernet eth0: configuring for fixed/rgmii link mode
[ 1087.788289] mtk_soc_eth 1e100000.ethernet eth0: Link is Up - 1Gbps/Full - flow control rx/tx
[ 1087.793198] mt7530-mdio mdio-bus:1f lan1: configuring for phy/gmii link mode
[ 1087.806059] br-lan: port 1(lan1) entered blocking state
[ 1087.811337] br-lan: port 1(lan1) entered disabled state
[ 1087.816927] mt7530-mdio mdio-bus:1f lan1: entered allmulticast mode
[ 1087.823303] mtk_soc_eth 1e100000.ethernet eth0: entered allmulticast mode
[ 1087.833267] mt7530-mdio mdio-bus:1f lan1: entered promiscuous mode
[ 1087.847856] mt7530-mdio mdio-bus:1f lan2: configuring for phy/gmii link mode
[ 1087.856008] br-lan: port 2(lan2) entered blocking state
[ 1087.861255] br-lan: port 2(lan2) entered disabled state
[ 1087.866574] mt7530-mdio mdio-bus:1f lan2: entered allmulticast mode
[ 1087.875039] mt7530-mdio mdio-bus:1f lan2: entered promiscuous mode
[ 1087.887249] mt7530-mdio mdio-bus:1f lan3: configuring for phy/gmii link mode
[ 1087.895484] br-lan: port 3(lan3) entered blocking state
[ 1087.900731] br-lan: port 3(lan3) entered disabled state
[ 1087.906130] mt7530-mdio mdio-bus:1f lan3: entered allmulticast mode
[ 1087.915017] mt7530-mdio mdio-bus:1f lan3: entered promiscuous mode
[ 1087.926640] mt7530-mdio mdio-bus:1f lan4: configuring for phy/gmii link mode
[ 1087.934806] br-lan: port 4(lan4) entered blocking state
[ 1087.940046] br-lan: port 4(lan4) entered disabled state
[ 1087.945361] mt7530-mdio mdio-bus:1f lan4: entered allmulticast mode
[ 1087.954100] mt7530-mdio mdio-bus:1f lan4: entered promiscuous mode
[ 1087.966210] br-lan: port 5(phy0-ap0) entered blocking state
[ 1087.971812] br-lan: port 5(phy0-ap0) entered disabled state
[ 1087.977521] mt7615e 0000:01:00.0 phy0-ap0: entered allmulticast mode
[ 1087.984621] mt7615e 0000:01:00.0 phy0-ap0: entered promiscuous mode
[ 1087.995680] br-lan: port 5(phy0-ap0) entered blocking state
[ 1088.001297] br-lan: port 5(phy0-ap0) entered forwarding state
[ 1088.007256] br-lan: port 1(lan1) entered blocking state
[ 1088.012498] br-lan: port 1(lan1) entered forwarding state
[ 1088.264780] br-lan: port 1(lan1) entered disabled state
[ 1090.475250] mt7530-mdio mdio-bus:1f lan1: Link is Up - 1Gbps/Full - flow control rx/tx
[ 1090.475379] br-lan: port 1(lan1) entered blocking state
[ 1090.488533] br-lan: port 1(lan1) entered forwarding state
[ 1177.210839] br-lan: port 5(phy0-ap0) entered disabled state
[ 1177.216743] br-lan: port 1(lan1) entered disabled state
[ 1177.228782] mt7530-mdio mdio-bus:1f lan1: left allmulticast mode
[ 1177.235029] mt7530-mdio mdio-bus:1f lan1: left promiscuous mode
[ 1177.241398] br-lan: port 1(lan1) entered disabled state
[ 1177.297357] mt7530-mdio mdio-bus:1f lan1: Link is Down
[ 1177.306374] mt7530-mdio mdio-bus:1f lan2: left allmulticast mode
[ 1177.312741] mt7530-mdio mdio-bus:1f lan2: left promiscuous mode
[ 1177.319060] br-lan: port 2(lan2) entered disabled state
[ 1177.419164] mt7530-mdio mdio-bus:1f lan3: left allmulticast mode
[ 1177.425310] mt7530-mdio mdio-bus:1f lan3: left promiscuous mode
[ 1177.431561] br-lan: port 3(lan3) entered disabled state
[ 1177.500332] mt7530-mdio mdio-bus:1f lan4: left allmulticast mode
[ 1177.506454] mtk_soc_eth 1e100000.ethernet eth0: left allmulticast mode
[ 1177.512990] mt7530-mdio mdio-bus:1f lan4: left promiscuous mode
[ 1177.519249] br-lan: port 4(lan4) entered disabled state
[ 1177.596492] mtk_soc_eth 1e100000.ethernet eth0: Link is Down
[ 1177.605643] mt7615e 0000:01:00.0 phy0-ap0: left allmulticast mode
[ 1177.611816] mt7615e 0000:01:00.0 phy0-ap0: left promiscuous mode
[ 1177.618161] br-lan: port 5(phy0-ap0) entered disabled state
[ 1177.910119] mtk_soc_eth 1e100000.ethernet eth0: configuring for fixed/rgmii link mode
[ 1177.918521] mtk_soc_eth 1e100000.ethernet eth0: Link is Up - 1Gbps/Full - flow control rx/tx
[ 1177.926708] mt7530-mdio mdio-bus:1f lan1: configuring for phy/gmii link mode
[ 1177.935909] br-lan: port 1(lan1) entered blocking state
[ 1177.941209] br-lan: port 1(lan1) entered disabled state
[ 1177.946650] mt7530-mdio mdio-bus:1f lan1: entered allmulticast mode
[ 1177.952947] mtk_soc_eth 1e100000.ethernet eth0: entered allmulticast mode
[ 1177.962966] mt7530-mdio mdio-bus:1f lan1: entered promiscuous mode
[ 1177.977850] mt7530-mdio mdio-bus:1f lan2: configuring for phy/gmii link mode
[ 1177.986942] br-lan: port 2(lan2) entered blocking state
[ 1177.992229] br-lan: port 2(lan2) entered disabled state
[ 1177.997668] mt7530-mdio mdio-bus:1f lan2: entered allmulticast mode
[ 1178.005814] mt7530-mdio mdio-bus:1f lan2: entered promiscuous mode
[ 1178.017322] mt7530-mdio mdio-bus:1f lan3: configuring for phy/gmii link mode
[ 1178.025572] br-lan: port 3(lan3) entered blocking state
[ 1178.030823] br-lan: port 3(lan3) entered disabled state
[ 1178.036270] mt7530-mdio mdio-bus:1f lan3: entered allmulticast mode
[ 1178.044955] mt7530-mdio mdio-bus:1f lan3: entered promiscuous mode
[ 1178.056417] mt7530-mdio mdio-bus:1f lan4: configuring for phy/gmii link mode
[ 1178.064379] br-lan: port 4(lan4) entered blocking state
[ 1178.069703] br-lan: port 4(lan4) entered disabled state
[ 1178.075038] mt7530-mdio mdio-bus:1f lan4: entered allmulticast mode
[ 1178.083783] mt7530-mdio mdio-bus:1f lan4: entered promiscuous mode
[ 1178.095717] br-lan: port 5(phy0-ap0) entered blocking state
[ 1178.101339] br-lan: port 5(phy0-ap0) entered disabled state
[ 1178.107069] mt7615e 0000:01:00.0 phy0-ap0: entered allmulticast mode
[ 1178.113892] mt7615e 0000:01:00.0 phy0-ap0: entered promiscuous mode
[ 1178.125044] br-lan: port 5(phy0-ap0) entered blocking state
[ 1178.130651] br-lan: port 5(phy0-ap0) entered forwarding state
[ 1178.136600] br-lan: port 1(lan1) entered blocking state
[ 1178.141840] br-lan: port 1(lan1) entered forwarding state
[ 1178.305066] br-lan: port 1(lan1) entered disabled state
[ 1180.602595] mt7530-mdio mdio-bus:1f lan1: Link is Up - 1Gbps/Full - flow control rx/tx
[ 1180.602709] br-lan: port 1(lan1) entered blocking state
[ 1180.615906] br-lan: port 1(lan1) entered forwarding state
